2025-02-14 01:13:21,726 [INFO] Activator:176 - 


2025-02-14 01:13:21,743 [INFO] Activator:177 - !SESSION log4j initialized
2025-02-14 01:13:40,901 [INFO] LogOutputStream:77 - [STDOUT_REDIRECT] 
2025-02-14 01:13:44,324 [INFO] ApplicationProperties:184 - Using Application install path: /opt/st/stm32cubeide_1.17.0/plugins/com.st.stm32cube.common.mx_6.13.0.202411220809
2025-02-14 01:13:44,405 [INFO] DbMcusXml:78 - Set database path to: /opt/st/stm32cubeide_1.17.0/plugins/com.st.stm32cube.common.mx_6.13.0.202411220809//db//mcu/
2025-02-14 01:13:44,406 [INFO] ApiDb:274 - Set plugin database path to: /opt/st/stm32cubeide_1.17.0/plugins/com.st.stm32cube.common.mx_6.13.0.202411220809//db//plugins/boardmanager/
2025-02-14 01:13:44,406 [WARN] ApiDb:259 - Overriding images path with different value:  => /opt/st/stm32cubeide_1.17.0/plugins/com.st.stm32cube.common.mx_6.13.0.202411220809//db//plugins/mcufinder/images/
2025-02-14 01:13:44,515 [INFO] ApiDb:250 - Set database path to: /home/scott/.stmcufinder/plugins/mcufinder//mcu/
2025-02-14 01:13:44,518 [INFO] DbMcusAds:125 - Set database path to: /home/scott/.stmcufinder/plugins/mcufinder//mcu/
2025-02-14 01:13:44,524 [INFO] CrossReferenceDbSqlite:203 - Set database path to: /home/scott/.stmcufinder/plugins/mcufinder//mcu/cs/
2025-02-14 01:13:44,872 [INFO] RulesReader:64 - Compatibility file has been processed (297 Rules)
2025-02-14 01:13:45,302 [INFO] DbMcusXml:78 - Set database path to: /opt/st/stm32cubeide_1.17.0/plugins/com.st.stm32cube.common.mx_6.13.0.202411220809//db//mcu/
2025-02-14 01:13:45,302 [INFO] ApiDb:274 - Set plugin database path to: /opt/st/stm32cubeide_1.17.0/plugins/com.st.stm32cube.common.mx_6.13.0.202411220809//db//plugins/boardmanager/
2025-02-14 01:13:45,302 [INFO] ApiDb:261 - Set plugin images path to: /opt/st/stm32cubeide_1.17.0/plugins/com.st.stm32cube.common.mx_6.13.0.202411220809//db//plugins/mcufinder/images/
2025-02-14 01:13:45,302 [WARN] DbFile:41 - Overriding database path with different value: /home/scott/.stmcufinder/plugins/mcufinder/ => /home/scott/.stmcufinder/plugins/mcufinder
2025-02-14 01:13:45,302 [INFO] ApiDb:250 - Set database path to: /home/scott/.stmcufinder/plugins/mcufinder//mcu/
2025-02-14 01:13:45,302 [WARN] DbFile:41 - Overriding database path with different value: /home/scott/.stmcufinder/plugins/mcufinder/ => /home/scott/.stmcufinder/plugins/mcufinder
2025-02-14 01:13:45,302 [INFO] DbMcusAds:125 - Set database path to: /home/scott/.stmcufinder/plugins/mcufinder//mcu/
2025-02-14 01:13:45,303 [WARN] DbFile:41 - Overriding database path with different value: /home/scott/.stmcufinder/plugins/mcufinder/ => /home/scott/.stmcufinder/plugins/mcufinder
2025-02-14 01:13:45,303 [WARN] DbFile:41 - Overriding database path with different value: /home/scott/.stmcufinder/plugins/mcufinder/ => /home/scott/.stmcufinder/plugins/mcufinder
2025-02-14 01:13:45,303 [INFO] CrossReferenceDbSqlite:203 - Set database path to: /home/scott/.stmcufinder/plugins/mcufinder//mcu/cs/
2025-02-14 01:13:45,722 [INFO] MainPanel:272 - HeapMemory: 268435456
2025-02-14 01:13:46,777 [INFO] DbMcusXml:78 - Set database path to: /opt/st/stm32cubeide_1.17.0/plugins/com.st.stm32cube.common.mx_6.13.0.202411220809//db//mcu/
2025-02-14 01:13:46,778 [INFO] ApiDb:274 - Set plugin database path to: /opt/st/stm32cubeide_1.17.0/plugins/com.st.stm32cube.common.mx_6.13.0.202411220809//db//plugins/boardmanager/
2025-02-14 01:13:46,778 [INFO] ApiDb:261 - Set plugin images path to: /opt/st/stm32cubeide_1.17.0/plugins/com.st.stm32cube.common.mx_6.13.0.202411220809//db//plugins/mcufinder/images/
2025-02-14 01:13:46,778 [WARN] DbFile:41 - Overriding database path with different value: /home/scott/.stmcufinder/plugins/mcufinder/ => /home/scott/.stmcufinder/plugins/mcufinder
2025-02-14 01:13:46,778 [INFO] ApiDb:250 - Set database path to: /home/scott/.stmcufinder/plugins/mcufinder//mcu/
2025-02-14 01:13:46,778 [WARN] DbFile:41 - Overriding database path with different value: /home/scott/.stmcufinder/plugins/mcufinder/ => /home/scott/.stmcufinder/plugins/mcufinder
2025-02-14 01:13:46,778 [INFO] DbMcusAds:125 - Set database path to: /home/scott/.stmcufinder/plugins/mcufinder//mcu/
2025-02-14 01:13:46,778 [WARN] DbFile:41 - Overriding database path with different value: /home/scott/.stmcufinder/plugins/mcufinder/ => /home/scott/.stmcufinder/plugins/mcufinder
2025-02-14 01:13:46,779 [WARN] DbFile:41 - Overriding database path with different value: /home/scott/.stmcufinder/plugins/mcufinder/ => /home/scott/.stmcufinder/plugins/mcufinder
2025-02-14 01:13:46,779 [INFO] CrossReferenceDbSqlite:203 - Set database path to: /home/scott/.stmcufinder/plugins/mcufinder//mcu/cs/
2025-02-14 01:13:46,795 [INFO] ApplicationProperties:184 - Using Application install path: /opt/st/stm32cubeide_1.17.0/plugins/com.st.stm32cube.common.mx_6.13.0.202411220809
2025-02-14 01:13:46,797 [INFO] PluginManage:196 - Search for loadable plugins [exclusion list=, ]
2025-02-14 01:13:46,799 [INFO] PluginManage:310 - Check plugin analytics
2025-02-14 01:13:47,425 [INFO] AnalyticsPlugin:253 - Accepted Software Licenses: STM32CubeMX.6.13.0
2025-02-14 01:13:47,425 [INFO] AnalyticsPlugin:255 - Accepted CMSIS Pack Licenses: 
2025-02-14 01:13:47,426 [INFO] AnalyticsPlugin:257 - Accepted Firmware Licenses: 
2025-02-14 01:13:47,430 [INFO] PluginManage:359 - Loaded plugin analytics (category:tool,tabindex:-1)
2025-02-14 01:13:47,430 [INFO] PluginManage:310 - Check plugin cadmodel
2025-02-14 01:13:47,603 [INFO] CADModel:105 - Init CAD model plugin
2025-02-14 01:13:47,604 [INFO] PluginManage:359 - Loaded plugin cadmodel (category:power,tabindex:5)
2025-02-14 01:13:47,604 [INFO] PluginManage:310 - Check plugin clock
2025-02-14 01:13:47,889 [INFO] PluginManage:359 - Loaded plugin clock (category:base,tabindex:2)
2025-02-14 01:13:47,889 [INFO] PluginManage:310 - Check plugin ddr
2025-02-14 01:13:47,932 [INFO] PluginManage:359 - Loaded plugin ddr (category:tool,tabindex:6)
2025-02-14 01:13:47,932 [INFO] PluginManage:310 - Check plugin filemanager
2025-02-14 01:13:49,101 [INFO] PluginManage:359 - Loaded plugin filemanager (category:base,tabindex:10)
2025-02-14 01:13:49,101 [INFO] PluginManage:310 - Check plugin ipmanager
2025-02-14 01:13:49,217 [INFO] PluginManage:359 - Loaded plugin ipmanager (category:base,tabindex:5)
2025-02-14 01:13:49,217 [INFO] PluginManage:310 - Check plugin lpbam
2025-02-14 01:13:49,349 [INFO] PluginManage:359 - Loaded plugin lpbam (category:base,tabindex:0)
2025-02-14 01:13:49,349 [INFO] PluginManage:310 - Check plugin memorymap
2025-02-14 01:13:49,652 [INFO] PluginManage:359 - Loaded plugin memorymap (category:base,tabindex:4)
2025-02-14 01:13:49,652 [INFO] PluginManage:310 - Check plugin pinoutandconfiguration
2025-02-14 01:13:50,041 [INFO] PluginManage:359 - Loaded plugin pinoutandconfiguration (category:base,tabindex:1)
2025-02-14 01:13:50,041 [INFO] PluginManage:310 - Check plugin pinoutconfig
2025-02-14 01:13:50,731 [WARN] SupportedApi:132 - Cannot load RTOS API schema: s4s-elt-must-match.1: The content of 'definitions' must match (annotation?, (simpleType | complexType)?, (unique | key | keyref)*)). A problem was found starting at: attribute.
2025-02-14 01:13:51,076 [INFO] PluginManage:359 - Loaded plugin pinoutconfig (category:base,tabindex:0)
2025-02-14 01:13:51,076 [INFO] PluginManage:310 - Check plugin power
2025-02-14 01:13:51,216 [INFO] PluginManage:359 - Loaded plugin power (category:power,tabindex:4)
2025-02-14 01:13:51,217 [INFO] PluginManage:310 - Check plugin projectmanager
2025-02-14 01:13:51,304 [INFO] PluginManage:359 - Loaded plugin projectmanager (category:projectmanager,tabindex:4)
2025-02-14 01:13:51,304 [INFO] PluginManage:310 - Check plugin rif
2025-02-14 01:13:51,537 [INFO] PluginManage:359 - Loaded plugin rif (category:base,tabindex:3)
2025-02-14 01:13:51,538 [INFO] PluginManage:310 - Check plugin thirdparty
2025-02-14 01:13:52,489 [WARN] IntegrityCheckThread:84 - waiting for thirdparty lock release [integrity check]
2025-02-14 01:13:52,490 [INFO] IntegrityCheckThread:86 - entering critical section [integrity check]
2025-02-14 01:13:52,490 [INFO] PluginManage:359 - Loaded plugin thirdparty (category:base,tabindex:-1)
2025-02-14 01:13:52,490 [INFO] PluginManage:310 - Check plugin tools
2025-02-14 01:13:52,490 [INFO] ThirdPartyUpdaterWithRetryManager:70 - Updater plugin not ready yet. [1/15]
2025-02-14 01:13:52,542 [INFO] PluginManage:359 - Loaded plugin tools (category:base,tabindex:7)
2025-02-14 01:13:52,542 [INFO] PluginManage:310 - Check plugin tutovideos
2025-02-14 01:13:53,396 [INFO] PluginManage:359 - Loaded plugin tutovideos (category:base,tabindex:-1)
2025-02-14 01:13:53,396 [INFO] PluginManage:310 - Check plugin updater
2025-02-14 01:13:53,523 [INFO] PluginManage:359 - Loaded plugin updater (category:base,tabindex:12)
2025-02-14 01:13:53,523 [INFO] PluginManage:310 - Check plugin userauth
2025-02-14 01:13:53,597 [INFO] UserAuth:118 - Init User Auth plugin
2025-02-14 01:13:53,599 [INFO] PluginManage:359 - Loaded plugin userauth (category:base,tabindex:14)
2025-02-14 01:13:53,601 [INFO] PluginManage:283 - PluginManage : Loaded plugins [18]
2025-02-14 01:13:54,375 [INFO] PinOutPanel:1589 - setPackage(No Configuration,No Configuration)
2025-02-14 01:13:54,908 [INFO] CADModel:165 - CPN selected for project level
2025-02-14 01:13:54,909 [INFO] CADModel:114 - Register for checkConnection events
2025-02-14 01:13:55,056 [INFO] IPUIPlugin:80 - create IPUIPlugin
2025-02-14 01:13:55,056 [INFO] PluginManager:220 - loadIPPluginJar : add comp
2025-02-14 01:13:55,189 [INFO] IPUIPlugin:80 - create IPUIPlugin
2025-02-14 01:13:55,190 [INFO] PluginManager:220 - loadIPPluginJar : add ucpd
2025-02-14 01:13:55,194 [INFO] IPUIPlugin:80 - create IPUIPlugin
2025-02-14 01:13:55,194 [INFO] PluginManager:220 - loadIPPluginJar : add dfsdm
2025-02-14 01:13:55,243 [INFO] IPUIPlugin:80 - create IPUIPlugin
2025-02-14 01:13:55,244 [INFO] PluginManager:220 - loadIPPluginJar : add stm32_wpan
2025-02-14 01:13:55,248 [INFO] IPUIPlugin:80 - create IPUIPlugin
2025-02-14 01:13:55,249 [INFO] PluginManager:220 - loadIPPluginJar : add dma3
2025-02-14 01:13:55,251 [INFO] IPUIPlugin:80 - create IPUIPlugin
2025-02-14 01:13:55,251 [INFO] PluginManager:220 - loadIPPluginJar : add fatfs
2025-02-14 01:13:55,254 [INFO] IPUIPlugin:80 - create IPUIPlugin
2025-02-14 01:13:55,255 [INFO] PluginManager:220 - loadIPPluginJar : add spi
2025-02-14 01:13:55,467 [INFO] IPUIPlugin:80 - create IPUIPlugin
2025-02-14 01:13:55,467 [INFO] PluginManager:220 - loadIPPluginJar : add ddr_ctrl_phy
2025-02-14 01:13:55,475 [INFO] IPUIPlugin:80 - create IPUIPlugin
2025-02-14 01:13:55,475 [INFO] PluginManager:220 - loadIPPluginJar : add fmc
2025-02-14 01:13:55,491 [INFO] ThirdPartyUpdaterWithRetryManager:70 - Updater plugin not ready yet. [2/15]
2025-02-14 01:13:55,531 [INFO] IPUIPlugin:80 - create IPUIPlugin
2025-02-14 01:13:55,532 [INFO] PluginManager:220 - loadIPPluginJar : add linkedlist
2025-02-14 01:13:55,538 [INFO] IPUIPlugin:80 - create IPUIPlugin
2025-02-14 01:13:55,538 [INFO] PluginManager:220 - loadIPPluginJar : add gfxmmu
2025-02-14 01:13:55,544 [INFO] IPUIPlugin:80 - create IPUIPlugin
2025-02-14 01:13:55,544 [INFO] PluginManager:220 - loadIPPluginJar : add touchsensing
2025-02-14 01:13:55,548 [INFO] IPUIPlugin:80 - create IPUIPlugin
2025-02-14 01:13:55,548 [INFO] PluginManager:220 - loadIPPluginJar : add usart
2025-02-14 01:13:55,648 [INFO] IPUIPlugin:80 - create IPUIPlugin
2025-02-14 01:13:55,648 [INFO] PluginManager:220 - loadIPPluginJar : add gpio
2025-02-14 01:13:55,654 [INFO] IPUIPlugin:80 - create IPUIPlugin
2025-02-14 01:13:55,655 [INFO] PluginManager:220 - loadIPPluginJar : add usbx
2025-02-14 01:13:55,658 [INFO] IPUIPlugin:80 - create IPUIPlugin
2025-02-14 01:13:55,658 [INFO] PluginManager:220 - loadIPPluginJar : add ts
2025-02-14 01:13:55,663 [INFO] IPUIPlugin:80 - create IPUIPlugin
2025-02-14 01:13:55,663 [INFO] PluginManager:220 - loadIPPluginJar : add gtzc
2025-02-14 01:13:55,799 [INFO] IPUIPlugin:80 - create IPUIPlugin
2025-02-14 01:13:55,839 [INFO] PluginManager:220 - loadIPPluginJar : add plateformsettings
2025-02-14 01:13:55,845 [INFO] IPUIPlugin:80 - create IPUIPlugin
2025-02-14 01:13:55,846 [INFO] PluginManager:220 - loadIPPluginJar : add i3c
2025-02-14 01:13:55,955 [INFO] IPUIPlugin:80 - create IPUIPlugin
2025-02-14 01:13:55,956 [INFO] PluginManager:220 - loadIPPluginJar : add mdma
2025-02-14 01:13:55,961 [INFO] IPUIPlugin:80 - create IPUIPlugin
2025-02-14 01:13:55,961 [INFO] PluginManager:220 - loadIPPluginJar : add pdm2pcm
2025-02-14 01:13:56,061 [INFO] IPUIPlugin:80 - create IPUIPlugin
2025-02-14 01:13:56,062 [INFO] PluginManager:220 - loadIPPluginJar : add aes
2025-02-14 01:13:56,073 [INFO] IPUIPlugin:80 - create IPUIPlugin
2025-02-14 01:13:56,073 [INFO] PluginManager:220 - loadIPPluginJar : add gic
2025-02-14 01:13:56,077 [INFO] IPUIPlugin:80 - create IPUIPlugin
2025-02-14 01:13:56,077 [INFO] PluginManager:220 - loadIPPluginJar : add ltdc
2025-02-14 01:13:56,199 [INFO] IPUIPlugin:80 - create IPUIPlugin
2025-02-14 01:13:56,200 [INFO] PluginManager:220 - loadIPPluginJar : add resmgrutility
2025-02-14 01:13:56,203 [INFO] IPUIPlugin:80 - create IPUIPlugin
2025-02-14 01:13:56,204 [INFO] PluginManager:220 - loadIPPluginJar : add tsc
2025-02-14 01:13:56,207 [INFO] IPUIPlugin:80 - create IPUIPlugin
2025-02-14 01:13:56,207 [INFO] PluginManager:220 - loadIPPluginJar : add quadspi
2025-02-14 01:13:56,213 [INFO] IPUIPlugin:80 - create IPUIPlugin
2025-02-14 01:13:56,213 [INFO] PluginManager:220 - loadIPPluginJar : add openamp
2025-02-14 01:13:56,258 [INFO] IPUIPlugin:80 - create IPUIPlugin
2025-02-14 01:13:56,259 [INFO] PluginManager:220 - loadIPPluginJar : add nvic
2025-02-14 01:13:56,265 [INFO] IPUIPlugin:80 - create IPUIPlugin
2025-02-14 01:13:56,265 [INFO] PluginManager:220 - loadIPPluginJar : add sai
2025-02-14 01:13:56,268 [INFO] IPUIPlugin:80 - create IPUIPlugin
2025-02-14 01:13:56,269 [INFO] PluginManager:220 - loadIPPluginJar : add radio
2025-02-14 01:13:56,273 [INFO] IPUIPlugin:80 - create IPUIPlugin
2025-02-14 01:13:56,273 [INFO] PluginManager:220 - loadIPPluginJar : add lorawan
2025-02-14 01:13:56,276 [INFO] IPUIPlugin:80 - create IPUIPlugin
2025-02-14 01:13:56,276 [INFO] PluginManager:220 - loadIPPluginJar : add tim
2025-02-14 01:13:56,281 [INFO] IPUIPlugin:80 - create IPUIPlugin
2025-02-14 01:13:56,282 [INFO] PluginManager:220 - loadIPPluginJar : add cryp
2025-02-14 01:13:56,311 [INFO] IPUIPlugin:80 - create IPUIPlugin
2025-02-14 01:13:56,311 [INFO] PluginManager:220 - loadIPPluginJar : add hash
2025-02-14 01:13:56,325 [INFO] IPUIPlugin:80 - create IPUIPlugin
2025-02-14 01:13:56,325 [INFO] PluginManager:220 - loadIPPluginJar : add adc
2025-02-14 01:13:56,411 [INFO] IPUIPlugin:80 - create IPUIPlugin
2025-02-14 01:13:56,411 [INFO] PluginManager:220 - loadIPPluginJar : add dma
2025-02-14 01:13:56,417 [INFO] IPUIPlugin:80 - create IPUIPlugin
2025-02-14 01:13:56,417 [INFO] PluginManager:220 - loadIPPluginJar : add tracer_emb
2025-02-14 01:13:56,445 [INFO] IPUIPlugin:80 - create IPUIPlugin
2025-02-14 01:13:56,446 [INFO] PluginManager:220 - loadIPPluginJar : add ipddr
2025-02-14 01:13:56,451 [INFO] IPUIPlugin:80 - create IPUIPlugin
2025-02-14 01:13:56,452 [INFO] PluginManager:220 - loadIPPluginJar : add i2s
2025-02-14 01:13:56,590 [INFO] IPUIPlugin:80 - create IPUIPlugin
2025-02-14 01:13:56,591 [INFO] PluginManager:220 - loadIPPluginJar : add freertos
2025-02-14 01:13:56,596 [INFO] IPUIPlugin:80 - create IPUIPlugin
2025-02-14 01:13:56,597 [INFO] PluginManager:220 - loadIPPluginJar : add opamp
2025-02-14 01:13:56,602 [INFO] IPUIPlugin:80 - create IPUIPlugin
2025-02-14 01:13:56,603 [INFO] PluginManager:220 - loadIPPluginJar : add i2c
2025-02-14 01:13:56,607 [INFO] IPUIPlugin:80 - create IPUIPlugin
2025-02-14 01:13:56,607 [INFO] PluginManager:220 - loadIPPluginJar : add extmemmanager
2025-02-14 01:13:56,612 [INFO] IPUIPlugin:80 - create IPUIPlugin
2025-02-14 01:13:56,612 [INFO] PluginManager:220 - loadIPPluginJar : add can
2025-02-14 01:13:56,615 [INFO] IPUIPlugin:80 - create IPUIPlugin
2025-02-14 01:13:56,615 [INFO] PluginManager:220 - loadIPPluginJar : add genericplugin
2025-02-14 01:13:56,829 [FATAL] Updater:351 - Updater called before beeing initialized
2025-02-14 01:13:56,905 [INFO] RulesReader:64 - Compatibility file has been processed (297 Rules)
2025-02-14 01:13:56,915 [INFO] RulesReader:64 - Compatibility file has been processed (297 Rules)
2025-02-14 01:13:56,923 [INFO] CADModel:165 - CPN selected for project level
2025-02-14 01:13:56,923 [INFO] CADModel:114 - Register for checkConnection events
2025-02-14 01:13:56,923 [FATAL] Updater:351 - Updater called before beeing initialized
2025-02-14 01:13:56,923 [ERROR] CADModel:125 - Updater not yet initialized, retry later 
2025-02-14 01:13:57,939 [FATAL] Updater:351 - Updater called before beeing initialized
2025-02-14 01:13:57,942 [INFO] CADModel:165 - CPN selected for project level
2025-02-14 01:13:57,943 [INFO] CADModel:114 - Register for checkConnection events
2025-02-14 01:13:57,943 [FATAL] Updater:351 - Updater called before beeing initialized
2025-02-14 01:13:57,943 [ERROR] CADModel:125 - Updater not yet initialized, retry later 
2025-02-14 01:13:57,949 [FATAL] Updater:351 - Updater called before beeing initialized
2025-02-14 01:13:58,491 [INFO] ThirdPartyUpdaterWithRetryManager:70 - Updater plugin not ready yet. [3/15]
2025-02-14 01:13:59,636 [FATAL] Updater:351 - Updater called before beeing initialized
2025-02-14 01:13:59,664 [INFO] DbMcusAds:53 - JSON generation date=Tue Dec 17 11:01:15 EST 2024 (1734451275222)
2025-02-14 01:13:59,664 [FATAL] Updater:351 - Updater called before beeing initialized
2025-02-14 01:14:00,036 [WARN] DetailPanel:346 - Failed to get advertising image, set to default
2025-02-14 01:14:00,406 [FATAL] Updater:351 - Updater called before beeing initialized
2025-02-14 01:14:00,417 [FATAL] Updater:351 - Updater called before beeing initialized
2025-02-14 01:14:00,417 [FATAL] Updater:351 - Updater called before beeing initialized
2025-02-14 01:14:00,417 [WARN] DetailPanel:346 - Failed to get advertising image, set to default
2025-02-14 01:14:00,418 [FATAL] Updater:351 - Updater called before beeing initialized
2025-02-14 01:14:00,532 [ERROR] Updater:1198 - MainUpdater not yet initialized. External WinMGr cannot be set.
2025-02-14 01:14:00,569 [INFO] Updater:1134 - Updater Version found : 6.13.0
2025-02-14 01:14:00,662 [INFO] ApplicationProperties:184 - Using Application install path: /opt/st/stm32cubeide_1.17.0/plugins/com.st.stm32cube.common.mx_6.13.0.202411220809
2025-02-14 01:14:01,492 [FATAL] Updater:351 - Updater called before beeing initialized
2025-02-14 01:14:01,492 [ERROR] IntegrityCheckThread:130 - Cannot retrieve database content from updater: error 21
2025-02-14 01:14:01,492 [INFO] ThirdParty:978 - Integrity check success = false
2025-02-14 01:14:01,492 [INFO] IntegrityCheckThread:100 - exiting critical section [integrity check]
2025-02-14 01:14:01,492 [INFO] IntegrityCheckThread:103 - End integrity checks thread
2025-02-14 01:14:01,803 [INFO] MainUpdater:2872 - connection check result : 10
2025-02-14 01:14:01,804 [INFO] MainUpdater:289 - Updater Check For Update Now.
2025-02-14 01:14:01,804 [INFO] MicroXplorer:498 - Change Database Version : DB.6.0.130
2025-02-14 01:14:01,812 [INFO] McuFinderGlobals:63 - Set McuFinder mode to 2 (CubeIDE integrated)
2025-02-14 01:14:01,812 [INFO] UserAuth:171 - activating auth plugin
2025-02-14 01:14:01,816 [INFO] UserAuth:486 - Internet connection configuration mode: 1
2025-02-14 01:14:02,440 [INFO] JxBrowserEngine:152 - Initiate JxBrowser Engine with user profile folder
2025-02-14 01:14:02,632 [INFO] CheckServerUpdateThread:120 - End of CheckServer Thread
2025-02-14 01:14:38,098 [INFO] WebApp:168 - Instantiating new browser for Auth
2025-02-14 01:15:01,042 [INFO] WebApp:449 - Apply proxy settings
2025-02-14 01:15:01,042 [INFO] WebApp:534 - Chromium requires no authentication
2025-02-14 01:15:01,199 [INFO] WebApp:477 - Direct internet connection detected
2025-02-14 01:15:01,888 [INFO] WebApp:880 - Register for checkConnection events
2025-02-14 01:15:01,889 [INFO] WebApp:449 - Apply proxy settings
2025-02-14 01:15:01,889 [INFO] WebApp:534 - Chromium requires no authentication
2025-02-14 01:15:01,889 [INFO] WebApp:477 - Direct internet connection detected
2025-02-14 01:15:07,354 [INFO] WebApp:221 - Starting web application
2025-02-14 01:15:07,355 [INFO] WebApp:579 - Web application path used /opt/st/stm32cubeide_1.17.0/plugins/com.st.stm32cube.common.mx_6.13.0.202411220809/db/plugins/mcufinder/reactClient1/index.html
2025-02-14 01:15:08,631 [INFO] WebApp:187 - Connection restablished
