2025-02-08 02:06:36,105 [ERROR] LogOutputStream:75 - [STDERR_REDIRECT] 
2025-02-08 13:58:02,587 [INFO] Activator:176 - 


2025-02-08 13:58:02,600 [INFO] Activator:177 - !SESSION log4j initialized
2025-02-08 13:58:14,288 [INFO] LogOutputStream:77 - [STDOUT_REDIRECT] 
2025-02-08 13:58:19,696 [INFO] ApplicationProperties:184 - Using Application install path: /opt/st/stm32cubeide_1.17.0/plugins/com.st.stm32cube.common.mx_6.13.0.202411220809
2025-02-08 13:58:19,768 [INFO] DbMcusXml:78 - Set database path to: /opt/st/stm32cubeide_1.17.0/plugins/com.st.stm32cube.common.mx_6.13.0.202411220809//db//mcu/
2025-02-08 13:58:19,769 [INFO] ApiDb:274 - Set plugin database path to: /opt/st/stm32cubeide_1.17.0/plugins/com.st.stm32cube.common.mx_6.13.0.202411220809//db//plugins/boardmanager/
2025-02-08 13:58:19,769 [WARN] ApiDb:259 - Overriding images path with different value:  => /opt/st/stm32cubeide_1.17.0/plugins/com.st.stm32cube.common.mx_6.13.0.202411220809//db//plugins/mcufinder/images/
2025-02-08 13:58:19,936 [INFO] ApiDb:250 - Set database path to: /home/scott/.stmcufinder/plugins/mcufinder//mcu/
2025-02-08 13:58:19,940 [INFO] DbMcusAds:125 - Set database path to: /home/scott/.stmcufinder/plugins/mcufinder//mcu/
2025-02-08 13:58:19,947 [INFO] CrossReferenceDbSqlite:203 - Set database path to: /home/scott/.stmcufinder/plugins/mcufinder//mcu/cs/
2025-02-08 13:58:20,179 [INFO] RulesReader:64 - Compatibility file has been processed (297 Rules)
2025-02-08 13:58:20,396 [INFO] DbMcusXml:78 - Set database path to: /opt/st/stm32cubeide_1.17.0/plugins/com.st.stm32cube.common.mx_6.13.0.202411220809//db//mcu/
2025-02-08 13:58:20,396 [INFO] ApiDb:274 - Set plugin database path to: /opt/st/stm32cubeide_1.17.0/plugins/com.st.stm32cube.common.mx_6.13.0.202411220809//db//plugins/boardmanager/
2025-02-08 13:58:20,397 [INFO] ApiDb:261 - Set plugin images path to: /opt/st/stm32cubeide_1.17.0/plugins/com.st.stm32cube.common.mx_6.13.0.202411220809//db//plugins/mcufinder/images/
2025-02-08 13:58:20,397 [WARN] DbFile:41 - Overriding database path with different value: /home/scott/.stmcufinder/plugins/mcufinder/ => /home/scott/.stmcufinder/plugins/mcufinder
2025-02-08 13:58:20,397 [INFO] ApiDb:250 - Set database path to: /home/scott/.stmcufinder/plugins/mcufinder//mcu/
2025-02-08 13:58:20,397 [WARN] DbFile:41 - Overriding database path with different value: /home/scott/.stmcufinder/plugins/mcufinder/ => /home/scott/.stmcufinder/plugins/mcufinder
2025-02-08 13:58:20,397 [INFO] DbMcusAds:125 - Set database path to: /home/scott/.stmcufinder/plugins/mcufinder//mcu/
2025-02-08 13:58:20,397 [WARN] DbFile:41 - Overriding database path with different value: /home/scott/.stmcufinder/plugins/mcufinder/ => /home/scott/.stmcufinder/plugins/mcufinder
2025-02-08 13:58:20,397 [WARN] DbFile:41 - Overriding database path with different value: /home/scott/.stmcufinder/plugins/mcufinder/ => /home/scott/.stmcufinder/plugins/mcufinder
2025-02-08 13:58:20,397 [INFO] CrossReferenceDbSqlite:203 - Set database path to: /home/scott/.stmcufinder/plugins/mcufinder//mcu/cs/
2025-02-08 13:58:20,510 [INFO] MainPanel:272 - HeapMemory: 268435456
2025-02-08 13:58:20,919 [INFO] DbMcusXml:78 - Set database path to: /opt/st/stm32cubeide_1.17.0/plugins/com.st.stm32cube.common.mx_6.13.0.202411220809//db//mcu/
2025-02-08 13:58:20,919 [INFO] ApiDb:274 - Set plugin database path to: /opt/st/stm32cubeide_1.17.0/plugins/com.st.stm32cube.common.mx_6.13.0.202411220809//db//plugins/boardmanager/
2025-02-08 13:58:20,919 [INFO] ApiDb:261 - Set plugin images path to: /opt/st/stm32cubeide_1.17.0/plugins/com.st.stm32cube.common.mx_6.13.0.202411220809//db//plugins/mcufinder/images/
2025-02-08 13:58:20,920 [WARN] DbFile:41 - Overriding database path with different value: /home/scott/.stmcufinder/plugins/mcufinder/ => /home/scott/.stmcufinder/plugins/mcufinder
2025-02-08 13:58:20,920 [INFO] ApiDb:250 - Set database path to: /home/scott/.stmcufinder/plugins/mcufinder//mcu/
2025-02-08 13:58:20,920 [WARN] DbFile:41 - Overriding database path with different value: /home/scott/.stmcufinder/plugins/mcufinder/ => /home/scott/.stmcufinder/plugins/mcufinder
2025-02-08 13:58:20,920 [INFO] DbMcusAds:125 - Set database path to: /home/scott/.stmcufinder/plugins/mcufinder//mcu/
2025-02-08 13:58:20,920 [WARN] DbFile:41 - Overriding database path with different value: /home/scott/.stmcufinder/plugins/mcufinder/ => /home/scott/.stmcufinder/plugins/mcufinder
2025-02-08 13:58:20,920 [WARN] DbFile:41 - Overriding database path with different value: /home/scott/.stmcufinder/plugins/mcufinder/ => /home/scott/.stmcufinder/plugins/mcufinder
2025-02-08 13:58:20,920 [INFO] CrossReferenceDbSqlite:203 - Set database path to: /home/scott/.stmcufinder/plugins/mcufinder//mcu/cs/
2025-02-08 13:58:20,941 [INFO] ApplicationProperties:184 - Using Application install path: /opt/st/stm32cubeide_1.17.0/plugins/com.st.stm32cube.common.mx_6.13.0.202411220809
2025-02-08 13:58:20,944 [INFO] PluginManage:196 - Search for loadable plugins [exclusion list=, ]
2025-02-08 13:58:20,946 [INFO] PluginManage:310 - Check plugin analytics
2025-02-08 13:58:21,286 [INFO] AnalyticsPlugin:253 - Accepted Software Licenses: STM32CubeMX.6.13.0
2025-02-08 13:58:21,286 [INFO] AnalyticsPlugin:255 - Accepted CMSIS Pack Licenses: 
2025-02-08 13:58:21,287 [INFO] AnalyticsPlugin:257 - Accepted Firmware Licenses: 
2025-02-08 13:58:21,292 [INFO] PluginManage:359 - Loaded plugin analytics (category:tool,tabindex:-1)
2025-02-08 13:58:21,292 [INFO] PluginManage:310 - Check plugin cadmodel
2025-02-08 13:58:21,377 [INFO] CADModel:105 - Init CAD model plugin
2025-02-08 13:58:21,377 [INFO] PluginManage:359 - Loaded plugin cadmodel (category:power,tabindex:5)
2025-02-08 13:58:21,377 [INFO] PluginManage:310 - Check plugin clock
2025-02-08 13:58:21,537 [INFO] PluginManage:359 - Loaded plugin clock (category:base,tabindex:2)
2025-02-08 13:58:21,538 [INFO] PluginManage:310 - Check plugin ddr
2025-02-08 13:58:21,573 [INFO] PluginManage:359 - Loaded plugin ddr (category:tool,tabindex:6)
2025-02-08 13:58:21,574 [INFO] PluginManage:310 - Check plugin filemanager
2025-02-08 13:58:22,023 [INFO] PluginManage:359 - Loaded plugin filemanager (category:base,tabindex:10)
2025-02-08 13:58:22,023 [INFO] PluginManage:310 - Check plugin ipmanager
2025-02-08 13:58:22,059 [INFO] PluginManage:359 - Loaded plugin ipmanager (category:base,tabindex:5)
2025-02-08 13:58:22,060 [INFO] PluginManage:310 - Check plugin lpbam
2025-02-08 13:58:22,104 [INFO] PluginManage:359 - Loaded plugin lpbam (category:base,tabindex:0)
2025-02-08 13:58:22,104 [INFO] PluginManage:310 - Check plugin memorymap
2025-02-08 13:58:22,163 [INFO] PluginManage:359 - Loaded plugin memorymap (category:base,tabindex:4)
2025-02-08 13:58:22,163 [INFO] PluginManage:310 - Check plugin pinoutandconfiguration
2025-02-08 13:58:22,264 [INFO] PluginManage:359 - Loaded plugin pinoutandconfiguration (category:base,tabindex:1)
2025-02-08 13:58:22,264 [INFO] PluginManage:310 - Check plugin pinoutconfig
2025-02-08 13:58:22,506 [WARN] SupportedApi:132 - Cannot load RTOS API schema: s4s-elt-must-match.1: The content of 'definitions' must match (annotation?, (simpleType | complexType)?, (unique | key | keyref)*)). A problem was found starting at: attribute.
2025-02-08 13:58:22,817 [INFO] PluginManage:359 - Loaded plugin pinoutconfig (category:base,tabindex:0)
2025-02-08 13:58:22,817 [INFO] PluginManage:310 - Check plugin power
2025-02-08 13:58:22,876 [INFO] PluginManage:359 - Loaded plugin power (category:power,tabindex:4)
2025-02-08 13:58:22,877 [INFO] PluginManage:310 - Check plugin projectmanager
2025-02-08 13:58:22,917 [INFO] PluginManage:359 - Loaded plugin projectmanager (category:projectmanager,tabindex:4)
2025-02-08 13:58:22,918 [INFO] PluginManage:310 - Check plugin rif
2025-02-08 13:58:22,987 [INFO] PluginManage:359 - Loaded plugin rif (category:base,tabindex:3)
2025-02-08 13:58:22,988 [INFO] PluginManage:310 - Check plugin thirdparty
2025-02-08 13:58:23,698 [WARN] IntegrityCheckThread:84 - waiting for thirdparty lock release [integrity check]
2025-02-08 13:58:23,699 [INFO] IntegrityCheckThread:86 - entering critical section [integrity check]
2025-02-08 13:58:23,700 [INFO] ThirdPartyUpdaterWithRetryManager:70 - Updater plugin not ready yet. [1/15]
2025-02-08 13:58:23,700 [INFO] PluginManage:359 - Loaded plugin thirdparty (category:base,tabindex:-1)
2025-02-08 13:58:23,701 [INFO] PluginManage:310 - Check plugin tools
2025-02-08 13:58:23,745 [INFO] PluginManage:359 - Loaded plugin tools (category:base,tabindex:7)
2025-02-08 13:58:23,746 [INFO] PluginManage:310 - Check plugin tutovideos
2025-02-08 13:58:24,151 [INFO] PluginManage:359 - Loaded plugin tutovideos (category:base,tabindex:-1)
2025-02-08 13:58:24,151 [INFO] PluginManage:310 - Check plugin updater
2025-02-08 13:58:24,189 [INFO] PluginManage:359 - Loaded plugin updater (category:base,tabindex:12)
2025-02-08 13:58:24,189 [INFO] PluginManage:310 - Check plugin userauth
2025-02-08 13:58:24,215 [INFO] UserAuth:118 - Init User Auth plugin
2025-02-08 13:58:24,216 [INFO] PluginManage:359 - Loaded plugin userauth (category:base,tabindex:14)
2025-02-08 13:58:24,216 [INFO] PluginManage:283 - PluginManage : Loaded plugins [18]
2025-02-08 13:58:24,508 [INFO] PinOutPanel:1589 - setPackage(No Configuration,No Configuration)
2025-02-08 13:58:24,696 [INFO] CADModel:165 - CPN selected for project level
2025-02-08 13:58:24,696 [INFO] CADModel:114 - Register for checkConnection events
2025-02-08 13:58:24,791 [INFO] IPUIPlugin:80 - create IPUIPlugin
2025-02-08 13:58:24,791 [INFO] PluginManager:220 - loadIPPluginJar : add comp
2025-02-08 13:58:24,820 [INFO] IPUIPlugin:80 - create IPUIPlugin
2025-02-08 13:58:24,820 [INFO] PluginManager:220 - loadIPPluginJar : add ucpd
2025-02-08 13:58:24,823 [INFO] IPUIPlugin:80 - create IPUIPlugin
2025-02-08 13:58:24,823 [INFO] PluginManager:220 - loadIPPluginJar : add dfsdm
2025-02-08 13:58:24,863 [INFO] IPUIPlugin:80 - create IPUIPlugin
2025-02-08 13:58:24,863 [INFO] PluginManager:220 - loadIPPluginJar : add stm32_wpan
2025-02-08 13:58:24,866 [INFO] IPUIPlugin:80 - create IPUIPlugin
2025-02-08 13:58:24,867 [INFO] PluginManager:220 - loadIPPluginJar : add dma3
2025-02-08 13:58:24,869 [INFO] IPUIPlugin:80 - create IPUIPlugin
2025-02-08 13:58:24,869 [INFO] PluginManager:220 - loadIPPluginJar : add fatfs
2025-02-08 13:58:24,906 [INFO] IPUIPlugin:80 - create IPUIPlugin
2025-02-08 13:58:24,907 [INFO] PluginManager:220 - loadIPPluginJar : add spi
2025-02-08 13:58:24,969 [INFO] IPUIPlugin:80 - create IPUIPlugin
2025-02-08 13:58:24,970 [INFO] PluginManager:220 - loadIPPluginJar : add ddr_ctrl_phy
2025-02-08 13:58:24,978 [INFO] IPUIPlugin:80 - create IPUIPlugin
2025-02-08 13:58:24,978 [INFO] PluginManager:220 - loadIPPluginJar : add fmc
2025-02-08 13:58:25,021 [INFO] IPUIPlugin:80 - create IPUIPlugin
2025-02-08 13:58:25,022 [INFO] PluginManager:220 - loadIPPluginJar : add linkedlist
2025-02-08 13:58:25,025 [INFO] IPUIPlugin:80 - create IPUIPlugin
2025-02-08 13:58:25,026 [INFO] PluginManager:220 - loadIPPluginJar : add gfxmmu
2025-02-08 13:58:25,030 [INFO] IPUIPlugin:80 - create IPUIPlugin
2025-02-08 13:58:25,031 [INFO] PluginManager:220 - loadIPPluginJar : add touchsensing
2025-02-08 13:58:25,033 [INFO] IPUIPlugin:80 - create IPUIPlugin
2025-02-08 13:58:25,033 [INFO] PluginManager:220 - loadIPPluginJar : add usart
2025-02-08 13:58:25,069 [INFO] IPUIPlugin:80 - create IPUIPlugin
2025-02-08 13:58:25,069 [INFO] PluginManager:220 - loadIPPluginJar : add gpio
2025-02-08 13:58:25,074 [INFO] IPUIPlugin:80 - create IPUIPlugin
2025-02-08 13:58:25,075 [INFO] PluginManager:220 - loadIPPluginJar : add usbx
2025-02-08 13:58:25,077 [INFO] IPUIPlugin:80 - create IPUIPlugin
2025-02-08 13:58:25,077 [INFO] PluginManager:220 - loadIPPluginJar : add ts
2025-02-08 13:58:25,081 [INFO] IPUIPlugin:80 - create IPUIPlugin
2025-02-08 13:58:25,081 [INFO] PluginManager:220 - loadIPPluginJar : add gtzc
2025-02-08 13:58:25,137 [INFO] IPUIPlugin:80 - create IPUIPlugin
2025-02-08 13:58:25,154 [INFO] PluginManager:220 - loadIPPluginJar : add plateformsettings
2025-02-08 13:58:25,160 [INFO] IPUIPlugin:80 - create IPUIPlugin
2025-02-08 13:58:25,161 [INFO] PluginManager:220 - loadIPPluginJar : add i3c
2025-02-08 13:58:25,207 [INFO] IPUIPlugin:80 - create IPUIPlugin
2025-02-08 13:58:25,207 [INFO] PluginManager:220 - loadIPPluginJar : add mdma
2025-02-08 13:58:25,211 [INFO] IPUIPlugin:80 - create IPUIPlugin
2025-02-08 13:58:25,211 [INFO] PluginManager:220 - loadIPPluginJar : add pdm2pcm
2025-02-08 13:58:25,248 [INFO] IPUIPlugin:80 - create IPUIPlugin
2025-02-08 13:58:25,249 [INFO] PluginManager:220 - loadIPPluginJar : add aes
2025-02-08 13:58:25,259 [INFO] IPUIPlugin:80 - create IPUIPlugin
2025-02-08 13:58:25,259 [INFO] PluginManager:220 - loadIPPluginJar : add gic
2025-02-08 13:58:25,261 [INFO] IPUIPlugin:80 - create IPUIPlugin
2025-02-08 13:58:25,261 [INFO] PluginManager:220 - loadIPPluginJar : add ltdc
2025-02-08 13:58:25,318 [INFO] IPUIPlugin:80 - create IPUIPlugin
2025-02-08 13:58:25,318 [INFO] PluginManager:220 - loadIPPluginJar : add resmgrutility
2025-02-08 13:58:25,321 [INFO] IPUIPlugin:80 - create IPUIPlugin
2025-02-08 13:58:25,321 [INFO] PluginManager:220 - loadIPPluginJar : add tsc
2025-02-08 13:58:25,324 [INFO] IPUIPlugin:80 - create IPUIPlugin
2025-02-08 13:58:25,324 [INFO] PluginManager:220 - loadIPPluginJar : add quadspi
2025-02-08 13:58:25,330 [INFO] IPUIPlugin:80 - create IPUIPlugin
2025-02-08 13:58:25,330 [INFO] PluginManager:220 - loadIPPluginJar : add openamp
2025-02-08 13:58:25,364 [INFO] IPUIPlugin:80 - create IPUIPlugin
2025-02-08 13:58:25,365 [INFO] PluginManager:220 - loadIPPluginJar : add nvic
2025-02-08 13:58:25,371 [INFO] IPUIPlugin:80 - create IPUIPlugin
2025-02-08 13:58:25,371 [INFO] PluginManager:220 - loadIPPluginJar : add sai
2025-02-08 13:58:25,374 [INFO] IPUIPlugin:80 - create IPUIPlugin
2025-02-08 13:58:25,375 [INFO] PluginManager:220 - loadIPPluginJar : add radio
2025-02-08 13:58:25,378 [INFO] IPUIPlugin:80 - create IPUIPlugin
2025-02-08 13:58:25,378 [INFO] PluginManager:220 - loadIPPluginJar : add lorawan
2025-02-08 13:58:25,380 [INFO] IPUIPlugin:80 - create IPUIPlugin
2025-02-08 13:58:25,381 [INFO] PluginManager:220 - loadIPPluginJar : add tim
2025-02-08 13:58:25,383 [INFO] IPUIPlugin:80 - create IPUIPlugin
2025-02-08 13:58:25,383 [INFO] PluginManager:220 - loadIPPluginJar : add cryp
2025-02-08 13:58:25,418 [INFO] IPUIPlugin:80 - create IPUIPlugin
2025-02-08 13:58:25,418 [INFO] PluginManager:220 - loadIPPluginJar : add hash
2025-02-08 13:58:25,465 [INFO] IPUIPlugin:80 - create IPUIPlugin
2025-02-08 13:58:25,466 [INFO] PluginManager:220 - loadIPPluginJar : add adc
2025-02-08 13:58:25,499 [INFO] IPUIPlugin:80 - create IPUIPlugin
2025-02-08 13:58:25,499 [INFO] PluginManager:220 - loadIPPluginJar : add dma
2025-02-08 13:58:25,503 [INFO] IPUIPlugin:80 - create IPUIPlugin
2025-02-08 13:58:25,503 [INFO] PluginManager:220 - loadIPPluginJar : add tracer_emb
2025-02-08 13:58:25,516 [INFO] IPUIPlugin:80 - create IPUIPlugin
2025-02-08 13:58:25,517 [INFO] PluginManager:220 - loadIPPluginJar : add ipddr
2025-02-08 13:58:25,520 [INFO] IPUIPlugin:80 - create IPUIPlugin
2025-02-08 13:58:25,520 [INFO] PluginManager:220 - loadIPPluginJar : add i2s
2025-02-08 13:58:25,549 [INFO] IPUIPlugin:80 - create IPUIPlugin
2025-02-08 13:58:25,550 [INFO] PluginManager:220 - loadIPPluginJar : add freertos
2025-02-08 13:58:25,553 [INFO] IPUIPlugin:80 - create IPUIPlugin
2025-02-08 13:58:25,554 [INFO] PluginManager:220 - loadIPPluginJar : add opamp
2025-02-08 13:58:25,557 [INFO] IPUIPlugin:80 - create IPUIPlugin
2025-02-08 13:58:25,557 [INFO] PluginManager:220 - loadIPPluginJar : add i2c
2025-02-08 13:58:25,559 [INFO] IPUIPlugin:80 - create IPUIPlugin
2025-02-08 13:58:25,560 [INFO] PluginManager:220 - loadIPPluginJar : add extmemmanager
2025-02-08 13:58:25,563 [INFO] IPUIPlugin:80 - create IPUIPlugin
2025-02-08 13:58:25,563 [INFO] PluginManager:220 - loadIPPluginJar : add can
2025-02-08 13:58:25,564 [INFO] IPUIPlugin:80 - create IPUIPlugin
2025-02-08 13:58:25,564 [INFO] PluginManager:220 - loadIPPluginJar : add genericplugin
2025-02-08 13:58:25,684 [FATAL] Updater:351 - Updater called before beeing initialized
2025-02-08 13:58:25,736 [INFO] RulesReader:64 - Compatibility file has been processed (297 Rules)
2025-02-08 13:58:25,753 [INFO] RulesReader:64 - Compatibility file has been processed (297 Rules)
2025-02-08 13:58:25,770 [INFO] CADModel:165 - CPN selected for project level
2025-02-08 13:58:25,770 [INFO] CADModel:114 - Register for checkConnection events
2025-02-08 13:58:25,770 [FATAL] Updater:351 - Updater called before beeing initialized
2025-02-08 13:58:25,770 [ERROR] CADModel:125 - Updater not yet initialized, retry later 
2025-02-08 13:58:26,116 [FATAL] Updater:351 - Updater called before beeing initialized
2025-02-08 13:58:26,123 [INFO] CADModel:165 - CPN selected for project level
2025-02-08 13:58:26,123 [INFO] CADModel:114 - Register for checkConnection events
2025-02-08 13:58:26,123 [FATAL] Updater:351 - Updater called before beeing initialized
2025-02-08 13:58:26,124 [ERROR] CADModel:125 - Updater not yet initialized, retry later 
2025-02-08 13:58:26,132 [FATAL] Updater:351 - Updater called before beeing initialized
2025-02-08 13:58:26,302 [FATAL] Updater:351 - Updater called before beeing initialized
2025-02-08 13:58:26,324 [INFO] DbMcusAds:53 - JSON generation date=Tue Dec 17 11:01:15 EST 2024 (1734451275222)
2025-02-08 13:58:26,325 [FATAL] Updater:351 - Updater called before beeing initialized
2025-02-08 13:58:26,434 [WARN] DetailPanel:346 - Failed to get advertising image, set to default
2025-02-08 13:58:26,700 [INFO] ThirdPartyUpdaterWithRetryManager:70 - Updater plugin not ready yet. [2/15]
2025-02-08 13:58:26,742 [FATAL] Updater:351 - Updater called before beeing initialized
2025-02-08 13:58:26,767 [FATAL] Updater:351 - Updater called before beeing initialized
2025-02-08 13:58:26,767 [FATAL] Updater:351 - Updater called before beeing initialized
2025-02-08 13:58:26,768 [WARN] DetailPanel:346 - Failed to get advertising image, set to default
2025-02-08 13:58:26,769 [FATAL] Updater:351 - Updater called before beeing initialized
2025-02-08 13:58:26,860 [ERROR] Updater:1198 - MainUpdater not yet initialized. External WinMGr cannot be set.
2025-02-08 13:58:26,897 [INFO] Updater:1134 - Updater Version found : 6.13.0
2025-02-08 13:58:26,957 [INFO] ApplicationProperties:184 - Using Application install path: /opt/st/stm32cubeide_1.17.0/plugins/com.st.stm32cube.common.mx_6.13.0.202411220809
2025-02-08 13:58:27,889 [INFO] MainUpdater:2872 - connection check result : 10
2025-02-08 13:58:27,890 [INFO] MainUpdater:289 - Updater Check For Update Now.
2025-02-08 13:58:27,890 [INFO] MicroXplorer:498 - Change Database Version : DB.6.0.130
2025-02-08 13:58:27,898 [INFO] McuFinderGlobals:63 - Set McuFinder mode to 2 (CubeIDE integrated)
2025-02-08 13:58:27,898 [INFO] UserAuth:171 - activating auth plugin
2025-02-08 13:58:27,905 [INFO] UserAuth:486 - Internet connection configuration mode: 1
2025-02-08 13:58:28,053 [INFO] JxBrowserEngine:152 - Initiate JxBrowser Engine with user profile folder
2025-02-08 13:58:28,227 [INFO] CheckServerUpdateThread:120 - End of CheckServer Thread
2025-02-08 13:58:30,746 [WARN] PackLoader:240 - Cannot read IP mode file for STMicroelectronics.FP-SNS-MOTENVWB1.1.4.0
2025-02-08 13:58:30,823 [WARN] PackLoader:240 - Cannot read IP mode file for STMicroelectronics.FP-ATR-ASTRA1.2.0.1
2025-02-08 13:58:30,969 [WARN] PackLoader:240 - Cannot read IP mode file for STMicroelectronics.X-CUBE-SMBUS.2.1.0
2025-02-08 13:58:31,083 [WARN] PackLoader:240 - Cannot read IP mode file for STMicroelectronics.X-CUBE-WB05N.1.1.0
2025-02-08 13:58:31,266 [WARN] PackLoader:240 - Cannot read IP mode file for STMicroelectronics.X-CUBE-AZRTOS-F7.1.1.0
2025-02-08 13:58:31,312 [WARN] PackLoader:240 - Cannot read IP mode file for STMicroelectronics.FP-SNS-FLIGHT1.5.0.2
2025-02-08 13:58:31,481 [WARN] PackLoader:240 - Cannot read IP mode file for Infineon.AIROC-Wi-Fi-Bluetooth-STM32.1.7.0
2025-02-08 13:58:31,559 [WARN] PackLoader:240 - Cannot read IP mode file for STMicroelectronics.X-CUBE-DISPLAY.3.0.0
2025-02-08 13:58:31,591 [WARN] PackLoader:240 - Cannot read IP mode file for STMicroelectronics.X-CUBE-BLE1.7.0.0
2025-02-08 13:58:31,633 [WARN] PackLoader:240 - Cannot read IP mode file for STMicroelectronics.X-CUBE-NFC10.1.0.0
2025-02-08 13:58:31,690 [WARN] PackLoader:240 - Cannot read IP mode file for STMicroelectronics.X-CUBE-BLEMGR.4.0.0
2025-02-08 13:58:31,729 [WARN] PackLoader:240 - Cannot read IP mode file for emotas.I-CUBE-CANOPEN.1.3.0
2025-02-08 13:58:31,758 [WARN] PackLoader:240 - Cannot read IP mode file for STMicroelectronics.X-CUBE-AI.10.0.0
2025-02-08 13:58:31,829 [WARN] PackLoader:240 - Cannot read IP mode file for STMicroelectronics.FP-SNS-SMARTAG2.1.2.0
2025-02-08 13:58:31,995 [WARN] PackLoader:240 - Cannot read IP mode file for STMicroelectronics.X-CUBE-MEMS1.11.1.0
2025-02-08 13:58:32,357 [INFO] LogOutputStream:77 - [STDOUT_REDIRECT] 1 : Invalid condition id : UX_CORESTACK_Condition cause : null
2025-02-08 13:58:32,366 [INFO] LogOutputStream:77 - [STDOUT_REDIRECT] 1 : Invalid condition id : UX_CORESTACK_Condition cause : null
2025-02-08 13:58:32,376 [INFO] LogOutputStream:77 - [STDOUT_REDIRECT] 1 : Invalid condition id : UX_CORESTACK_Condition cause : null
2025-02-08 13:58:32,384 [INFO] LogOutputStream:77 - [STDOUT_REDIRECT] 1 : Invalid condition id : UX_CORESTACK_Condition cause : null
2025-02-08 13:58:32,396 [INFO] LogOutputStream:77 - [STDOUT_REDIRECT] 1 : Invalid condition id : UX_CORESTACK_Condition cause : null
2025-02-08 13:58:32,408 [WARN] PackLoader:240 - Cannot read IP mode file for STMicroelectronics.X-CUBE-AZRTOS-WL.2.0.0
2025-02-08 13:58:32,500 [WARN] PackLoader:240 - Cannot read IP mode file for STMicroelectronics.FP-SNS-MOTENV1.5.0.0
2025-02-08 13:58:32,527 [WARN] PackLoader:240 - Cannot read IP mode file for wolfSSL.I-CUBE-wolfMQTT.1.19.0
2025-02-08 13:58:32,536 [WARN] PackLoader:240 - Cannot read IP mode file for WES.I-CUBE-Cesium.1.3.0
2025-02-08 13:58:32,575 [WARN] PackLoader:240 - Cannot read IP mode file for STMicroelectronics.X-CUBE-BLE2.3.3.0
2025-02-08 13:58:32,600 [WARN] PackLoader:240 - Cannot read IP mode file for STMicroelectronics.X-CUBE-NFC9.1.0.0
2025-02-08 13:58:32,654 [WARN] PackLoader:240 - Cannot read IP mode file for STMicroelectronics.X-CUBE-AZRTOS-G0.1.1.0
2025-02-08 13:58:32,704 [WARN] PackLoader:240 - Cannot read IP mode file for STMicroelectronics.X-CUBE-SAFEA1.1.2.2
2025-02-08 13:58:32,741 [WARN] PackLoader:240 - Cannot read IP mode file for STMicroelectronics.X-CUBE-NFC4.3.0.0
2025-02-08 13:58:32,812 [WARN] PackLoader:240 - Cannot read IP mode file for EmbeddedOffice.I-CUBE-FS-RTOS.1.0.1
2025-02-08 13:58:32,841 [WARN] PackLoader:240 - Cannot read IP mode file for STMicroelectronics.X-CUBE-TCPP.4.2.0
2025-02-08 13:58:32,866 [WARN] PackLoader:240 - Cannot read IP mode file for RealThread.X-CUBE-RT-Thread_Nano.4.1.1
2025-02-08 13:58:32,889 [WARN] PackLoader:240 - Cannot read IP mode file for STMicroelectronics.FP-ATR-SIGFOX1.3.2.0
2025-02-08 13:58:32,908 [WARN] ConditionMgr:438 - getConditionDescription Invalid condition id : Cortex-A Device cause : null
2025-02-08 13:58:32,955 [WARN] ConditionMgr:1044 - genDependencies : Invalid condition id : Cortex-A Device cause : null
2025-02-08 13:58:32,956 [WARN] ConditionMgr:1044 - genDependencies : Invalid condition id : Cortex-A Device cause : null
2025-02-08 13:58:32,956 [WARN] ConditionMgr:1044 - genDependencies : Invalid condition id : Cortex-A Device cause : null
2025-02-08 13:58:33,016 [WARN] PackLoader:240 - Cannot read IP mode file for STMicroelectronics.X-CUBE-EEPRMA1.5.1.0
2025-02-08 13:58:33,056 [WARN] PackLoader:240 - Cannot read IP mode file for wolfSSL.I-CUBE-wolfSSL.5.7.4
2025-02-08 13:58:33,096 [WARN] PackLoader:240 - Cannot read IP mode file for ITTIA_DB.I-CUBE-ITTIADB.8.9.0
2025-02-08 13:58:33,176 [WARN] PackLoader:240 - Cannot read IP mode file for SEGGER.I-CUBE-embOS.1.3.1
2025-02-08 13:58:33,243 [WARN] PackLoader:240 - Cannot read IP mode file for STMicroelectronics.X-CUBE-ALGOBUILD.1.4.0
2025-02-08 13:58:33,390 [WARN] PackLoader:240 - Cannot read IP mode file for STMicroelectronics.X-CUBE-AI.9.1.0
2025-02-08 13:58:33,498 [WARN] PackLoader:240 - Cannot read IP mode file for STMicroelectronics.X-CUBE-AZRTOS-F4.1.1.0
2025-02-08 13:58:33,563 [WARN] PackLoader:240 - Cannot read IP mode file for STMicroelectronics.X-CUBE-ISPU.2.1.0
2025-02-08 13:58:33,747 [WARN] PackLoader:240 - Cannot read IP mode file for STMicroelectronics.X-CUBE-AZRTOS-L5.2.0.0
2025-02-08 13:58:33,862 [WARN] PackLoader:240 - Cannot read IP mode file for STMicroelectronics.X-CUBE-NFC6.3.1.0
2025-02-08 13:58:33,910 [WARN] PackLoader:240 - Cannot read IP mode file for STMicroelectronics.X-CUBE-DPower.1.2.0
2025-02-08 13:58:33,914 [WARN] PackLoader:240 - Cannot read IP mode file for STMicroelectronics.X-CUBE-FREERTOS.1.3.0
2025-02-08 13:58:33,918 [WARN] PackLoader:240 - Cannot read IP mode file for STMicroelectronics.X-CUBE-NFC7.1.0.1
2025-02-08 13:58:34,087 [WARN] ConditionMgr:438 - getConditionDescription Invalid condition id : LAN8742 Phy interface Condition cause : null
2025-02-08 13:58:34,087 [WARN] PackLoader:240 - Cannot read IP mode file for STMicroelectronics.X-CUBE-AZRTOS-L4.2.0.0
2025-02-08 13:58:34,088 [WARN] ConditionMgr:1044 - genDependencies : Invalid condition id : LAN8742 Phy interface Condition cause : null
2025-02-08 13:58:34,089 [WARN] ConditionMgr:1044 - genDependencies : Invalid condition id : LAN8742 Phy interface Condition cause : null
2025-02-08 13:58:34,089 [WARN] ConditionMgr:1044 - genDependencies : Invalid condition id : LAN8742 Phy interface Condition cause : null
2025-02-08 13:58:34,097 [WARN] PackLoader:240 - Cannot read IP mode file for STMicroelectronics.X-CUBE-SFXS2LP1.4.0.0
2025-02-08 13:58:34,273 [WARN] PackLoader:240 - Cannot read IP mode file for STMicroelectronics.X-CUBE-AZRTOS-H7.3.3.0
2025-02-08 13:58:34,314 [WARN] PackLoader:240 - Cannot read IP mode file for STMicroelectronics.X-CUBE-IPS.3.0.0
2025-02-08 13:58:34,369 [WARN] ConditionMgr:438 - getConditionDescription Invalid condition id : UX DEVICE CLASS RTOS Condition cause : null
2025-02-08 13:58:34,370 [WARN] ConditionMgr:438 - getConditionDescription Invalid condition id : UX DEVICE CLASS RTOS Condition cause : null
2025-02-08 13:58:34,371 [WARN] PackLoader:240 - Cannot read IP mode file for STMicroelectronics.X-CUBE-AZRTOS-WB.2.0.0
2025-02-08 13:58:34,372 [WARN] ConditionMgr:1044 - genDependencies : Invalid condition id : UX DEVICE CLASS RTOS Condition cause : null
2025-02-08 13:58:34,372 [WARN] ConditionMgr:1044 - genDependencies : Invalid condition id : UX DEVICE CLASS RTOS Condition cause : null
2025-02-08 13:58:34,372 [WARN] ConditionMgr:1044 - genDependencies : Invalid condition id : UX DEVICE CLASS RTOS Condition cause : null
2025-02-08 13:58:34,373 [WARN] ConditionMgr:1044 - genDependencies : Invalid condition id : UX DEVICE CLASS RTOS Condition cause : null
2025-02-08 13:58:34,373 [WARN] ConditionMgr:1044 - genDependencies : Invalid condition id : UX DEVICE CLASS RTOS Condition cause : null
2025-02-08 13:58:34,381 [WARN] PackLoader:240 - Cannot read IP mode file for STMicroelectronics.X-CUBE-GNSS1.7.0.1
2025-02-08 13:58:34,409 [WARN] PackLoader:240 - Cannot read IP mode file for STMicroelectronics.FP-SNS-STBOX1.2.0.0
2025-02-08 13:58:34,526 [WARN] PackLoader:240 - Cannot read IP mode file for STMicroelectronics.X-CUBE-SUBG2.5.0.0
2025-02-08 13:58:34,544 [WARN] PackLoader:240 - Cannot read IP mode file for Cesanta.I-CUBE-Mongoose.7.13.0
2025-02-08 13:58:34,553 [WARN] PackLoader:240 - Cannot read IP mode file for STMicroelectronics.X-CUBE-AZRTOS-G4.2.0.0
2025-02-08 13:58:34,634 [WARN] PackLoader:240 - Cannot read IP mode file for STMicroelectronics.X-CUBE-IPS.3.1.0
2025-02-08 13:58:34,652 [WARN] PackLoader:240 - Cannot read IP mode file for STMicroelectronics.X-CUBE-ALS.1.0.2
2025-02-08 13:58:34,687 [WARN] PackLoader:240 - Cannot read IP mode file for STMicroelectronics.X-CUBE-TOUCHGFX.4.24.2
2025-02-08 13:58:34,690 [WARN] PackLoader:240 - Cannot read IP mode file for STMicroelectronics.X-CUBE-TOUCHGFX.4.24.1
2025-02-08 13:58:34,717 [WARN] PackLoader:240 - Cannot read IP mode file for wolfSSL.I-CUBE-wolfTPM.3.4.0
2025-02-08 13:58:34,753 [WARN] PackLoader:240 - Cannot read IP mode file for portGmbH.I-Cube-SoM-uGOAL.1.1.0
2025-02-08 13:58:35,175 [WARN] PackLoader:240 - Cannot read IP mode file for STMicroelectronics.X-CUBE-AZRTOS-H7RS.1.0.0
2025-02-08 13:58:35,288 [WARN] PackLoader:240 - Cannot read IP mode file for STMicroelectronics.X-CUBE-TOF1.3.4.2
2025-02-08 13:58:35,337 [WARN] PackLoader:240 - Cannot read IP mode file for wolfSSL.I-CUBE-wolfSSH.1.4.17
2025-02-08 13:58:35,337 [INFO] ThirdParty:978 - Integrity check success = true
2025-02-08 13:58:35,338 [INFO] IntegrityCheckThread:100 - exiting critical section [integrity check]
2025-02-08 13:58:35,338 [INFO] IntegrityCheckThread:103 - End integrity checks thread
2025-02-08 13:58:57,696 [INFO] WebApp:168 - Instantiating new browser for Auth
2025-02-08 13:59:12,516 [INFO] WebApp:449 - Apply proxy settings
2025-02-08 13:59:12,516 [INFO] WebApp:534 - Chromium requires no authentication
2025-02-08 13:59:12,655 [INFO] WebApp:477 - Direct internet connection detected
2025-02-08 13:59:13,098 [INFO] WebApp:880 - Register for checkConnection events
2025-02-08 13:59:13,099 [INFO] WebApp:449 - Apply proxy settings
2025-02-08 13:59:13,100 [INFO] WebApp:534 - Chromium requires no authentication
2025-02-08 13:59:13,102 [INFO] WebApp:477 - Direct internet connection detected
2025-02-08 13:59:15,954 [INFO] WebApp:221 - Starting web application
2025-02-08 13:59:15,954 [INFO] WebApp:579 - Web application path used /opt/st/stm32cubeide_1.17.0/plugins/com.st.stm32cube.common.mx_6.13.0.202411220809/db/plugins/mcufinder/reactClient1/index.html
2025-02-08 13:59:17,016 [INFO] WebApp:187 - Connection restablished
