2025-02-06 13:01:49,489 [INFO] Activator:176 - 


2025-02-06 13:01:49,492 [INFO] Activator:177 - !SESSION log4j initialized
2025-02-06 13:01:58,957 [INFO] LogOutputStream:77 - [STDOUT_REDIRECT] 
2025-02-06 13:02:02,937 [INFO] ApplicationProperties:184 - Using Application install path: /opt/st/stm32cubeide_1.17.0/plugins/com.st.stm32cube.common.mx_6.13.0.202411220809
2025-02-06 13:02:03,001 [INFO] DbMcusXml:78 - Set database path to: /opt/st/stm32cubeide_1.17.0/plugins/com.st.stm32cube.common.mx_6.13.0.202411220809//db//mcu/
2025-02-06 13:02:03,001 [INFO] ApiDb:274 - Set plugin database path to: /opt/st/stm32cubeide_1.17.0/plugins/com.st.stm32cube.common.mx_6.13.0.202411220809//db//plugins/boardmanager/
2025-02-06 13:02:03,002 [WARN] ApiDb:259 - Overriding images path with different value:  => /opt/st/stm32cubeide_1.17.0/plugins/com.st.stm32cube.common.mx_6.13.0.202411220809//db//plugins/mcufinder/images/
2025-02-06 13:02:03,278 [INFO] ApiDb:250 - Set database path to: /home/scott/.stmcufinder/plugins/mcufinder//mcu/
2025-02-06 13:02:03,282 [INFO] DbMcusAds:125 - Set database path to: /home/scott/.stmcufinder/plugins/mcufinder//mcu/
2025-02-06 13:02:03,288 [INFO] CrossReferenceDbSqlite:203 - Set database path to: /home/scott/.stmcufinder/plugins/mcufinder//mcu/cs/
2025-02-06 13:02:03,562 [INFO] RulesReader:64 - Compatibility file has been processed (297 Rules)
2025-02-06 13:02:03,786 [INFO] DbMcusXml:78 - Set database path to: /opt/st/stm32cubeide_1.17.0/plugins/com.st.stm32cube.common.mx_6.13.0.202411220809//db//mcu/
2025-02-06 13:02:03,786 [INFO] ApiDb:274 - Set plugin database path to: /opt/st/stm32cubeide_1.17.0/plugins/com.st.stm32cube.common.mx_6.13.0.202411220809//db//plugins/boardmanager/
2025-02-06 13:02:03,787 [INFO] ApiDb:261 - Set plugin images path to: /opt/st/stm32cubeide_1.17.0/plugins/com.st.stm32cube.common.mx_6.13.0.202411220809//db//plugins/mcufinder/images/
2025-02-06 13:02:03,787 [WARN] DbFile:41 - Overriding database path with different value: /home/scott/.stmcufinder/plugins/mcufinder/ => /home/scott/.stmcufinder/plugins/mcufinder
2025-02-06 13:02:03,787 [INFO] ApiDb:250 - Set database path to: /home/scott/.stmcufinder/plugins/mcufinder//mcu/
2025-02-06 13:02:03,787 [WARN] DbFile:41 - Overriding database path with different value: /home/scott/.stmcufinder/plugins/mcufinder/ => /home/scott/.stmcufinder/plugins/mcufinder
2025-02-06 13:02:03,787 [INFO] DbMcusAds:125 - Set database path to: /home/scott/.stmcufinder/plugins/mcufinder//mcu/
2025-02-06 13:02:03,787 [WARN] DbFile:41 - Overriding database path with different value: /home/scott/.stmcufinder/plugins/mcufinder/ => /home/scott/.stmcufinder/plugins/mcufinder
2025-02-06 13:02:03,787 [WARN] DbFile:41 - Overriding database path with different value: /home/scott/.stmcufinder/plugins/mcufinder/ => /home/scott/.stmcufinder/plugins/mcufinder
2025-02-06 13:02:03,787 [INFO] CrossReferenceDbSqlite:203 - Set database path to: /home/scott/.stmcufinder/plugins/mcufinder//mcu/cs/
2025-02-06 13:02:03,884 [INFO] MainPanel:272 - HeapMemory: 268435456
2025-02-06 13:02:04,497 [INFO] DbMcusXml:78 - Set database path to: /opt/st/stm32cubeide_1.17.0/plugins/com.st.stm32cube.common.mx_6.13.0.202411220809//db//mcu/
2025-02-06 13:02:04,498 [INFO] ApiDb:274 - Set plugin database path to: /opt/st/stm32cubeide_1.17.0/plugins/com.st.stm32cube.common.mx_6.13.0.202411220809//db//plugins/boardmanager/
2025-02-06 13:02:04,498 [INFO] ApiDb:261 - Set plugin images path to: /opt/st/stm32cubeide_1.17.0/plugins/com.st.stm32cube.common.mx_6.13.0.202411220809//db//plugins/mcufinder/images/
2025-02-06 13:02:04,498 [WARN] DbFile:41 - Overriding database path with different value: /home/scott/.stmcufinder/plugins/mcufinder/ => /home/scott/.stmcufinder/plugins/mcufinder
2025-02-06 13:02:04,498 [INFO] ApiDb:250 - Set database path to: /home/scott/.stmcufinder/plugins/mcufinder//mcu/
2025-02-06 13:02:04,498 [WARN] DbFile:41 - Overriding database path with different value: /home/scott/.stmcufinder/plugins/mcufinder/ => /home/scott/.stmcufinder/plugins/mcufinder
2025-02-06 13:02:04,498 [INFO] DbMcusAds:125 - Set database path to: /home/scott/.stmcufinder/plugins/mcufinder//mcu/
2025-02-06 13:02:04,499 [WARN] DbFile:41 - Overriding database path with different value: /home/scott/.stmcufinder/plugins/mcufinder/ => /home/scott/.stmcufinder/plugins/mcufinder
2025-02-06 13:02:04,499 [WARN] DbFile:41 - Overriding database path with different value: /home/scott/.stmcufinder/plugins/mcufinder/ => /home/scott/.stmcufinder/plugins/mcufinder
2025-02-06 13:02:04,499 [INFO] CrossReferenceDbSqlite:203 - Set database path to: /home/scott/.stmcufinder/plugins/mcufinder//mcu/cs/
2025-02-06 13:02:04,516 [INFO] ApplicationProperties:184 - Using Application install path: /opt/st/stm32cubeide_1.17.0/plugins/com.st.stm32cube.common.mx_6.13.0.202411220809
2025-02-06 13:02:04,518 [INFO] PluginManage:196 - Search for loadable plugins [exclusion list=, ]
2025-02-06 13:02:04,520 [INFO] PluginManage:310 - Check plugin analytics
2025-02-06 13:02:04,804 [INFO] AnalyticsPlugin:253 - Accepted Software Licenses: STM32CubeMX.6.13.0
2025-02-06 13:02:04,804 [INFO] AnalyticsPlugin:255 - Accepted CMSIS Pack Licenses: 
2025-02-06 13:02:04,804 [INFO] AnalyticsPlugin:257 - Accepted Firmware Licenses: 
2025-02-06 13:02:04,807 [INFO] PluginManage:359 - Loaded plugin analytics (category:tool,tabindex:-1)
2025-02-06 13:02:04,807 [INFO] PluginManage:310 - Check plugin cadmodel
2025-02-06 13:02:04,841 [INFO] CADModel:105 - Init CAD model plugin
2025-02-06 13:02:04,841 [INFO] PluginManage:359 - Loaded plugin cadmodel (category:power,tabindex:5)
2025-02-06 13:02:04,841 [INFO] PluginManage:310 - Check plugin clock
2025-02-06 13:02:04,916 [INFO] PluginManage:359 - Loaded plugin clock (category:base,tabindex:2)
2025-02-06 13:02:04,916 [INFO] PluginManage:310 - Check plugin ddr
2025-02-06 13:02:04,921 [INFO] PluginManage:359 - Loaded plugin ddr (category:tool,tabindex:6)
2025-02-06 13:02:04,922 [INFO] PluginManage:310 - Check plugin filemanager
2025-02-06 13:02:05,288 [INFO] PluginManage:359 - Loaded plugin filemanager (category:base,tabindex:10)
2025-02-06 13:02:05,289 [INFO] PluginManage:310 - Check plugin ipmanager
2025-02-06 13:02:05,313 [INFO] PluginManage:359 - Loaded plugin ipmanager (category:base,tabindex:5)
2025-02-06 13:02:05,313 [INFO] PluginManage:310 - Check plugin lpbam
2025-02-06 13:02:05,357 [INFO] PluginManage:359 - Loaded plugin lpbam (category:base,tabindex:0)
2025-02-06 13:02:05,357 [INFO] PluginManage:310 - Check plugin memorymap
2025-02-06 13:02:05,402 [INFO] PluginManage:359 - Loaded plugin memorymap (category:base,tabindex:4)
2025-02-06 13:02:05,402 [INFO] PluginManage:310 - Check plugin pinoutandconfiguration
2025-02-06 13:02:05,472 [INFO] PluginManage:359 - Loaded plugin pinoutandconfiguration (category:base,tabindex:1)
2025-02-06 13:02:05,473 [INFO] PluginManage:310 - Check plugin pinoutconfig
2025-02-06 13:02:05,661 [WARN] SupportedApi:132 - Cannot load RTOS API schema: s4s-elt-must-match.1: The content of 'definitions' must match (annotation?, (simpleType | complexType)?, (unique | key | keyref)*)). A problem was found starting at: attribute.
2025-02-06 13:02:05,853 [INFO] PluginManage:359 - Loaded plugin pinoutconfig (category:base,tabindex:0)
2025-02-06 13:02:05,853 [INFO] PluginManage:310 - Check plugin power
2025-02-06 13:02:05,900 [INFO] PluginManage:359 - Loaded plugin power (category:power,tabindex:4)
2025-02-06 13:02:05,900 [INFO] PluginManage:310 - Check plugin projectmanager
2025-02-06 13:02:05,934 [INFO] PluginManage:359 - Loaded plugin projectmanager (category:projectmanager,tabindex:4)
2025-02-06 13:02:05,934 [INFO] PluginManage:310 - Check plugin rif
2025-02-06 13:02:05,987 [INFO] PluginManage:359 - Loaded plugin rif (category:base,tabindex:3)
2025-02-06 13:02:05,988 [INFO] PluginManage:310 - Check plugin thirdparty
2025-02-06 13:02:06,417 [WARN] IntegrityCheckThread:84 - waiting for thirdparty lock release [integrity check]
2025-02-06 13:02:06,418 [INFO] IntegrityCheckThread:86 - entering critical section [integrity check]
2025-02-06 13:02:06,418 [INFO] PluginManage:359 - Loaded plugin thirdparty (category:base,tabindex:-1)
2025-02-06 13:02:06,418 [INFO] PluginManage:310 - Check plugin tools
2025-02-06 13:02:06,418 [INFO] ThirdPartyUpdaterWithRetryManager:70 - Updater plugin not ready yet. [1/15]
2025-02-06 13:02:06,456 [INFO] PluginManage:359 - Loaded plugin tools (category:base,tabindex:7)
2025-02-06 13:02:06,456 [INFO] PluginManage:310 - Check plugin tutovideos
2025-02-06 13:02:06,775 [INFO] PluginManage:359 - Loaded plugin tutovideos (category:base,tabindex:-1)
2025-02-06 13:02:06,776 [INFO] PluginManage:310 - Check plugin updater
2025-02-06 13:02:06,815 [INFO] PluginManage:359 - Loaded plugin updater (category:base,tabindex:12)
2025-02-06 13:02:06,815 [INFO] PluginManage:310 - Check plugin userauth
2025-02-06 13:02:06,839 [INFO] UserAuth:118 - Init User Auth plugin
2025-02-06 13:02:06,840 [INFO] PluginManage:359 - Loaded plugin userauth (category:base,tabindex:14)
2025-02-06 13:02:06,840 [INFO] PluginManage:283 - PluginManage : Loaded plugins [18]
2025-02-06 13:02:07,108 [INFO] PinOutPanel:1589 - setPackage(No Configuration,No Configuration)
2025-02-06 13:02:07,248 [INFO] CADModel:165 - CPN selected for project level
2025-02-06 13:02:07,248 [INFO] CADModel:114 - Register for checkConnection events
2025-02-06 13:02:07,348 [INFO] IPUIPlugin:80 - create IPUIPlugin
2025-02-06 13:02:07,348 [INFO] PluginManager:220 - loadIPPluginJar : add comp
2025-02-06 13:02:07,377 [INFO] IPUIPlugin:80 - create IPUIPlugin
2025-02-06 13:02:07,377 [INFO] PluginManager:220 - loadIPPluginJar : add ucpd
2025-02-06 13:02:07,379 [INFO] IPUIPlugin:80 - create IPUIPlugin
2025-02-06 13:02:07,380 [INFO] PluginManager:220 - loadIPPluginJar : add dfsdm
2025-02-06 13:02:07,436 [INFO] IPUIPlugin:80 - create IPUIPlugin
2025-02-06 13:02:07,436 [INFO] PluginManager:220 - loadIPPluginJar : add stm32_wpan
2025-02-06 13:02:07,440 [INFO] IPUIPlugin:80 - create IPUIPlugin
2025-02-06 13:02:07,441 [INFO] PluginManager:220 - loadIPPluginJar : add dma3
2025-02-06 13:02:07,442 [INFO] IPUIPlugin:80 - create IPUIPlugin
2025-02-06 13:02:07,443 [INFO] PluginManager:220 - loadIPPluginJar : add fatfs
2025-02-06 13:02:07,445 [INFO] IPUIPlugin:80 - create IPUIPlugin
2025-02-06 13:02:07,445 [INFO] PluginManager:220 - loadIPPluginJar : add spi
2025-02-06 13:02:07,482 [INFO] IPUIPlugin:80 - create IPUIPlugin
2025-02-06 13:02:07,482 [INFO] PluginManager:220 - loadIPPluginJar : add ddr_ctrl_phy
2025-02-06 13:02:07,524 [INFO] IPUIPlugin:80 - create IPUIPlugin
2025-02-06 13:02:07,524 [INFO] PluginManager:220 - loadIPPluginJar : add fmc
2025-02-06 13:02:07,567 [INFO] IPUIPlugin:80 - create IPUIPlugin
2025-02-06 13:02:07,568 [INFO] PluginManager:220 - loadIPPluginJar : add linkedlist
2025-02-06 13:02:07,572 [INFO] IPUIPlugin:80 - create IPUIPlugin
2025-02-06 13:02:07,572 [INFO] PluginManager:220 - loadIPPluginJar : add gfxmmu
2025-02-06 13:02:07,578 [INFO] IPUIPlugin:80 - create IPUIPlugin
2025-02-06 13:02:07,579 [INFO] PluginManager:220 - loadIPPluginJar : add touchsensing
2025-02-06 13:02:07,584 [INFO] IPUIPlugin:80 - create IPUIPlugin
2025-02-06 13:02:07,584 [INFO] PluginManager:220 - loadIPPluginJar : add usart
2025-02-06 13:02:07,633 [INFO] IPUIPlugin:80 - create IPUIPlugin
2025-02-06 13:02:07,634 [INFO] PluginManager:220 - loadIPPluginJar : add gpio
2025-02-06 13:02:07,639 [INFO] IPUIPlugin:80 - create IPUIPlugin
2025-02-06 13:02:07,640 [INFO] PluginManager:220 - loadIPPluginJar : add usbx
2025-02-06 13:02:07,643 [INFO] IPUIPlugin:80 - create IPUIPlugin
2025-02-06 13:02:07,644 [INFO] PluginManager:220 - loadIPPluginJar : add ts
2025-02-06 13:02:07,648 [INFO] IPUIPlugin:80 - create IPUIPlugin
2025-02-06 13:02:07,648 [INFO] PluginManager:220 - loadIPPluginJar : add gtzc
2025-02-06 13:02:07,704 [INFO] IPUIPlugin:80 - create IPUIPlugin
2025-02-06 13:02:07,722 [INFO] PluginManager:220 - loadIPPluginJar : add plateformsettings
2025-02-06 13:02:07,727 [INFO] IPUIPlugin:80 - create IPUIPlugin
2025-02-06 13:02:07,728 [INFO] PluginManager:220 - loadIPPluginJar : add i3c
2025-02-06 13:02:07,776 [INFO] IPUIPlugin:80 - create IPUIPlugin
2025-02-06 13:02:07,776 [INFO] PluginManager:220 - loadIPPluginJar : add mdma
2025-02-06 13:02:07,781 [INFO] IPUIPlugin:80 - create IPUIPlugin
2025-02-06 13:02:07,781 [INFO] PluginManager:220 - loadIPPluginJar : add pdm2pcm
2025-02-06 13:02:07,816 [INFO] IPUIPlugin:80 - create IPUIPlugin
2025-02-06 13:02:07,817 [INFO] PluginManager:220 - loadIPPluginJar : add aes
2025-02-06 13:02:07,826 [INFO] IPUIPlugin:80 - create IPUIPlugin
2025-02-06 13:02:07,827 [INFO] PluginManager:220 - loadIPPluginJar : add gic
2025-02-06 13:02:07,829 [INFO] IPUIPlugin:80 - create IPUIPlugin
2025-02-06 13:02:07,829 [INFO] PluginManager:220 - loadIPPluginJar : add ltdc
2025-02-06 13:02:07,885 [INFO] IPUIPlugin:80 - create IPUIPlugin
2025-02-06 13:02:07,885 [INFO] PluginManager:220 - loadIPPluginJar : add resmgrutility
2025-02-06 13:02:07,889 [INFO] IPUIPlugin:80 - create IPUIPlugin
2025-02-06 13:02:07,890 [INFO] PluginManager:220 - loadIPPluginJar : add tsc
2025-02-06 13:02:07,893 [INFO] IPUIPlugin:80 - create IPUIPlugin
2025-02-06 13:02:07,894 [INFO] PluginManager:220 - loadIPPluginJar : add quadspi
2025-02-06 13:02:07,899 [INFO] IPUIPlugin:80 - create IPUIPlugin
2025-02-06 13:02:07,899 [INFO] PluginManager:220 - loadIPPluginJar : add openamp
2025-02-06 13:02:07,931 [INFO] IPUIPlugin:80 - create IPUIPlugin
2025-02-06 13:02:07,932 [INFO] PluginManager:220 - loadIPPluginJar : add nvic
2025-02-06 13:02:07,941 [INFO] IPUIPlugin:80 - create IPUIPlugin
2025-02-06 13:02:07,941 [INFO] PluginManager:220 - loadIPPluginJar : add sai
2025-02-06 13:02:07,948 [INFO] IPUIPlugin:80 - create IPUIPlugin
2025-02-06 13:02:07,949 [INFO] PluginManager:220 - loadIPPluginJar : add radio
2025-02-06 13:02:07,954 [INFO] IPUIPlugin:80 - create IPUIPlugin
2025-02-06 13:02:07,954 [INFO] PluginManager:220 - loadIPPluginJar : add lorawan
2025-02-06 13:02:07,956 [INFO] IPUIPlugin:80 - create IPUIPlugin
2025-02-06 13:02:07,956 [INFO] PluginManager:220 - loadIPPluginJar : add tim
2025-02-06 13:02:07,959 [INFO] IPUIPlugin:80 - create IPUIPlugin
2025-02-06 13:02:07,959 [INFO] PluginManager:220 - loadIPPluginJar : add cryp
2025-02-06 13:02:08,119 [INFO] IPUIPlugin:80 - create IPUIPlugin
2025-02-06 13:02:08,119 [INFO] PluginManager:220 - loadIPPluginJar : add hash
2025-02-06 13:02:08,166 [INFO] IPUIPlugin:80 - create IPUIPlugin
2025-02-06 13:02:08,166 [INFO] PluginManager:220 - loadIPPluginJar : add adc
2025-02-06 13:02:08,199 [INFO] IPUIPlugin:80 - create IPUIPlugin
2025-02-06 13:02:08,199 [INFO] PluginManager:220 - loadIPPluginJar : add dma
2025-02-06 13:02:08,203 [INFO] IPUIPlugin:80 - create IPUIPlugin
2025-02-06 13:02:08,203 [INFO] PluginManager:220 - loadIPPluginJar : add tracer_emb
2025-02-06 13:02:08,218 [INFO] IPUIPlugin:80 - create IPUIPlugin
2025-02-06 13:02:08,218 [INFO] PluginManager:220 - loadIPPluginJar : add ipddr
2025-02-06 13:02:08,223 [INFO] IPUIPlugin:80 - create IPUIPlugin
2025-02-06 13:02:08,223 [INFO] PluginManager:220 - loadIPPluginJar : add i2s
2025-02-06 13:02:08,266 [INFO] IPUIPlugin:80 - create IPUIPlugin
2025-02-06 13:02:08,266 [INFO] PluginManager:220 - loadIPPluginJar : add freertos
2025-02-06 13:02:08,272 [INFO] IPUIPlugin:80 - create IPUIPlugin
2025-02-06 13:02:08,273 [INFO] PluginManager:220 - loadIPPluginJar : add opamp
2025-02-06 13:02:08,278 [INFO] IPUIPlugin:80 - create IPUIPlugin
2025-02-06 13:02:08,278 [INFO] PluginManager:220 - loadIPPluginJar : add i2c
2025-02-06 13:02:08,281 [INFO] IPUIPlugin:80 - create IPUIPlugin
2025-02-06 13:02:08,282 [INFO] PluginManager:220 - loadIPPluginJar : add extmemmanager
2025-02-06 13:02:08,285 [INFO] IPUIPlugin:80 - create IPUIPlugin
2025-02-06 13:02:08,285 [INFO] PluginManager:220 - loadIPPluginJar : add can
2025-02-06 13:02:08,286 [INFO] IPUIPlugin:80 - create IPUIPlugin
2025-02-06 13:02:08,287 [INFO] PluginManager:220 - loadIPPluginJar : add genericplugin
2025-02-06 13:02:08,394 [FATAL] Updater:351 - Updater called before beeing initialized
2025-02-06 13:02:08,442 [INFO] RulesReader:64 - Compatibility file has been processed (297 Rules)
2025-02-06 13:02:08,451 [INFO] RulesReader:64 - Compatibility file has been processed (297 Rules)
2025-02-06 13:02:08,458 [INFO] CADModel:165 - CPN selected for project level
2025-02-06 13:02:08,458 [INFO] CADModel:114 - Register for checkConnection events
2025-02-06 13:02:08,458 [FATAL] Updater:351 - Updater called before beeing initialized
2025-02-06 13:02:08,458 [ERROR] CADModel:125 - Updater not yet initialized, retry later 
2025-02-06 13:02:08,657 [FATAL] Updater:351 - Updater called before beeing initialized
2025-02-06 13:02:08,659 [INFO] CADModel:165 - CPN selected for project level
2025-02-06 13:02:08,660 [INFO] CADModel:114 - Register for checkConnection events
2025-02-06 13:02:08,660 [FATAL] Updater:351 - Updater called before beeing initialized
2025-02-06 13:02:08,660 [ERROR] CADModel:125 - Updater not yet initialized, retry later 
2025-02-06 13:02:08,663 [FATAL] Updater:351 - Updater called before beeing initialized
2025-02-06 13:02:08,747 [FATAL] Updater:351 - Updater called before beeing initialized
2025-02-06 13:02:08,757 [INFO] DbMcusAds:53 - JSON generation date=Tue Dec 17 11:01:15 EST 2024 (1734451275222)
2025-02-06 13:02:08,757 [FATAL] Updater:351 - Updater called before beeing initialized
2025-02-06 13:02:08,867 [WARN] DetailPanel:346 - Failed to get advertising image, set to default
2025-02-06 13:02:09,091 [FATAL] Updater:351 - Updater called before beeing initialized
2025-02-06 13:02:09,102 [FATAL] Updater:351 - Updater called before beeing initialized
2025-02-06 13:02:09,102 [FATAL] Updater:351 - Updater called before beeing initialized
2025-02-06 13:02:09,102 [WARN] DetailPanel:346 - Failed to get advertising image, set to default
2025-02-06 13:02:09,103 [FATAL] Updater:351 - Updater called before beeing initialized
2025-02-06 13:02:09,185 [ERROR] Updater:1198 - MainUpdater not yet initialized. External WinMGr cannot be set.
2025-02-06 13:02:09,244 [INFO] Updater:1134 - Updater Version found : 6.13.0
2025-02-06 13:02:09,317 [INFO] ApplicationProperties:184 - Using Application install path: /opt/st/stm32cubeide_1.17.0/plugins/com.st.stm32cube.common.mx_6.13.0.202411220809
2025-02-06 13:02:09,419 [INFO] ThirdPartyUpdaterWithRetryManager:70 - Updater plugin not ready yet. [2/15]
2025-02-06 13:02:09,770 [INFO] MainUpdater:2872 - connection check result : 10
2025-02-06 13:02:09,770 [INFO] MainUpdater:3566 - Updater definition file requires update
2025-02-06 13:02:09,771 [INFO] MainUpdater:289 - Updater Check For Update Now.
2025-02-06 13:02:09,771 [INFO] MicroXplorer:498 - Change Database Version : DB.6.0.130
2025-02-06 13:02:09,776 [INFO] McuFinderGlobals:63 - Set McuFinder mode to 2 (CubeIDE integrated)
2025-02-06 13:02:09,776 [INFO] UserAuth:171 - activating auth plugin
2025-02-06 13:02:09,780 [INFO] UserAuth:486 - Internet connection configuration mode: 1
2025-02-06 13:02:09,785 [INFO] ServerAccessManage:473 - Download File updaters.zip
2025-02-06 13:02:09,934 [INFO] JxBrowserEngine:152 - Initiate JxBrowser Engine with user profile folder
2025-02-06 13:02:10,057 [INFO] FileExtend:240 - Unzip File : updaters.zip
2025-02-06 13:02:10,057 [INFO] FileExtend:255 - Standard Zip Deflate
2025-02-06 13:02:10,313 [INFO] ServerAccessManage:473 - Download File PacksControlFlags.xml
2025-02-06 13:02:10,427 [INFO] ServerAccessManage:473 - Download File cubemx.pidx
2025-02-06 13:02:10,660 [INFO] LoadServerUpdatesThread:375 - End of LoadServerUpdate Thread
2025-02-06 13:02:10,837 [INFO] CheckServerUpdateThread:120 - End of CheckServer Thread
2025-02-06 13:02:13,279 [WARN] PackLoader:240 - Cannot read IP mode file for STMicroelectronics.FP-SNS-MOTENVWB1.1.4.0
2025-02-06 13:02:13,367 [WARN] PackLoader:240 - Cannot read IP mode file for STMicroelectronics.FP-ATR-ASTRA1.2.0.1
2025-02-06 13:02:13,454 [WARN] PackLoader:240 - Cannot read IP mode file for STMicroelectronics.X-CUBE-SMBUS.2.1.0
2025-02-06 13:02:13,508 [WARN] PackLoader:240 - Cannot read IP mode file for STMicroelectronics.X-CUBE-WB05N.1.1.0
2025-02-06 13:02:13,617 [WARN] PackLoader:240 - Cannot read IP mode file for STMicroelectronics.X-CUBE-AZRTOS-F7.1.1.0
2025-02-06 13:02:13,659 [WARN] PackLoader:240 - Cannot read IP mode file for STMicroelectronics.FP-SNS-FLIGHT1.5.0.2
2025-02-06 13:02:13,745 [WARN] PackLoader:240 - Cannot read IP mode file for Infineon.AIROC-Wi-Fi-Bluetooth-STM32.1.7.0
2025-02-06 13:02:13,783 [WARN] PackLoader:240 - Cannot read IP mode file for STMicroelectronics.X-CUBE-DISPLAY.3.0.0
2025-02-06 13:02:13,816 [WARN] PackLoader:240 - Cannot read IP mode file for STMicroelectronics.X-CUBE-BLE1.7.0.0
2025-02-06 13:02:13,858 [WARN] PackLoader:240 - Cannot read IP mode file for STMicroelectronics.X-CUBE-NFC10.1.0.0
2025-02-06 13:02:13,894 [WARN] PackLoader:240 - Cannot read IP mode file for STMicroelectronics.X-CUBE-BLEMGR.4.0.0
2025-02-06 13:02:13,954 [WARN] PackLoader:240 - Cannot read IP mode file for emotas.I-CUBE-CANOPEN.1.3.0
2025-02-06 13:02:13,994 [WARN] PackLoader:240 - Cannot read IP mode file for STMicroelectronics.X-CUBE-AI.10.0.0
2025-02-06 13:02:14,030 [WARN] PackLoader:240 - Cannot read IP mode file for STMicroelectronics.FP-SNS-SMARTAG2.1.2.0
2025-02-06 13:02:14,170 [WARN] PackLoader:240 - Cannot read IP mode file for STMicroelectronics.X-CUBE-MEMS1.11.1.0
2025-02-06 13:02:14,391 [INFO] LogOutputStream:77 - [STDOUT_REDIRECT] 1 : Invalid condition id : UX_CORESTACK_Condition cause : null
2025-02-06 13:02:14,392 [INFO] LogOutputStream:77 - [STDOUT_REDIRECT] 1 : Invalid condition id : UX_CORESTACK_Condition cause : null
2025-02-06 13:02:14,392 [INFO] LogOutputStream:77 - [STDOUT_REDIRECT] 1 : Invalid condition id : UX_CORESTACK_Condition cause : null
2025-02-06 13:02:14,392 [INFO] LogOutputStream:77 - [STDOUT_REDIRECT] 1 : Invalid condition id : UX_CORESTACK_Condition cause : null
2025-02-06 13:02:14,392 [INFO] LogOutputStream:77 - [STDOUT_REDIRECT] 1 : Invalid condition id : UX_CORESTACK_Condition cause : null
2025-02-06 13:02:14,394 [WARN] PackLoader:240 - Cannot read IP mode file for STMicroelectronics.X-CUBE-AZRTOS-WL.2.0.0
2025-02-06 13:02:14,416 [WARN] PackLoader:240 - Cannot read IP mode file for STMicroelectronics.FP-SNS-MOTENV1.5.0.0
2025-02-06 13:02:14,431 [WARN] PackLoader:240 - Cannot read IP mode file for wolfSSL.I-CUBE-wolfMQTT.1.19.0
2025-02-06 13:02:14,473 [WARN] PackLoader:240 - Cannot read IP mode file for WES.I-CUBE-Cesium.1.3.0
2025-02-06 13:02:14,539 [WARN] PackLoader:240 - Cannot read IP mode file for STMicroelectronics.X-CUBE-BLE2.3.3.0
2025-02-06 13:02:14,582 [WARN] PackLoader:240 - Cannot read IP mode file for STMicroelectronics.X-CUBE-NFC9.1.0.0
2025-02-06 13:02:14,648 [WARN] PackLoader:240 - Cannot read IP mode file for STMicroelectronics.X-CUBE-AZRTOS-G0.1.1.0
2025-02-06 13:02:14,670 [WARN] PackLoader:240 - Cannot read IP mode file for STMicroelectronics.X-CUBE-SAFEA1.1.2.2
2025-02-06 13:02:14,707 [WARN] PackLoader:240 - Cannot read IP mode file for STMicroelectronics.X-CUBE-NFC4.3.0.0
2025-02-06 13:02:14,737 [WARN] PackLoader:240 - Cannot read IP mode file for EmbeddedOffice.I-CUBE-FS-RTOS.1.0.1
2025-02-06 13:02:14,757 [WARN] PackLoader:240 - Cannot read IP mode file for STMicroelectronics.X-CUBE-TCPP.4.2.0
2025-02-06 13:02:14,780 [WARN] PackLoader:240 - Cannot read IP mode file for RealThread.X-CUBE-RT-Thread_Nano.4.1.1
2025-02-06 13:02:14,793 [WARN] PackLoader:240 - Cannot read IP mode file for STMicroelectronics.FP-ATR-SIGFOX1.3.2.0
2025-02-06 13:02:14,833 [WARN] ConditionMgr:438 - getConditionDescription Invalid condition id : Cortex-A Device cause : null
2025-02-06 13:02:14,842 [WARN] ConditionMgr:1044 - genDependencies : Invalid condition id : Cortex-A Device cause : null
2025-02-06 13:02:14,843 [WARN] ConditionMgr:1044 - genDependencies : Invalid condition id : Cortex-A Device cause : null
2025-02-06 13:02:14,843 [WARN] ConditionMgr:1044 - genDependencies : Invalid condition id : Cortex-A Device cause : null
2025-02-06 13:02:14,873 [WARN] PackLoader:240 - Cannot read IP mode file for STMicroelectronics.X-CUBE-EEPRMA1.5.1.0
2025-02-06 13:02:14,879 [WARN] PackLoader:240 - Cannot read IP mode file for wolfSSL.I-CUBE-wolfSSL.5.7.4
2025-02-06 13:02:14,979 [WARN] PackLoader:240 - Cannot read IP mode file for ITTIA_DB.I-CUBE-ITTIADB.8.9.0
2025-02-06 13:02:15,056 [WARN] PackLoader:240 - Cannot read IP mode file for SEGGER.I-CUBE-embOS.1.3.1
2025-02-06 13:02:15,112 [WARN] PackLoader:240 - Cannot read IP mode file for STMicroelectronics.X-CUBE-ALGOBUILD.1.4.0
2025-02-06 13:02:15,138 [WARN] PackLoader:240 - Cannot read IP mode file for STMicroelectronics.X-CUBE-AI.9.1.0
2025-02-06 13:02:15,262 [WARN] PackLoader:240 - Cannot read IP mode file for STMicroelectronics.X-CUBE-AZRTOS-F4.1.1.0
2025-02-06 13:02:15,279 [WARN] PackLoader:240 - Cannot read IP mode file for STMicroelectronics.X-CUBE-ISPU.2.1.0
2025-02-06 13:02:15,329 [WARN] PackLoader:240 - Cannot read IP mode file for STMicroelectronics.X-CUBE-AZRTOS-L5.2.0.0
2025-02-06 13:02:15,351 [WARN] PackLoader:240 - Cannot read IP mode file for STMicroelectronics.X-CUBE-NFC6.3.1.0
2025-02-06 13:02:15,384 [WARN] PackLoader:240 - Cannot read IP mode file for STMicroelectronics.X-CUBE-DPower.1.2.0
2025-02-06 13:02:15,416 [WARN] PackLoader:240 - Cannot read IP mode file for STMicroelectronics.X-CUBE-FREERTOS.1.3.0
2025-02-06 13:02:15,452 [WARN] PackLoader:240 - Cannot read IP mode file for STMicroelectronics.X-CUBE-NFC7.1.0.1
2025-02-06 13:02:15,487 [WARN] ConditionMgr:438 - getConditionDescription Invalid condition id : LAN8742 Phy interface Condition cause : null
2025-02-06 13:02:15,488 [WARN] PackLoader:240 - Cannot read IP mode file for STMicroelectronics.X-CUBE-AZRTOS-L4.2.0.0
2025-02-06 13:02:15,489 [WARN] ConditionMgr:1044 - genDependencies : Invalid condition id : LAN8742 Phy interface Condition cause : null
2025-02-06 13:02:15,489 [WARN] ConditionMgr:1044 - genDependencies : Invalid condition id : LAN8742 Phy interface Condition cause : null
2025-02-06 13:02:15,489 [WARN] ConditionMgr:1044 - genDependencies : Invalid condition id : LAN8742 Phy interface Condition cause : null
2025-02-06 13:02:15,520 [WARN] PackLoader:240 - Cannot read IP mode file for STMicroelectronics.X-CUBE-SFXS2LP1.4.0.0
2025-02-06 13:02:15,642 [WARN] PackLoader:240 - Cannot read IP mode file for STMicroelectronics.X-CUBE-AZRTOS-H7.3.3.0
2025-02-06 13:02:15,692 [WARN] PackLoader:240 - Cannot read IP mode file for STMicroelectronics.X-CUBE-IPS.3.0.0
2025-02-06 13:02:15,727 [WARN] ConditionMgr:438 - getConditionDescription Invalid condition id : UX DEVICE CLASS RTOS Condition cause : null
2025-02-06 13:02:15,728 [WARN] ConditionMgr:438 - getConditionDescription Invalid condition id : UX DEVICE CLASS RTOS Condition cause : null
2025-02-06 13:02:15,729 [WARN] PackLoader:240 - Cannot read IP mode file for STMicroelectronics.X-CUBE-AZRTOS-WB.2.0.0
2025-02-06 13:02:15,729 [WARN] ConditionMgr:1044 - genDependencies : Invalid condition id : UX DEVICE CLASS RTOS Condition cause : null
2025-02-06 13:02:15,729 [WARN] ConditionMgr:1044 - genDependencies : Invalid condition id : UX DEVICE CLASS RTOS Condition cause : null
2025-02-06 13:02:15,729 [WARN] ConditionMgr:1044 - genDependencies : Invalid condition id : UX DEVICE CLASS RTOS Condition cause : null
2025-02-06 13:02:15,730 [WARN] ConditionMgr:1044 - genDependencies : Invalid condition id : UX DEVICE CLASS RTOS Condition cause : null
2025-02-06 13:02:15,730 [WARN] ConditionMgr:1044 - genDependencies : Invalid condition id : UX DEVICE CLASS RTOS Condition cause : null
2025-02-06 13:02:15,734 [WARN] PackLoader:240 - Cannot read IP mode file for STMicroelectronics.X-CUBE-GNSS1.7.0.1
2025-02-06 13:02:15,780 [WARN] PackLoader:240 - Cannot read IP mode file for STMicroelectronics.FP-SNS-STBOX1.2.0.0
2025-02-06 13:02:15,874 [WARN] PackLoader:240 - Cannot read IP mode file for STMicroelectronics.X-CUBE-SUBG2.5.0.0
2025-02-06 13:02:15,928 [WARN] PackLoader:240 - Cannot read IP mode file for Cesanta.I-CUBE-Mongoose.7.13.0
2025-02-06 13:02:15,968 [WARN] PackLoader:240 - Cannot read IP mode file for STMicroelectronics.X-CUBE-AZRTOS-G4.2.0.0
2025-02-06 13:02:16,060 [WARN] PackLoader:240 - Cannot read IP mode file for STMicroelectronics.X-CUBE-IPS.3.1.0
2025-02-06 13:02:16,103 [WARN] PackLoader:240 - Cannot read IP mode file for STMicroelectronics.X-CUBE-ALS.1.0.2
2025-02-06 13:02:16,236 [WARN] PackLoader:240 - Cannot read IP mode file for STMicroelectronics.X-CUBE-TOUCHGFX.4.24.2
2025-02-06 13:02:16,282 [WARN] PackLoader:240 - Cannot read IP mode file for STMicroelectronics.X-CUBE-TOUCHGFX.4.24.1
2025-02-06 13:02:16,289 [WARN] PackLoader:240 - Cannot read IP mode file for wolfSSL.I-CUBE-wolfTPM.3.4.0
2025-02-06 13:02:16,336 [WARN] PackLoader:240 - Cannot read IP mode file for portGmbH.I-Cube-SoM-uGOAL.1.1.0
2025-02-06 13:02:16,418 [WARN] PackLoader:240 - Cannot read IP mode file for STMicroelectronics.X-CUBE-AZRTOS-H7RS.1.0.0
2025-02-06 13:02:16,480 [WARN] PackLoader:240 - Cannot read IP mode file for STMicroelectronics.X-CUBE-TOF1.3.4.2
2025-02-06 13:02:16,499 [WARN] PackLoader:240 - Cannot read IP mode file for wolfSSL.I-CUBE-wolfSSH.1.4.17
2025-02-06 13:02:16,500 [INFO] ThirdParty:978 - Integrity check success = true
2025-02-06 13:02:16,500 [INFO] IntegrityCheckThread:100 - exiting critical section [integrity check]
2025-02-06 13:02:16,500 [INFO] IntegrityCheckThread:103 - End integrity checks thread
2025-02-06 13:02:39,495 [INFO] WebApp:168 - Instantiating new browser for Auth
2025-02-06 13:02:56,613 [INFO] WebApp:449 - Apply proxy settings
2025-02-06 13:02:56,614 [INFO] WebApp:534 - Chromium requires no authentication
2025-02-06 13:02:56,706 [INFO] WebApp:477 - Direct internet connection detected
2025-02-06 13:02:57,180 [INFO] WebApp:880 - Register for checkConnection events
2025-02-06 13:02:57,181 [INFO] WebApp:449 - Apply proxy settings
2025-02-06 13:02:57,181 [INFO] WebApp:534 - Chromium requires no authentication
2025-02-06 13:02:57,247 [INFO] WebApp:477 - Direct internet connection detected
2025-02-06 13:03:00,443 [INFO] WebApp:221 - Starting web application
2025-02-06 13:03:00,443 [INFO] WebApp:579 - Web application path used /opt/st/stm32cubeide_1.17.0/plugins/com.st.stm32cube.common.mx_6.13.0.202411220809/db/plugins/mcufinder/reactClient1/index.html
2025-02-06 13:03:01,069 [INFO] WebApp:187 - Connection restablished
2025-02-09 23:24:13,554 [INFO] Activator:176 - 


2025-02-09 23:24:13,556 [INFO] Activator:177 - !SESSION log4j initialized
2025-02-09 23:24:21,797 [INFO] LogOutputStream:77 - [STDOUT_REDIRECT] 
2025-02-09 23:24:23,748 [INFO] ApplicationProperties:184 - Using Application install path: /opt/st/stm32cubeide_1.17.0/plugins/com.st.stm32cube.common.mx_6.13.0.202411220809
2025-02-09 23:24:23,825 [INFO] DbMcusXml:78 - Set database path to: /opt/st/stm32cubeide_1.17.0/plugins/com.st.stm32cube.common.mx_6.13.0.202411220809//db//mcu/
2025-02-09 23:24:23,826 [INFO] ApiDb:274 - Set plugin database path to: /opt/st/stm32cubeide_1.17.0/plugins/com.st.stm32cube.common.mx_6.13.0.202411220809//db//plugins/boardmanager/
2025-02-09 23:24:23,826 [WARN] ApiDb:259 - Overriding images path with different value:  => /opt/st/stm32cubeide_1.17.0/plugins/com.st.stm32cube.common.mx_6.13.0.202411220809//db//plugins/mcufinder/images/
2025-02-09 23:24:23,916 [INFO] ApiDb:250 - Set database path to: /home/scott/.stmcufinder/plugins/mcufinder//mcu/
2025-02-09 23:24:23,920 [INFO] DbMcusAds:125 - Set database path to: /home/scott/.stmcufinder/plugins/mcufinder//mcu/
2025-02-09 23:24:23,926 [INFO] CrossReferenceDbSqlite:203 - Set database path to: /home/scott/.stmcufinder/plugins/mcufinder//mcu/cs/
2025-02-09 23:24:24,107 [INFO] RulesReader:64 - Compatibility file has been processed (297 Rules)
2025-02-09 23:24:24,295 [INFO] DbMcusXml:78 - Set database path to: /opt/st/stm32cubeide_1.17.0/plugins/com.st.stm32cube.common.mx_6.13.0.202411220809//db//mcu/
2025-02-09 23:24:24,295 [INFO] ApiDb:274 - Set plugin database path to: /opt/st/stm32cubeide_1.17.0/plugins/com.st.stm32cube.common.mx_6.13.0.202411220809//db//plugins/boardmanager/
2025-02-09 23:24:24,295 [INFO] ApiDb:261 - Set plugin images path to: /opt/st/stm32cubeide_1.17.0/plugins/com.st.stm32cube.common.mx_6.13.0.202411220809//db//plugins/mcufinder/images/
2025-02-09 23:24:24,296 [WARN] DbFile:41 - Overriding database path with different value: /home/scott/.stmcufinder/plugins/mcufinder/ => /home/scott/.stmcufinder/plugins/mcufinder
2025-02-09 23:24:24,296 [INFO] ApiDb:250 - Set database path to: /home/scott/.stmcufinder/plugins/mcufinder//mcu/
2025-02-09 23:24:24,296 [WARN] DbFile:41 - Overriding database path with different value: /home/scott/.stmcufinder/plugins/mcufinder/ => /home/scott/.stmcufinder/plugins/mcufinder
2025-02-09 23:24:24,296 [INFO] DbMcusAds:125 - Set database path to: /home/scott/.stmcufinder/plugins/mcufinder//mcu/
2025-02-09 23:24:24,296 [WARN] DbFile:41 - Overriding database path with different value: /home/scott/.stmcufinder/plugins/mcufinder/ => /home/scott/.stmcufinder/plugins/mcufinder
2025-02-09 23:24:24,296 [WARN] DbFile:41 - Overriding database path with different value: /home/scott/.stmcufinder/plugins/mcufinder/ => /home/scott/.stmcufinder/plugins/mcufinder
2025-02-09 23:24:24,296 [INFO] CrossReferenceDbSqlite:203 - Set database path to: /home/scott/.stmcufinder/plugins/mcufinder//mcu/cs/
2025-02-09 23:24:24,417 [INFO] MainPanel:272 - HeapMemory: 268435456
2025-02-09 23:24:24,750 [INFO] DbMcusXml:78 - Set database path to: /opt/st/stm32cubeide_1.17.0/plugins/com.st.stm32cube.common.mx_6.13.0.202411220809//db//mcu/
2025-02-09 23:24:24,750 [INFO] ApiDb:274 - Set plugin database path to: /opt/st/stm32cubeide_1.17.0/plugins/com.st.stm32cube.common.mx_6.13.0.202411220809//db//plugins/boardmanager/
2025-02-09 23:24:24,750 [INFO] ApiDb:261 - Set plugin images path to: /opt/st/stm32cubeide_1.17.0/plugins/com.st.stm32cube.common.mx_6.13.0.202411220809//db//plugins/mcufinder/images/
2025-02-09 23:24:24,751 [WARN] DbFile:41 - Overriding database path with different value: /home/scott/.stmcufinder/plugins/mcufinder/ => /home/scott/.stmcufinder/plugins/mcufinder
2025-02-09 23:24:24,751 [INFO] ApiDb:250 - Set database path to: /home/scott/.stmcufinder/plugins/mcufinder//mcu/
2025-02-09 23:24:24,751 [WARN] DbFile:41 - Overriding database path with different value: /home/scott/.stmcufinder/plugins/mcufinder/ => /home/scott/.stmcufinder/plugins/mcufinder
2025-02-09 23:24:24,751 [INFO] DbMcusAds:125 - Set database path to: /home/scott/.stmcufinder/plugins/mcufinder//mcu/
2025-02-09 23:24:24,751 [WARN] DbFile:41 - Overriding database path with different value: /home/scott/.stmcufinder/plugins/mcufinder/ => /home/scott/.stmcufinder/plugins/mcufinder
2025-02-09 23:24:24,751 [WARN] DbFile:41 - Overriding database path with different value: /home/scott/.stmcufinder/plugins/mcufinder/ => /home/scott/.stmcufinder/plugins/mcufinder
2025-02-09 23:24:24,751 [INFO] CrossReferenceDbSqlite:203 - Set database path to: /home/scott/.stmcufinder/plugins/mcufinder//mcu/cs/
2025-02-09 23:24:24,782 [INFO] ApplicationProperties:184 - Using Application install path: /opt/st/stm32cubeide_1.17.0/plugins/com.st.stm32cube.common.mx_6.13.0.202411220809
2025-02-09 23:24:24,784 [INFO] PluginManage:196 - Search for loadable plugins [exclusion list=, ]
2025-02-09 23:24:24,849 [INFO] PluginManage:310 - Check plugin analytics
2025-02-09 23:24:25,177 [INFO] AnalyticsPlugin:253 - Accepted Software Licenses: STM32CubeMX.6.13.0
2025-02-09 23:24:25,177 [INFO] AnalyticsPlugin:255 - Accepted CMSIS Pack Licenses: 
2025-02-09 23:24:25,178 [INFO] AnalyticsPlugin:257 - Accepted Firmware Licenses: 
2025-02-09 23:24:25,184 [INFO] PluginManage:359 - Loaded plugin analytics (category:tool,tabindex:-1)
2025-02-09 23:24:25,184 [INFO] PluginManage:310 - Check plugin cadmodel
2025-02-09 23:24:25,213 [INFO] CADModel:105 - Init CAD model plugin
2025-02-09 23:24:25,213 [INFO] PluginManage:359 - Loaded plugin cadmodel (category:power,tabindex:5)
2025-02-09 23:24:25,213 [INFO] PluginManage:310 - Check plugin clock
2025-02-09 23:24:25,287 [INFO] PluginManage:359 - Loaded plugin clock (category:base,tabindex:2)
2025-02-09 23:24:25,288 [INFO] PluginManage:310 - Check plugin ddr
2025-02-09 23:24:25,294 [INFO] PluginManage:359 - Loaded plugin ddr (category:tool,tabindex:6)
2025-02-09 23:24:25,294 [INFO] PluginManage:310 - Check plugin filemanager
2025-02-09 23:24:25,604 [INFO] PluginManage:359 - Loaded plugin filemanager (category:base,tabindex:10)
2025-02-09 23:24:25,605 [INFO] PluginManage:310 - Check plugin ipmanager
2025-02-09 23:24:25,664 [INFO] PluginManage:359 - Loaded plugin ipmanager (category:base,tabindex:5)
2025-02-09 23:24:25,665 [INFO] PluginManage:310 - Check plugin lpbam
2025-02-09 23:24:25,707 [INFO] PluginManage:359 - Loaded plugin lpbam (category:base,tabindex:0)
2025-02-09 23:24:25,708 [INFO] PluginManage:310 - Check plugin memorymap
2025-02-09 23:24:25,767 [INFO] PluginManage:359 - Loaded plugin memorymap (category:base,tabindex:4)
2025-02-09 23:24:25,767 [INFO] PluginManage:310 - Check plugin pinoutandconfiguration
2025-02-09 23:24:25,832 [INFO] PluginManage:359 - Loaded plugin pinoutandconfiguration (category:base,tabindex:1)
2025-02-09 23:24:25,833 [INFO] PluginManage:310 - Check plugin pinoutconfig
2025-02-09 23:24:25,999 [WARN] SupportedApi:132 - Cannot load RTOS API schema: s4s-elt-must-match.1: The content of 'definitions' must match (annotation?, (simpleType | complexType)?, (unique | key | keyref)*)). A problem was found starting at: attribute.
2025-02-09 23:24:26,182 [INFO] PluginManage:359 - Loaded plugin pinoutconfig (category:base,tabindex:0)
2025-02-09 23:24:26,183 [INFO] PluginManage:310 - Check plugin power
2025-02-09 23:24:26,214 [INFO] PluginManage:359 - Loaded plugin power (category:power,tabindex:4)
2025-02-09 23:24:26,214 [INFO] PluginManage:310 - Check plugin projectmanager
2025-02-09 23:24:26,251 [INFO] PluginManage:359 - Loaded plugin projectmanager (category:projectmanager,tabindex:4)
2025-02-09 23:24:26,251 [INFO] PluginManage:310 - Check plugin rif
2025-02-09 23:24:26,303 [INFO] PluginManage:359 - Loaded plugin rif (category:base,tabindex:3)
2025-02-09 23:24:26,303 [INFO] PluginManage:310 - Check plugin thirdparty
2025-02-09 23:24:26,708 [INFO] PluginManage:359 - Loaded plugin thirdparty (category:base,tabindex:-1)
2025-02-09 23:24:26,708 [INFO] PluginManage:310 - Check plugin tools
2025-02-09 23:24:26,708 [WARN] IntegrityCheckThread:84 - waiting for thirdparty lock release [integrity check]
2025-02-09 23:24:26,709 [INFO] IntegrityCheckThread:86 - entering critical section [integrity check]
2025-02-09 23:24:26,710 [INFO] ThirdPartyUpdaterWithRetryManager:70 - Updater plugin not ready yet. [1/15]
2025-02-09 23:24:26,741 [INFO] PluginManage:359 - Loaded plugin tools (category:base,tabindex:7)
2025-02-09 23:24:26,741 [INFO] PluginManage:310 - Check plugin tutovideos
2025-02-09 23:24:27,093 [INFO] PluginManage:359 - Loaded plugin tutovideos (category:base,tabindex:-1)
2025-02-09 23:24:27,093 [INFO] PluginManage:310 - Check plugin updater
2025-02-09 23:24:27,130 [INFO] PluginManage:359 - Loaded plugin updater (category:base,tabindex:12)
2025-02-09 23:24:27,131 [INFO] PluginManage:310 - Check plugin userauth
2025-02-09 23:24:27,155 [INFO] UserAuth:118 - Init User Auth plugin
2025-02-09 23:24:27,157 [INFO] PluginManage:359 - Loaded plugin userauth (category:base,tabindex:14)
2025-02-09 23:24:27,157 [INFO] PluginManage:283 - PluginManage : Loaded plugins [18]
2025-02-09 23:24:27,504 [INFO] PinOutPanel:1589 - setPackage(No Configuration,No Configuration)
2025-02-09 23:24:27,644 [INFO] CADModel:165 - CPN selected for project level
2025-02-09 23:24:27,644 [INFO] CADModel:114 - Register for checkConnection events
2025-02-09 23:24:27,742 [INFO] IPUIPlugin:80 - create IPUIPlugin
2025-02-09 23:24:27,742 [INFO] PluginManager:220 - loadIPPluginJar : add comp
2025-02-09 23:24:27,771 [INFO] IPUIPlugin:80 - create IPUIPlugin
2025-02-09 23:24:27,772 [INFO] PluginManager:220 - loadIPPluginJar : add ucpd
2025-02-09 23:24:27,775 [INFO] IPUIPlugin:80 - create IPUIPlugin
2025-02-09 23:24:27,775 [INFO] PluginManager:220 - loadIPPluginJar : add dfsdm
2025-02-09 23:24:27,875 [INFO] IPUIPlugin:80 - create IPUIPlugin
2025-02-09 23:24:27,876 [INFO] PluginManager:220 - loadIPPluginJar : add stm32_wpan
2025-02-09 23:24:27,881 [INFO] IPUIPlugin:80 - create IPUIPlugin
2025-02-09 23:24:27,881 [INFO] PluginManager:220 - loadIPPluginJar : add dma3
2025-02-09 23:24:27,883 [INFO] IPUIPlugin:80 - create IPUIPlugin
2025-02-09 23:24:27,883 [INFO] PluginManager:220 - loadIPPluginJar : add fatfs
2025-02-09 23:24:27,924 [INFO] IPUIPlugin:80 - create IPUIPlugin
2025-02-09 23:24:27,924 [INFO] PluginManager:220 - loadIPPluginJar : add spi
2025-02-09 23:24:27,996 [INFO] IPUIPlugin:80 - create IPUIPlugin
2025-02-09 23:24:27,997 [INFO] PluginManager:220 - loadIPPluginJar : add ddr_ctrl_phy
2025-02-09 23:24:28,002 [INFO] IPUIPlugin:80 - create IPUIPlugin
2025-02-09 23:24:28,002 [INFO] PluginManager:220 - loadIPPluginJar : add fmc
2025-02-09 23:24:28,033 [INFO] IPUIPlugin:80 - create IPUIPlugin
2025-02-09 23:24:28,033 [INFO] PluginManager:220 - loadIPPluginJar : add linkedlist
2025-02-09 23:24:28,037 [INFO] IPUIPlugin:80 - create IPUIPlugin
2025-02-09 23:24:28,037 [INFO] PluginManager:220 - loadIPPluginJar : add gfxmmu
2025-02-09 23:24:28,042 [INFO] IPUIPlugin:80 - create IPUIPlugin
2025-02-09 23:24:28,042 [INFO] PluginManager:220 - loadIPPluginJar : add touchsensing
2025-02-09 23:24:28,046 [INFO] IPUIPlugin:80 - create IPUIPlugin
2025-02-09 23:24:28,046 [INFO] PluginManager:220 - loadIPPluginJar : add usart
2025-02-09 23:24:28,091 [INFO] IPUIPlugin:80 - create IPUIPlugin
2025-02-09 23:24:28,092 [INFO] PluginManager:220 - loadIPPluginJar : add gpio
2025-02-09 23:24:28,095 [INFO] IPUIPlugin:80 - create IPUIPlugin
2025-02-09 23:24:28,095 [INFO] PluginManager:220 - loadIPPluginJar : add usbx
2025-02-09 23:24:28,099 [INFO] IPUIPlugin:80 - create IPUIPlugin
2025-02-09 23:24:28,099 [INFO] PluginManager:220 - loadIPPluginJar : add ts
2025-02-09 23:24:28,103 [INFO] IPUIPlugin:80 - create IPUIPlugin
2025-02-09 23:24:28,103 [INFO] PluginManager:220 - loadIPPluginJar : add gtzc
2025-02-09 23:24:28,165 [INFO] IPUIPlugin:80 - create IPUIPlugin
2025-02-09 23:24:28,182 [INFO] PluginManager:220 - loadIPPluginJar : add plateformsettings
2025-02-09 23:24:28,187 [INFO] IPUIPlugin:80 - create IPUIPlugin
2025-02-09 23:24:28,188 [INFO] PluginManager:220 - loadIPPluginJar : add i3c
2025-02-09 23:24:28,237 [INFO] IPUIPlugin:80 - create IPUIPlugin
2025-02-09 23:24:28,237 [INFO] PluginManager:220 - loadIPPluginJar : add mdma
2025-02-09 23:24:28,241 [INFO] IPUIPlugin:80 - create IPUIPlugin
2025-02-09 23:24:28,242 [INFO] PluginManager:220 - loadIPPluginJar : add pdm2pcm
2025-02-09 23:24:28,277 [INFO] IPUIPlugin:80 - create IPUIPlugin
2025-02-09 23:24:28,277 [INFO] PluginManager:220 - loadIPPluginJar : add aes
2025-02-09 23:24:28,287 [INFO] IPUIPlugin:80 - create IPUIPlugin
2025-02-09 23:24:28,287 [INFO] PluginManager:220 - loadIPPluginJar : add gic
2025-02-09 23:24:28,289 [INFO] IPUIPlugin:80 - create IPUIPlugin
2025-02-09 23:24:28,290 [INFO] PluginManager:220 - loadIPPluginJar : add ltdc
2025-02-09 23:24:28,345 [INFO] IPUIPlugin:80 - create IPUIPlugin
2025-02-09 23:24:28,345 [INFO] PluginManager:220 - loadIPPluginJar : add resmgrutility
2025-02-09 23:24:28,349 [INFO] IPUIPlugin:80 - create IPUIPlugin
2025-02-09 23:24:28,349 [INFO] PluginManager:220 - loadIPPluginJar : add tsc
2025-02-09 23:24:28,352 [INFO] IPUIPlugin:80 - create IPUIPlugin
2025-02-09 23:24:28,352 [INFO] PluginManager:220 - loadIPPluginJar : add quadspi
2025-02-09 23:24:28,358 [INFO] IPUIPlugin:80 - create IPUIPlugin
2025-02-09 23:24:28,358 [INFO] PluginManager:220 - loadIPPluginJar : add openamp
2025-02-09 23:24:28,392 [INFO] IPUIPlugin:80 - create IPUIPlugin
2025-02-09 23:24:28,393 [INFO] PluginManager:220 - loadIPPluginJar : add nvic
2025-02-09 23:24:28,399 [INFO] IPUIPlugin:80 - create IPUIPlugin
2025-02-09 23:24:28,400 [INFO] PluginManager:220 - loadIPPluginJar : add sai
2025-02-09 23:24:28,403 [INFO] IPUIPlugin:80 - create IPUIPlugin
2025-02-09 23:24:28,404 [INFO] PluginManager:220 - loadIPPluginJar : add radio
2025-02-09 23:24:28,407 [INFO] IPUIPlugin:80 - create IPUIPlugin
2025-02-09 23:24:28,407 [INFO] PluginManager:220 - loadIPPluginJar : add lorawan
2025-02-09 23:24:28,409 [INFO] IPUIPlugin:80 - create IPUIPlugin
2025-02-09 23:24:28,409 [INFO] PluginManager:220 - loadIPPluginJar : add tim
2025-02-09 23:24:28,412 [INFO] IPUIPlugin:80 - create IPUIPlugin
2025-02-09 23:24:28,412 [INFO] PluginManager:220 - loadIPPluginJar : add cryp
2025-02-09 23:24:28,444 [INFO] IPUIPlugin:80 - create IPUIPlugin
2025-02-09 23:24:28,444 [INFO] PluginManager:220 - loadIPPluginJar : add hash
2025-02-09 23:24:28,478 [INFO] IPUIPlugin:80 - create IPUIPlugin
2025-02-09 23:24:28,478 [INFO] PluginManager:220 - loadIPPluginJar : add adc
2025-02-09 23:24:28,516 [INFO] IPUIPlugin:80 - create IPUIPlugin
2025-02-09 23:24:28,516 [INFO] PluginManager:220 - loadIPPluginJar : add dma
2025-02-09 23:24:28,520 [INFO] IPUIPlugin:80 - create IPUIPlugin
2025-02-09 23:24:28,520 [INFO] PluginManager:220 - loadIPPluginJar : add tracer_emb
2025-02-09 23:24:28,535 [INFO] IPUIPlugin:80 - create IPUIPlugin
2025-02-09 23:24:28,535 [INFO] PluginManager:220 - loadIPPluginJar : add ipddr
2025-02-09 23:24:28,539 [INFO] IPUIPlugin:80 - create IPUIPlugin
2025-02-09 23:24:28,540 [INFO] PluginManager:220 - loadIPPluginJar : add i2s
2025-02-09 23:24:28,584 [INFO] IPUIPlugin:80 - create IPUIPlugin
2025-02-09 23:24:28,584 [INFO] PluginManager:220 - loadIPPluginJar : add freertos
2025-02-09 23:24:28,590 [INFO] IPUIPlugin:80 - create IPUIPlugin
2025-02-09 23:24:28,590 [INFO] PluginManager:220 - loadIPPluginJar : add opamp
2025-02-09 23:24:28,594 [INFO] IPUIPlugin:80 - create IPUIPlugin
2025-02-09 23:24:28,594 [INFO] PluginManager:220 - loadIPPluginJar : add i2c
2025-02-09 23:24:28,597 [INFO] IPUIPlugin:80 - create IPUIPlugin
2025-02-09 23:24:28,597 [INFO] PluginManager:220 - loadIPPluginJar : add extmemmanager
2025-02-09 23:24:28,600 [INFO] IPUIPlugin:80 - create IPUIPlugin
2025-02-09 23:24:28,600 [INFO] PluginManager:220 - loadIPPluginJar : add can
2025-02-09 23:24:28,602 [INFO] IPUIPlugin:80 - create IPUIPlugin
2025-02-09 23:24:28,602 [INFO] PluginManager:220 - loadIPPluginJar : add genericplugin
2025-02-09 23:24:28,712 [FATAL] Updater:351 - Updater called before beeing initialized
2025-02-09 23:24:28,764 [INFO] RulesReader:64 - Compatibility file has been processed (297 Rules)
2025-02-09 23:24:28,778 [INFO] RulesReader:64 - Compatibility file has been processed (297 Rules)
2025-02-09 23:24:28,796 [INFO] CADModel:165 - CPN selected for project level
2025-02-09 23:24:28,796 [INFO] CADModel:114 - Register for checkConnection events
2025-02-09 23:24:28,796 [FATAL] Updater:351 - Updater called before beeing initialized
2025-02-09 23:24:28,796 [ERROR] CADModel:125 - Updater not yet initialized, retry later 
2025-02-09 23:24:29,037 [FATAL] Updater:351 - Updater called before beeing initialized
2025-02-09 23:24:29,039 [INFO] CADModel:165 - CPN selected for project level
2025-02-09 23:24:29,039 [INFO] CADModel:114 - Register for checkConnection events
2025-02-09 23:24:29,039 [FATAL] Updater:351 - Updater called before beeing initialized
2025-02-09 23:24:29,039 [ERROR] CADModel:125 - Updater not yet initialized, retry later 
2025-02-09 23:24:29,042 [FATAL] Updater:351 - Updater called before beeing initialized
2025-02-09 23:24:29,135 [FATAL] Updater:351 - Updater called before beeing initialized
2025-02-09 23:24:29,151 [INFO] DbMcusAds:53 - JSON generation date=Tue Dec 17 11:01:15 EST 2024 (1734451275222)
2025-02-09 23:24:29,151 [FATAL] Updater:351 - Updater called before beeing initialized
2025-02-09 23:24:29,252 [WARN] DetailPanel:346 - Failed to get advertising image, set to default
2025-02-09 23:24:29,488 [FATAL] Updater:351 - Updater called before beeing initialized
2025-02-09 23:24:29,490 [FATAL] Updater:351 - Updater called before beeing initialized
2025-02-09 23:24:29,490 [FATAL] Updater:351 - Updater called before beeing initialized
2025-02-09 23:24:29,490 [WARN] DetailPanel:346 - Failed to get advertising image, set to default
2025-02-09 23:24:29,491 [FATAL] Updater:351 - Updater called before beeing initialized
2025-02-09 23:24:29,568 [ERROR] Updater:1198 - MainUpdater not yet initialized. External WinMGr cannot be set.
2025-02-09 23:24:29,593 [INFO] Updater:1134 - Updater Version found : 6.13.0
2025-02-09 23:24:29,613 [INFO] ApplicationProperties:184 - Using Application install path: /opt/st/stm32cubeide_1.17.0/plugins/com.st.stm32cube.common.mx_6.13.0.202411220809
2025-02-09 23:24:29,710 [INFO] ThirdPartyUpdaterWithRetryManager:70 - Updater plugin not ready yet. [2/15]
2025-02-09 23:24:30,212 [INFO] MainUpdater:2872 - connection check result : 10
2025-02-09 23:24:30,214 [INFO] MainUpdater:289 - Updater Check For Update Now.
2025-02-09 23:24:30,214 [INFO] MicroXplorer:498 - Change Database Version : DB.6.0.130
2025-02-09 23:24:30,226 [INFO] McuFinderGlobals:63 - Set McuFinder mode to 2 (CubeIDE integrated)
2025-02-09 23:24:30,226 [INFO] UserAuth:171 - activating auth plugin
2025-02-09 23:24:30,238 [INFO] UserAuth:486 - Internet connection configuration mode: 1
2025-02-09 23:24:30,348 [INFO] JxBrowserEngine:152 - Initiate JxBrowser Engine with user profile folder
2025-02-09 23:24:30,633 [INFO] CheckServerUpdateThread:120 - End of CheckServer Thread
2025-02-09 23:24:33,828 [WARN] PackLoader:240 - Cannot read IP mode file for STMicroelectronics.FP-SNS-MOTENVWB1.1.4.0
2025-02-09 23:24:33,949 [WARN] PackLoader:240 - Cannot read IP mode file for STMicroelectronics.FP-ATR-ASTRA1.2.0.1
2025-02-09 23:24:34,110 [WARN] PackLoader:240 - Cannot read IP mode file for STMicroelectronics.X-CUBE-SMBUS.2.1.0
2025-02-09 23:24:34,224 [WARN] PackLoader:240 - Cannot read IP mode file for STMicroelectronics.X-CUBE-WB05N.1.1.0
2025-02-09 23:24:34,448 [WARN] PackLoader:240 - Cannot read IP mode file for STMicroelectronics.X-CUBE-AZRTOS-F7.1.1.0
2025-02-09 23:24:34,505 [WARN] PackLoader:240 - Cannot read IP mode file for STMicroelectronics.FP-SNS-FLIGHT1.5.0.2
2025-02-09 23:24:34,683 [WARN] PackLoader:240 - Cannot read IP mode file for Infineon.AIROC-Wi-Fi-Bluetooth-STM32.1.7.0
2025-02-09 23:24:34,881 [WARN] PackLoader:240 - Cannot read IP mode file for STMicroelectronics.X-CUBE-DISPLAY.3.0.0
2025-02-09 23:24:35,032 [WARN] PackLoader:240 - Cannot read IP mode file for STMicroelectronics.X-CUBE-BLE1.7.0.0
2025-02-09 23:24:35,162 [WARN] PackLoader:240 - Cannot read IP mode file for STMicroelectronics.X-CUBE-NFC10.1.0.0
2025-02-09 23:24:35,341 [WARN] PackLoader:240 - Cannot read IP mode file for STMicroelectronics.X-CUBE-BLEMGR.4.0.0
2025-02-09 23:24:35,434 [WARN] PackLoader:240 - Cannot read IP mode file for emotas.I-CUBE-CANOPEN.1.3.0
2025-02-09 23:24:35,580 [WARN] PackLoader:240 - Cannot read IP mode file for STMicroelectronics.X-CUBE-AI.10.0.0
2025-02-09 23:24:35,722 [WARN] PackLoader:240 - Cannot read IP mode file for STMicroelectronics.FP-SNS-SMARTAG2.1.2.0
2025-02-09 23:24:37,018 [WARN] PackLoader:240 - Cannot read IP mode file for STMicroelectronics.X-CUBE-MEMS1.11.1.0
2025-02-09 23:24:37,328 [INFO] LogOutputStream:77 - [STDOUT_REDIRECT] 1 : Invalid condition id : UX_CORESTACK_Condition cause : null
2025-02-09 23:24:37,335 [INFO] LogOutputStream:77 - [STDOUT_REDIRECT] 1 : Invalid condition id : UX_CORESTACK_Condition cause : null
2025-02-09 23:24:37,335 [INFO] LogOutputStream:77 - [STDOUT_REDIRECT] 1 : Invalid condition id : UX_CORESTACK_Condition cause : null
2025-02-09 23:24:37,336 [INFO] LogOutputStream:77 - [STDOUT_REDIRECT] 1 : Invalid condition id : UX_CORESTACK_Condition cause : null
2025-02-09 23:24:37,336 [INFO] LogOutputStream:77 - [STDOUT_REDIRECT] 1 : Invalid condition id : UX_CORESTACK_Condition cause : null
2025-02-09 23:24:37,341 [WARN] PackLoader:240 - Cannot read IP mode file for STMicroelectronics.X-CUBE-AZRTOS-WL.2.0.0
2025-02-09 23:24:37,399 [WARN] PackLoader:240 - Cannot read IP mode file for STMicroelectronics.FP-SNS-MOTENV1.5.0.0
2025-02-09 23:24:37,458 [WARN] PackLoader:240 - Cannot read IP mode file for wolfSSL.I-CUBE-wolfMQTT.1.19.0
2025-02-09 23:24:37,634 [WARN] PackLoader:240 - Cannot read IP mode file for WES.I-CUBE-Cesium.1.3.0
2025-02-09 23:24:37,813 [WARN] PackLoader:240 - Cannot read IP mode file for STMicroelectronics.X-CUBE-BLE2.3.3.0
2025-02-09 23:24:37,949 [WARN] PackLoader:240 - Cannot read IP mode file for STMicroelectronics.X-CUBE-NFC9.1.0.0
2025-02-09 23:24:38,211 [WARN] PackLoader:240 - Cannot read IP mode file for STMicroelectronics.X-CUBE-AZRTOS-G0.1.1.0
2025-02-09 23:24:38,346 [WARN] PackLoader:240 - Cannot read IP mode file for STMicroelectronics.X-CUBE-SAFEA1.1.2.2
2025-02-09 23:24:38,507 [WARN] PackLoader:240 - Cannot read IP mode file for STMicroelectronics.X-CUBE-NFC4.3.0.0
2025-02-09 23:24:38,666 [WARN] PackLoader:240 - Cannot read IP mode file for EmbeddedOffice.I-CUBE-FS-RTOS.1.0.1
2025-02-09 23:24:38,735 [WARN] PackLoader:240 - Cannot read IP mode file for STMicroelectronics.X-CUBE-TCPP.4.2.0
2025-02-09 23:24:38,814 [WARN] PackLoader:240 - Cannot read IP mode file for RealThread.X-CUBE-RT-Thread_Nano.4.1.1
2025-02-09 23:24:38,894 [WARN] PackLoader:240 - Cannot read IP mode file for STMicroelectronics.FP-ATR-SIGFOX1.3.2.0
2025-02-09 23:24:38,966 [WARN] ConditionMgr:438 - getConditionDescription Invalid condition id : Cortex-A Device cause : null
2025-02-09 23:24:39,054 [WARN] ConditionMgr:1044 - genDependencies : Invalid condition id : Cortex-A Device cause : null
2025-02-09 23:24:39,054 [WARN] ConditionMgr:1044 - genDependencies : Invalid condition id : Cortex-A Device cause : null
2025-02-09 23:24:39,054 [WARN] ConditionMgr:1044 - genDependencies : Invalid condition id : Cortex-A Device cause : null
2025-02-09 23:24:39,182 [WARN] PackLoader:240 - Cannot read IP mode file for STMicroelectronics.X-CUBE-EEPRMA1.5.1.0
2025-02-09 23:24:39,483 [WARN] PackLoader:240 - Cannot read IP mode file for wolfSSL.I-CUBE-wolfSSL.5.7.4
2025-02-09 23:24:40,575 [WARN] PackLoader:240 - Cannot read IP mode file for ITTIA_DB.I-CUBE-ITTIADB.8.9.0
2025-02-09 23:24:40,830 [WARN] PackLoader:240 - Cannot read IP mode file for SEGGER.I-CUBE-embOS.1.3.1
2025-02-09 23:24:40,922 [WARN] PackLoader:240 - Cannot read IP mode file for STMicroelectronics.X-CUBE-ALGOBUILD.1.4.0
2025-02-09 23:24:41,053 [WARN] PackLoader:240 - Cannot read IP mode file for STMicroelectronics.X-CUBE-AI.9.1.0
2025-02-09 23:24:41,293 [WARN] PackLoader:240 - Cannot read IP mode file for STMicroelectronics.X-CUBE-AZRTOS-F4.1.1.0
2025-02-09 23:24:41,514 [WARN] PackLoader:240 - Cannot read IP mode file for STMicroelectronics.X-CUBE-ISPU.2.1.0
2025-02-09 23:24:41,766 [WARN] PackLoader:240 - Cannot read IP mode file for STMicroelectronics.X-CUBE-AZRTOS-L5.2.0.0
2025-02-09 23:24:41,929 [WARN] PackLoader:240 - Cannot read IP mode file for STMicroelectronics.X-CUBE-NFC6.3.1.0
2025-02-09 23:24:42,108 [WARN] PackLoader:240 - Cannot read IP mode file for STMicroelectronics.X-CUBE-DPower.1.2.0
2025-02-09 23:24:42,158 [WARN] PackLoader:240 - Cannot read IP mode file for STMicroelectronics.X-CUBE-FREERTOS.1.3.0
2025-02-09 23:24:42,289 [WARN] PackLoader:240 - Cannot read IP mode file for STMicroelectronics.X-CUBE-NFC7.1.0.1
2025-02-09 23:24:42,993 [WARN] ConditionMgr:438 - getConditionDescription Invalid condition id : LAN8742 Phy interface Condition cause : null
2025-02-09 23:24:42,994 [WARN] PackLoader:240 - Cannot read IP mode file for STMicroelectronics.X-CUBE-AZRTOS-L4.2.0.0
2025-02-09 23:24:42,996 [WARN] ConditionMgr:1044 - genDependencies : Invalid condition id : LAN8742 Phy interface Condition cause : null
2025-02-09 23:24:42,996 [WARN] ConditionMgr:1044 - genDependencies : Invalid condition id : LAN8742 Phy interface Condition cause : null
2025-02-09 23:24:42,997 [WARN] ConditionMgr:1044 - genDependencies : Invalid condition id : LAN8742 Phy interface Condition cause : null
2025-02-09 23:24:43,219 [WARN] PackLoader:240 - Cannot read IP mode file for STMicroelectronics.X-CUBE-SFXS2LP1.4.0.0
2025-02-09 23:24:43,492 [WARN] PackLoader:240 - Cannot read IP mode file for STMicroelectronics.X-CUBE-AZRTOS-H7.3.3.0
2025-02-09 23:24:43,725 [WARN] PackLoader:240 - Cannot read IP mode file for STMicroelectronics.X-CUBE-IPS.3.0.0
2025-02-09 23:24:43,869 [WARN] ConditionMgr:438 - getConditionDescription Invalid condition id : UX DEVICE CLASS RTOS Condition cause : null
2025-02-09 23:24:43,869 [WARN] ConditionMgr:438 - getConditionDescription Invalid condition id : UX DEVICE CLASS RTOS Condition cause : null
2025-02-09 23:24:43,870 [WARN] PackLoader:240 - Cannot read IP mode file for STMicroelectronics.X-CUBE-AZRTOS-WB.2.0.0
2025-02-09 23:24:43,871 [WARN] ConditionMgr:1044 - genDependencies : Invalid condition id : UX DEVICE CLASS RTOS Condition cause : null
2025-02-09 23:24:43,871 [WARN] ConditionMgr:1044 - genDependencies : Invalid condition id : UX DEVICE CLASS RTOS Condition cause : null
2025-02-09 23:24:43,871 [WARN] ConditionMgr:1044 - genDependencies : Invalid condition id : UX DEVICE CLASS RTOS Condition cause : null
2025-02-09 23:24:43,871 [WARN] ConditionMgr:1044 - genDependencies : Invalid condition id : UX DEVICE CLASS RTOS Condition cause : null
2025-02-09 23:24:43,871 [WARN] ConditionMgr:1044 - genDependencies : Invalid condition id : UX DEVICE CLASS RTOS Condition cause : null
2025-02-09 23:24:43,999 [WARN] PackLoader:240 - Cannot read IP mode file for STMicroelectronics.X-CUBE-GNSS1.7.0.1
2025-02-09 23:24:44,255 [WARN] PackLoader:240 - Cannot read IP mode file for STMicroelectronics.FP-SNS-STBOX1.2.0.0
2025-02-09 23:24:44,516 [WARN] PackLoader:240 - Cannot read IP mode file for STMicroelectronics.X-CUBE-SUBG2.5.0.0
2025-02-09 23:24:44,739 [WARN] PackLoader:240 - Cannot read IP mode file for Cesanta.I-CUBE-Mongoose.7.13.0
2025-02-09 23:24:45,413 [WARN] PackLoader:240 - Cannot read IP mode file for STMicroelectronics.X-CUBE-AZRTOS-G4.2.0.0
2025-02-09 23:24:46,245 [WARN] PackLoader:240 - Cannot read IP mode file for STMicroelectronics.X-CUBE-IPS.3.1.0
2025-02-09 23:24:46,342 [WARN] PackLoader:240 - Cannot read IP mode file for STMicroelectronics.X-CUBE-ALS.1.0.2
2025-02-09 23:24:46,544 [WARN] PackLoader:240 - Cannot read IP mode file for STMicroelectronics.X-CUBE-TOUCHGFX.4.24.2
2025-02-09 23:24:46,663 [WARN] PackLoader:240 - Cannot read IP mode file for STMicroelectronics.X-CUBE-TOUCHGFX.4.24.1
2025-02-09 23:24:46,727 [WARN] PackLoader:240 - Cannot read IP mode file for wolfSSL.I-CUBE-wolfTPM.3.4.0
2025-02-09 23:24:46,894 [WARN] PackLoader:240 - Cannot read IP mode file for portGmbH.I-Cube-SoM-uGOAL.1.1.0
2025-02-09 23:24:47,143 [WARN] PackLoader:240 - Cannot read IP mode file for STMicroelectronics.X-CUBE-AZRTOS-H7RS.1.0.0
2025-02-09 23:24:47,315 [WARN] PackLoader:240 - Cannot read IP mode file for STMicroelectronics.X-CUBE-TOF1.3.4.2
2025-02-09 23:24:47,391 [WARN] PackLoader:240 - Cannot read IP mode file for wolfSSL.I-CUBE-wolfSSH.1.4.17
2025-02-09 23:24:47,392 [INFO] ThirdParty:978 - Integrity check success = true
2025-02-09 23:24:47,392 [INFO] IntegrityCheckThread:100 - exiting critical section [integrity check]
2025-02-09 23:24:47,392 [INFO] IntegrityCheckThread:103 - End integrity checks thread
2025-02-09 23:24:50,593 [INFO] WebApp:168 - Instantiating new browser for Auth
2025-02-09 23:25:02,753 [INFO] WebApp:449 - Apply proxy settings
2025-02-09 23:25:02,753 [INFO] WebApp:534 - Chromium requires no authentication
2025-02-09 23:25:02,983 [INFO] WebApp:477 - Direct internet connection detected
2025-02-09 23:25:03,342 [INFO] WebApp:880 - Register for checkConnection events
2025-02-09 23:25:03,343 [INFO] WebApp:449 - Apply proxy settings
2025-02-09 23:25:03,343 [INFO] WebApp:534 - Chromium requires no authentication
2025-02-09 23:25:03,345 [INFO] WebApp:477 - Direct internet connection detected
2025-02-09 23:25:08,375 [INFO] WebApp:221 - Starting web application
2025-02-09 23:25:08,375 [INFO] WebApp:579 - Web application path used /opt/st/stm32cubeide_1.17.0/plugins/com.st.stm32cube.common.mx_6.13.0.202411220809/db/plugins/mcufinder/reactClient1/index.html
2025-02-09 23:25:09,165 [INFO] WebApp:187 - Connection restablished
