2025-02-11 02:32:45,771 [INFO] Activator:176 - 


2025-02-11 02:32:45,774 [INFO] Activator:177 - !SESSION log4j initialized
2025-02-11 02:32:55,563 [INFO] LogOutputStream:77 - [STDOUT_REDIRECT] 
2025-02-11 02:32:58,299 [INFO] ApplicationProperties:184 - Using Application install path: /opt/st/stm32cubeide_1.17.0/plugins/com.st.stm32cube.common.mx_6.13.0.202411220809
2025-02-11 02:32:58,350 [INFO] DbMcusXml:78 - Set database path to: /opt/st/stm32cubeide_1.17.0/plugins/com.st.stm32cube.common.mx_6.13.0.202411220809//db//mcu/
2025-02-11 02:32:58,351 [INFO] ApiDb:274 - Set plugin database path to: /opt/st/stm32cubeide_1.17.0/plugins/com.st.stm32cube.common.mx_6.13.0.202411220809//db//plugins/boardmanager/
2025-02-11 02:32:58,351 [WARN] ApiDb:259 - Overriding images path with different value:  => /opt/st/stm32cubeide_1.17.0/plugins/com.st.stm32cube.common.mx_6.13.0.202411220809//db//plugins/mcufinder/images/
2025-02-11 02:32:58,594 [INFO] ApiDb:250 - Set database path to: /home/scott/.stmcufinder/plugins/mcufinder//mcu/
2025-02-11 02:32:58,597 [INFO] DbMcusAds:125 - Set database path to: /home/scott/.stmcufinder/plugins/mcufinder//mcu/
2025-02-11 02:32:58,603 [INFO] CrossReferenceDbSqlite:203 - Set database path to: /home/scott/.stmcufinder/plugins/mcufinder//mcu/cs/
2025-02-11 02:32:58,897 [INFO] RulesReader:64 - Compatibility file has been processed (297 Rules)
2025-02-11 02:32:59,099 [INFO] DbMcusXml:78 - Set database path to: /opt/st/stm32cubeide_1.17.0/plugins/com.st.stm32cube.common.mx_6.13.0.202411220809//db//mcu/
2025-02-11 02:32:59,099 [INFO] ApiDb:274 - Set plugin database path to: /opt/st/stm32cubeide_1.17.0/plugins/com.st.stm32cube.common.mx_6.13.0.202411220809//db//plugins/boardmanager/
2025-02-11 02:32:59,099 [INFO] ApiDb:261 - Set plugin images path to: /opt/st/stm32cubeide_1.17.0/plugins/com.st.stm32cube.common.mx_6.13.0.202411220809//db//plugins/mcufinder/images/
2025-02-11 02:32:59,099 [WARN] DbFile:41 - Overriding database path with different value: /home/scott/.stmcufinder/plugins/mcufinder/ => /home/scott/.stmcufinder/plugins/mcufinder
2025-02-11 02:32:59,099 [INFO] ApiDb:250 - Set database path to: /home/scott/.stmcufinder/plugins/mcufinder//mcu/
2025-02-11 02:32:59,100 [WARN] DbFile:41 - Overriding database path with different value: /home/scott/.stmcufinder/plugins/mcufinder/ => /home/scott/.stmcufinder/plugins/mcufinder
2025-02-11 02:32:59,100 [INFO] DbMcusAds:125 - Set database path to: /home/scott/.stmcufinder/plugins/mcufinder//mcu/
2025-02-11 02:32:59,100 [WARN] DbFile:41 - Overriding database path with different value: /home/scott/.stmcufinder/plugins/mcufinder/ => /home/scott/.stmcufinder/plugins/mcufinder
2025-02-11 02:32:59,100 [WARN] DbFile:41 - Overriding database path with different value: /home/scott/.stmcufinder/plugins/mcufinder/ => /home/scott/.stmcufinder/plugins/mcufinder
2025-02-11 02:32:59,100 [INFO] CrossReferenceDbSqlite:203 - Set database path to: /home/scott/.stmcufinder/plugins/mcufinder//mcu/cs/
2025-02-11 02:32:59,244 [INFO] MainPanel:272 - HeapMemory: 268435456
2025-02-11 02:32:59,794 [INFO] DbMcusXml:78 - Set database path to: /opt/st/stm32cubeide_1.17.0/plugins/com.st.stm32cube.common.mx_6.13.0.202411220809//db//mcu/
2025-02-11 02:32:59,795 [INFO] ApiDb:274 - Set plugin database path to: /opt/st/stm32cubeide_1.17.0/plugins/com.st.stm32cube.common.mx_6.13.0.202411220809//db//plugins/boardmanager/
2025-02-11 02:32:59,795 [INFO] ApiDb:261 - Set plugin images path to: /opt/st/stm32cubeide_1.17.0/plugins/com.st.stm32cube.common.mx_6.13.0.202411220809//db//plugins/mcufinder/images/
2025-02-11 02:32:59,795 [WARN] DbFile:41 - Overriding database path with different value: /home/scott/.stmcufinder/plugins/mcufinder/ => /home/scott/.stmcufinder/plugins/mcufinder
2025-02-11 02:32:59,795 [INFO] ApiDb:250 - Set database path to: /home/scott/.stmcufinder/plugins/mcufinder//mcu/
2025-02-11 02:32:59,795 [WARN] DbFile:41 - Overriding database path with different value: /home/scott/.stmcufinder/plugins/mcufinder/ => /home/scott/.stmcufinder/plugins/mcufinder
2025-02-11 02:32:59,795 [INFO] DbMcusAds:125 - Set database path to: /home/scott/.stmcufinder/plugins/mcufinder//mcu/
2025-02-11 02:32:59,795 [WARN] DbFile:41 - Overriding database path with different value: /home/scott/.stmcufinder/plugins/mcufinder/ => /home/scott/.stmcufinder/plugins/mcufinder
2025-02-11 02:32:59,796 [WARN] DbFile:41 - Overriding database path with different value: /home/scott/.stmcufinder/plugins/mcufinder/ => /home/scott/.stmcufinder/plugins/mcufinder
2025-02-11 02:32:59,796 [INFO] CrossReferenceDbSqlite:203 - Set database path to: /home/scott/.stmcufinder/plugins/mcufinder//mcu/cs/
2025-02-11 02:32:59,824 [INFO] ApplicationProperties:184 - Using Application install path: /opt/st/stm32cubeide_1.17.0/plugins/com.st.stm32cube.common.mx_6.13.0.202411220809
2025-02-11 02:32:59,826 [INFO] PluginManage:196 - Search for loadable plugins [exclusion list=, ]
2025-02-11 02:32:59,829 [INFO] PluginManage:310 - Check plugin analytics
2025-02-11 02:33:00,176 [INFO] AnalyticsPlugin:253 - Accepted Software Licenses: STM32CubeMX.6.13.0
2025-02-11 02:33:00,176 [INFO] AnalyticsPlugin:255 - Accepted CMSIS Pack Licenses: 
2025-02-11 02:33:00,177 [INFO] AnalyticsPlugin:257 - Accepted Firmware Licenses: 
2025-02-11 02:33:00,179 [INFO] PluginManage:359 - Loaded plugin analytics (category:tool,tabindex:-1)
2025-02-11 02:33:00,180 [INFO] PluginManage:310 - Check plugin cadmodel
2025-02-11 02:33:00,212 [INFO] CADModel:105 - Init CAD model plugin
2025-02-11 02:33:00,212 [INFO] PluginManage:359 - Loaded plugin cadmodel (category:power,tabindex:5)
2025-02-11 02:33:00,212 [INFO] PluginManage:310 - Check plugin clock
2025-02-11 02:33:00,287 [INFO] PluginManage:359 - Loaded plugin clock (category:base,tabindex:2)
2025-02-11 02:33:00,287 [INFO] PluginManage:310 - Check plugin ddr
2025-02-11 02:33:00,294 [INFO] PluginManage:359 - Loaded plugin ddr (category:tool,tabindex:6)
2025-02-11 02:33:00,294 [INFO] PluginManage:310 - Check plugin filemanager
2025-02-11 02:33:00,670 [INFO] PluginManage:359 - Loaded plugin filemanager (category:base,tabindex:10)
2025-02-11 02:33:00,670 [INFO] PluginManage:310 - Check plugin ipmanager
2025-02-11 02:33:00,730 [INFO] PluginManage:359 - Loaded plugin ipmanager (category:base,tabindex:5)
2025-02-11 02:33:00,730 [INFO] PluginManage:310 - Check plugin lpbam
2025-02-11 02:33:00,774 [INFO] PluginManage:359 - Loaded plugin lpbam (category:base,tabindex:0)
2025-02-11 02:33:00,774 [INFO] PluginManage:310 - Check plugin memorymap
2025-02-11 02:33:00,832 [INFO] PluginManage:359 - Loaded plugin memorymap (category:base,tabindex:4)
2025-02-11 02:33:00,833 [INFO] PluginManage:310 - Check plugin pinoutandconfiguration
2025-02-11 02:33:00,898 [INFO] PluginManage:359 - Loaded plugin pinoutandconfiguration (category:base,tabindex:1)
2025-02-11 02:33:00,898 [INFO] PluginManage:310 - Check plugin pinoutconfig
2025-02-11 02:33:01,084 [WARN] SupportedApi:132 - Cannot load RTOS API schema: s4s-elt-must-match.1: The content of 'definitions' must match (annotation?, (simpleType | complexType)?, (unique | key | keyref)*)). A problem was found starting at: attribute.
2025-02-11 02:33:01,257 [INFO] PluginManage:359 - Loaded plugin pinoutconfig (category:base,tabindex:0)
2025-02-11 02:33:01,257 [INFO] PluginManage:310 - Check plugin power
2025-02-11 02:33:01,302 [INFO] PluginManage:359 - Loaded plugin power (category:power,tabindex:4)
2025-02-11 02:33:01,302 [INFO] PluginManage:310 - Check plugin projectmanager
2025-02-11 02:33:01,339 [INFO] PluginManage:359 - Loaded plugin projectmanager (category:projectmanager,tabindex:4)
2025-02-11 02:33:01,339 [INFO] PluginManage:310 - Check plugin rif
2025-02-11 02:33:01,390 [INFO] PluginManage:359 - Loaded plugin rif (category:base,tabindex:3)
2025-02-11 02:33:01,391 [INFO] PluginManage:310 - Check plugin thirdparty
2025-02-11 02:33:01,838 [INFO] PluginManage:359 - Loaded plugin thirdparty (category:base,tabindex:-1)
2025-02-11 02:33:01,838 [INFO] PluginManage:310 - Check plugin tools
2025-02-11 02:33:01,838 [WARN] IntegrityCheckThread:84 - waiting for thirdparty lock release [integrity check]
2025-02-11 02:33:01,839 [INFO] IntegrityCheckThread:86 - entering critical section [integrity check]
2025-02-11 02:33:01,839 [INFO] ThirdPartyUpdaterWithRetryManager:70 - Updater plugin not ready yet. [1/15]
2025-02-11 02:33:01,874 [INFO] PluginManage:359 - Loaded plugin tools (category:base,tabindex:7)
2025-02-11 02:33:01,874 [INFO] PluginManage:310 - Check plugin tutovideos
2025-02-11 02:33:02,234 [INFO] PluginManage:359 - Loaded plugin tutovideos (category:base,tabindex:-1)
2025-02-11 02:33:02,234 [INFO] PluginManage:310 - Check plugin updater
2025-02-11 02:33:02,273 [INFO] PluginManage:359 - Loaded plugin updater (category:base,tabindex:12)
2025-02-11 02:33:02,273 [INFO] PluginManage:310 - Check plugin userauth
2025-02-11 02:33:02,287 [INFO] UserAuth:118 - Init User Auth plugin
2025-02-11 02:33:02,288 [INFO] PluginManage:359 - Loaded plugin userauth (category:base,tabindex:14)
2025-02-11 02:33:02,288 [INFO] PluginManage:283 - PluginManage : Loaded plugins [18]
2025-02-11 02:33:02,637 [INFO] PinOutPanel:1589 - setPackage(No Configuration,No Configuration)
2025-02-11 02:33:02,807 [INFO] CADModel:165 - CPN selected for project level
2025-02-11 02:33:02,807 [INFO] CADModel:114 - Register for checkConnection events
2025-02-11 02:33:02,907 [INFO] IPUIPlugin:80 - create IPUIPlugin
2025-02-11 02:33:02,907 [INFO] PluginManager:220 - loadIPPluginJar : add comp
2025-02-11 02:33:02,936 [INFO] IPUIPlugin:80 - create IPUIPlugin
2025-02-11 02:33:02,937 [INFO] PluginManager:220 - loadIPPluginJar : add ucpd
2025-02-11 02:33:02,939 [INFO] IPUIPlugin:80 - create IPUIPlugin
2025-02-11 02:33:02,939 [INFO] PluginManager:220 - loadIPPluginJar : add dfsdm
2025-02-11 02:33:02,994 [INFO] IPUIPlugin:80 - create IPUIPlugin
2025-02-11 02:33:02,995 [INFO] PluginManager:220 - loadIPPluginJar : add stm32_wpan
2025-02-11 02:33:03,000 [INFO] IPUIPlugin:80 - create IPUIPlugin
2025-02-11 02:33:03,001 [INFO] PluginManager:220 - loadIPPluginJar : add dma3
2025-02-11 02:33:03,003 [INFO] IPUIPlugin:80 - create IPUIPlugin
2025-02-11 02:33:03,003 [INFO] PluginManager:220 - loadIPPluginJar : add fatfs
2025-02-11 02:33:03,005 [INFO] IPUIPlugin:80 - create IPUIPlugin
2025-02-11 02:33:03,006 [INFO] PluginManager:220 - loadIPPluginJar : add spi
2025-02-11 02:33:03,042 [INFO] IPUIPlugin:80 - create IPUIPlugin
2025-02-11 02:33:03,042 [INFO] PluginManager:220 - loadIPPluginJar : add ddr_ctrl_phy
2025-02-11 02:33:03,086 [INFO] IPUIPlugin:80 - create IPUIPlugin
2025-02-11 02:33:03,086 [INFO] PluginManager:220 - loadIPPluginJar : add fmc
2025-02-11 02:33:03,128 [INFO] IPUIPlugin:80 - create IPUIPlugin
2025-02-11 02:33:03,129 [INFO] PluginManager:220 - loadIPPluginJar : add linkedlist
2025-02-11 02:33:03,133 [INFO] IPUIPlugin:80 - create IPUIPlugin
2025-02-11 02:33:03,133 [INFO] PluginManager:220 - loadIPPluginJar : add gfxmmu
2025-02-11 02:33:03,138 [INFO] IPUIPlugin:80 - create IPUIPlugin
2025-02-11 02:33:03,138 [INFO] PluginManager:220 - loadIPPluginJar : add touchsensing
2025-02-11 02:33:03,141 [INFO] IPUIPlugin:80 - create IPUIPlugin
2025-02-11 02:33:03,141 [INFO] PluginManager:220 - loadIPPluginJar : add usart
2025-02-11 02:33:03,193 [INFO] IPUIPlugin:80 - create IPUIPlugin
2025-02-11 02:33:03,193 [INFO] PluginManager:220 - loadIPPluginJar : add gpio
2025-02-11 02:33:03,201 [INFO] IPUIPlugin:80 - create IPUIPlugin
2025-02-11 02:33:03,201 [INFO] PluginManager:220 - loadIPPluginJar : add usbx
2025-02-11 02:33:03,205 [INFO] IPUIPlugin:80 - create IPUIPlugin
2025-02-11 02:33:03,205 [INFO] PluginManager:220 - loadIPPluginJar : add ts
2025-02-11 02:33:03,211 [INFO] IPUIPlugin:80 - create IPUIPlugin
2025-02-11 02:33:03,211 [INFO] PluginManager:220 - loadIPPluginJar : add gtzc
2025-02-11 02:33:03,275 [INFO] IPUIPlugin:80 - create IPUIPlugin
2025-02-11 02:33:03,292 [INFO] PluginManager:220 - loadIPPluginJar : add plateformsettings
2025-02-11 02:33:03,298 [INFO] IPUIPlugin:80 - create IPUIPlugin
2025-02-11 02:33:03,299 [INFO] PluginManager:220 - loadIPPluginJar : add i3c
2025-02-11 02:33:03,345 [INFO] IPUIPlugin:80 - create IPUIPlugin
2025-02-11 02:33:03,346 [INFO] PluginManager:220 - loadIPPluginJar : add mdma
2025-02-11 02:33:03,351 [INFO] IPUIPlugin:80 - create IPUIPlugin
2025-02-11 02:33:03,351 [INFO] PluginManager:220 - loadIPPluginJar : add pdm2pcm
2025-02-11 02:33:03,386 [INFO] IPUIPlugin:80 - create IPUIPlugin
2025-02-11 02:33:03,386 [INFO] PluginManager:220 - loadIPPluginJar : add aes
2025-02-11 02:33:03,396 [INFO] IPUIPlugin:80 - create IPUIPlugin
2025-02-11 02:33:03,396 [INFO] PluginManager:220 - loadIPPluginJar : add gic
2025-02-11 02:33:03,398 [INFO] IPUIPlugin:80 - create IPUIPlugin
2025-02-11 02:33:03,399 [INFO] PluginManager:220 - loadIPPluginJar : add ltdc
2025-02-11 02:33:03,455 [INFO] IPUIPlugin:80 - create IPUIPlugin
2025-02-11 02:33:03,455 [INFO] PluginManager:220 - loadIPPluginJar : add resmgrutility
2025-02-11 02:33:03,459 [INFO] IPUIPlugin:80 - create IPUIPlugin
2025-02-11 02:33:03,459 [INFO] PluginManager:220 - loadIPPluginJar : add tsc
2025-02-11 02:33:03,462 [INFO] IPUIPlugin:80 - create IPUIPlugin
2025-02-11 02:33:03,462 [INFO] PluginManager:220 - loadIPPluginJar : add quadspi
2025-02-11 02:33:03,468 [INFO] IPUIPlugin:80 - create IPUIPlugin
2025-02-11 02:33:03,468 [INFO] PluginManager:220 - loadIPPluginJar : add openamp
2025-02-11 02:33:03,502 [INFO] IPUIPlugin:80 - create IPUIPlugin
2025-02-11 02:33:03,502 [INFO] PluginManager:220 - loadIPPluginJar : add nvic
2025-02-11 02:33:03,509 [INFO] IPUIPlugin:80 - create IPUIPlugin
2025-02-11 02:33:03,510 [INFO] PluginManager:220 - loadIPPluginJar : add sai
2025-02-11 02:33:03,513 [INFO] IPUIPlugin:80 - create IPUIPlugin
2025-02-11 02:33:03,514 [INFO] PluginManager:220 - loadIPPluginJar : add radio
2025-02-11 02:33:03,517 [INFO] IPUIPlugin:80 - create IPUIPlugin
2025-02-11 02:33:03,518 [INFO] PluginManager:220 - loadIPPluginJar : add lorawan
2025-02-11 02:33:03,520 [INFO] IPUIPlugin:80 - create IPUIPlugin
2025-02-11 02:33:03,520 [INFO] PluginManager:220 - loadIPPluginJar : add tim
2025-02-11 02:33:03,522 [INFO] IPUIPlugin:80 - create IPUIPlugin
2025-02-11 02:33:03,522 [INFO] PluginManager:220 - loadIPPluginJar : add cryp
2025-02-11 02:33:03,556 [INFO] IPUIPlugin:80 - create IPUIPlugin
2025-02-11 02:33:03,556 [INFO] PluginManager:220 - loadIPPluginJar : add hash
2025-02-11 02:33:03,604 [INFO] IPUIPlugin:80 - create IPUIPlugin
2025-02-11 02:33:03,605 [INFO] PluginManager:220 - loadIPPluginJar : add adc
2025-02-11 02:33:03,637 [INFO] IPUIPlugin:80 - create IPUIPlugin
2025-02-11 02:33:03,638 [INFO] PluginManager:220 - loadIPPluginJar : add dma
2025-02-11 02:33:03,641 [INFO] IPUIPlugin:80 - create IPUIPlugin
2025-02-11 02:33:03,641 [INFO] PluginManager:220 - loadIPPluginJar : add tracer_emb
2025-02-11 02:33:03,656 [INFO] IPUIPlugin:80 - create IPUIPlugin
2025-02-11 02:33:03,656 [INFO] PluginManager:220 - loadIPPluginJar : add ipddr
2025-02-11 02:33:03,661 [INFO] IPUIPlugin:80 - create IPUIPlugin
2025-02-11 02:33:03,661 [INFO] PluginManager:220 - loadIPPluginJar : add i2s
2025-02-11 02:33:03,704 [INFO] IPUIPlugin:80 - create IPUIPlugin
2025-02-11 02:33:03,704 [INFO] PluginManager:220 - loadIPPluginJar : add freertos
2025-02-11 02:33:03,711 [INFO] IPUIPlugin:80 - create IPUIPlugin
2025-02-11 02:33:03,711 [INFO] PluginManager:220 - loadIPPluginJar : add opamp
2025-02-11 02:33:03,715 [INFO] IPUIPlugin:80 - create IPUIPlugin
2025-02-11 02:33:03,715 [INFO] PluginManager:220 - loadIPPluginJar : add i2c
2025-02-11 02:33:03,718 [INFO] IPUIPlugin:80 - create IPUIPlugin
2025-02-11 02:33:03,718 [INFO] PluginManager:220 - loadIPPluginJar : add extmemmanager
2025-02-11 02:33:03,721 [INFO] IPUIPlugin:80 - create IPUIPlugin
2025-02-11 02:33:03,721 [INFO] PluginManager:220 - loadIPPluginJar : add can
2025-02-11 02:33:03,723 [INFO] IPUIPlugin:80 - create IPUIPlugin
2025-02-11 02:33:03,723 [INFO] PluginManager:220 - loadIPPluginJar : add genericplugin
2025-02-11 02:33:03,832 [FATAL] Updater:351 - Updater called before beeing initialized
2025-02-11 02:33:03,884 [INFO] RulesReader:64 - Compatibility file has been processed (297 Rules)
2025-02-11 02:33:03,894 [INFO] RulesReader:64 - Compatibility file has been processed (297 Rules)
2025-02-11 02:33:03,902 [INFO] CADModel:165 - CPN selected for project level
2025-02-11 02:33:03,902 [INFO] CADModel:114 - Register for checkConnection events
2025-02-11 02:33:03,902 [FATAL] Updater:351 - Updater called before beeing initialized
2025-02-11 02:33:03,902 [ERROR] CADModel:125 - Updater not yet initialized, retry later 
2025-02-11 02:33:04,166 [FATAL] Updater:351 - Updater called before beeing initialized
2025-02-11 02:33:04,168 [INFO] CADModel:165 - CPN selected for project level
2025-02-11 02:33:04,168 [INFO] CADModel:114 - Register for checkConnection events
2025-02-11 02:33:04,168 [FATAL] Updater:351 - Updater called before beeing initialized
2025-02-11 02:33:04,168 [ERROR] CADModel:125 - Updater not yet initialized, retry later 
2025-02-11 02:33:04,172 [FATAL] Updater:351 - Updater called before beeing initialized
2025-02-11 02:33:04,266 [FATAL] Updater:351 - Updater called before beeing initialized
2025-02-11 02:33:04,283 [INFO] DbMcusAds:53 - JSON generation date=Tue Dec 17 11:01:15 EST 2024 (1734451275222)
2025-02-11 02:33:04,283 [FATAL] Updater:351 - Updater called before beeing initialized
2025-02-11 02:33:04,404 [WARN] DetailPanel:346 - Failed to get advertising image, set to default
2025-02-11 02:33:04,648 [FATAL] Updater:351 - Updater called before beeing initialized
2025-02-11 02:33:04,673 [FATAL] Updater:351 - Updater called before beeing initialized
2025-02-11 02:33:04,674 [FATAL] Updater:351 - Updater called before beeing initialized
2025-02-11 02:33:04,674 [WARN] DetailPanel:346 - Failed to get advertising image, set to default
2025-02-11 02:33:04,675 [FATAL] Updater:351 - Updater called before beeing initialized
2025-02-11 02:33:04,745 [ERROR] Updater:1198 - MainUpdater not yet initialized. External WinMGr cannot be set.
2025-02-11 02:33:04,771 [INFO] Updater:1134 - Updater Version found : 6.13.0
2025-02-11 02:33:04,796 [INFO] ApplicationProperties:184 - Using Application install path: /opt/st/stm32cubeide_1.17.0/plugins/com.st.stm32cube.common.mx_6.13.0.202411220809
2025-02-11 02:33:04,840 [INFO] ThirdPartyUpdaterWithRetryManager:70 - Updater plugin not ready yet. [2/15]
2025-02-11 02:33:05,589 [INFO] MainUpdater:2872 - connection check result : 10
2025-02-11 02:33:05,590 [INFO] MainUpdater:289 - Updater Check For Update Now.
2025-02-11 02:33:05,590 [INFO] MicroXplorer:498 - Change Database Version : DB.6.0.130
2025-02-11 02:33:05,596 [INFO] McuFinderGlobals:63 - Set McuFinder mode to 2 (CubeIDE integrated)
2025-02-11 02:33:05,597 [INFO] UserAuth:171 - activating auth plugin
2025-02-11 02:33:05,603 [INFO] UserAuth:486 - Internet connection configuration mode: 1
2025-02-11 02:33:05,812 [INFO] JxBrowserEngine:152 - Initiate JxBrowser Engine with user profile folder
2025-02-11 02:33:05,953 [INFO] CheckServerUpdateThread:120 - End of CheckServer Thread
2025-02-11 02:33:09,004 [WARN] PackLoader:240 - Cannot read IP mode file for STMicroelectronics.FP-SNS-MOTENVWB1.1.4.0
2025-02-11 02:33:09,081 [WARN] PackLoader:240 - Cannot read IP mode file for STMicroelectronics.FP-ATR-ASTRA1.2.0.1
2025-02-11 02:33:09,159 [WARN] PackLoader:240 - Cannot read IP mode file for STMicroelectronics.X-CUBE-SMBUS.2.1.0
2025-02-11 02:33:09,189 [WARN] PackLoader:240 - Cannot read IP mode file for STMicroelectronics.X-CUBE-WB05N.1.1.0
2025-02-11 02:33:09,300 [WARN] PackLoader:240 - Cannot read IP mode file for STMicroelectronics.X-CUBE-AZRTOS-F7.1.1.0
2025-02-11 02:33:09,327 [WARN] PackLoader:240 - Cannot read IP mode file for STMicroelectronics.FP-SNS-FLIGHT1.5.0.2
2025-02-11 02:33:09,523 [WARN] PackLoader:240 - Cannot read IP mode file for Infineon.AIROC-Wi-Fi-Bluetooth-STM32.1.7.0
2025-02-11 02:33:09,562 [WARN] PackLoader:240 - Cannot read IP mode file for STMicroelectronics.X-CUBE-DISPLAY.3.0.0
2025-02-11 02:33:09,641 [WARN] PackLoader:240 - Cannot read IP mode file for STMicroelectronics.X-CUBE-BLE1.7.0.0
2025-02-11 02:33:09,706 [WARN] PackLoader:240 - Cannot read IP mode file for STMicroelectronics.X-CUBE-NFC10.1.0.0
2025-02-11 02:33:09,727 [WARN] PackLoader:240 - Cannot read IP mode file for STMicroelectronics.X-CUBE-BLEMGR.4.0.0
2025-02-11 02:33:09,766 [WARN] PackLoader:240 - Cannot read IP mode file for emotas.I-CUBE-CANOPEN.1.3.0
2025-02-11 02:33:09,819 [WARN] PackLoader:240 - Cannot read IP mode file for STMicroelectronics.X-CUBE-AI.10.0.0
2025-02-11 02:33:09,845 [WARN] PackLoader:240 - Cannot read IP mode file for STMicroelectronics.FP-SNS-SMARTAG2.1.2.0
2025-02-11 02:33:09,958 [WARN] PackLoader:240 - Cannot read IP mode file for STMicroelectronics.X-CUBE-MEMS1.11.1.0
2025-02-11 02:33:10,203 [INFO] LogOutputStream:77 - [STDOUT_REDIRECT] 1 : Invalid condition id : UX_CORESTACK_Condition cause : null
2025-02-11 02:33:10,204 [INFO] LogOutputStream:77 - [STDOUT_REDIRECT] 1 : Invalid condition id : UX_CORESTACK_Condition cause : null
2025-02-11 02:33:10,204 [INFO] LogOutputStream:77 - [STDOUT_REDIRECT] 1 : Invalid condition id : UX_CORESTACK_Condition cause : null
2025-02-11 02:33:10,204 [INFO] LogOutputStream:77 - [STDOUT_REDIRECT] 1 : Invalid condition id : UX_CORESTACK_Condition cause : null
2025-02-11 02:33:10,205 [INFO] LogOutputStream:77 - [STDOUT_REDIRECT] 1 : Invalid condition id : UX_CORESTACK_Condition cause : null
2025-02-11 02:33:10,208 [WARN] PackLoader:240 - Cannot read IP mode file for STMicroelectronics.X-CUBE-AZRTOS-WL.2.0.0
2025-02-11 02:33:10,227 [WARN] PackLoader:240 - Cannot read IP mode file for STMicroelectronics.FP-SNS-MOTENV1.5.0.0
2025-02-11 02:33:10,244 [WARN] PackLoader:240 - Cannot read IP mode file for wolfSSL.I-CUBE-wolfMQTT.1.19.0
2025-02-11 02:33:10,255 [WARN] PackLoader:240 - Cannot read IP mode file for WES.I-CUBE-Cesium.1.3.0
2025-02-11 02:33:10,276 [WARN] PackLoader:240 - Cannot read IP mode file for STMicroelectronics.X-CUBE-BLE2.3.3.0
2025-02-11 02:33:10,329 [WARN] PackLoader:240 - Cannot read IP mode file for STMicroelectronics.X-CUBE-NFC9.1.0.0
2025-02-11 02:33:10,466 [WARN] PackLoader:240 - Cannot read IP mode file for STMicroelectronics.X-CUBE-AZRTOS-G0.1.1.0
2025-02-11 02:33:10,621 [WARN] PackLoader:240 - Cannot read IP mode file for STMicroelectronics.X-CUBE-SAFEA1.1.2.2
2025-02-11 02:33:10,654 [WARN] PackLoader:240 - Cannot read IP mode file for STMicroelectronics.X-CUBE-NFC4.3.0.0
2025-02-11 02:33:10,685 [WARN] PackLoader:240 - Cannot read IP mode file for EmbeddedOffice.I-CUBE-FS-RTOS.1.0.1
2025-02-11 02:33:10,716 [WARN] PackLoader:240 - Cannot read IP mode file for STMicroelectronics.X-CUBE-TCPP.4.2.0
2025-02-11 02:33:10,758 [WARN] PackLoader:240 - Cannot read IP mode file for RealThread.X-CUBE-RT-Thread_Nano.4.1.1
2025-02-11 02:33:10,800 [WARN] PackLoader:240 - Cannot read IP mode file for STMicroelectronics.FP-ATR-SIGFOX1.3.2.0
2025-02-11 02:33:10,813 [WARN] ConditionMgr:438 - getConditionDescription Invalid condition id : Cortex-A Device cause : null
2025-02-11 02:33:10,870 [WARN] ConditionMgr:1044 - genDependencies : Invalid condition id : Cortex-A Device cause : null
2025-02-11 02:33:10,870 [WARN] ConditionMgr:1044 - genDependencies : Invalid condition id : Cortex-A Device cause : null
2025-02-11 02:33:10,871 [WARN] ConditionMgr:1044 - genDependencies : Invalid condition id : Cortex-A Device cause : null
2025-02-11 02:33:10,922 [WARN] PackLoader:240 - Cannot read IP mode file for STMicroelectronics.X-CUBE-EEPRMA1.5.1.0
2025-02-11 02:33:10,950 [WARN] PackLoader:240 - Cannot read IP mode file for wolfSSL.I-CUBE-wolfSSL.5.7.4
2025-02-11 02:33:11,005 [WARN] PackLoader:240 - Cannot read IP mode file for ITTIA_DB.I-CUBE-ITTIADB.8.9.0
2025-02-11 02:33:11,108 [WARN] PackLoader:240 - Cannot read IP mode file for SEGGER.I-CUBE-embOS.1.3.1
2025-02-11 02:33:11,203 [WARN] PackLoader:240 - Cannot read IP mode file for STMicroelectronics.X-CUBE-ALGOBUILD.1.4.0
2025-02-11 02:33:11,493 [WARN] PackLoader:240 - Cannot read IP mode file for STMicroelectronics.X-CUBE-AI.9.1.0
2025-02-11 02:33:11,595 [WARN] PackLoader:240 - Cannot read IP mode file for STMicroelectronics.X-CUBE-AZRTOS-F4.1.1.0
2025-02-11 02:33:11,623 [WARN] PackLoader:240 - Cannot read IP mode file for STMicroelectronics.X-CUBE-ISPU.2.1.0
2025-02-11 02:33:11,810 [WARN] PackLoader:240 - Cannot read IP mode file for STMicroelectronics.X-CUBE-AZRTOS-L5.2.0.0
2025-02-11 02:33:11,948 [WARN] PackLoader:240 - Cannot read IP mode file for STMicroelectronics.X-CUBE-NFC6.3.1.0
2025-02-11 02:33:11,982 [WARN] PackLoader:240 - Cannot read IP mode file for STMicroelectronics.X-CUBE-DPower.1.2.0
2025-02-11 02:33:12,004 [WARN] PackLoader:240 - Cannot read IP mode file for STMicroelectronics.X-CUBE-FREERTOS.1.3.0
2025-02-11 02:33:12,028 [WARN] PackLoader:240 - Cannot read IP mode file for STMicroelectronics.X-CUBE-NFC7.1.0.1
2025-02-11 02:33:12,375 [WARN] ConditionMgr:438 - getConditionDescription Invalid condition id : LAN8742 Phy interface Condition cause : null
2025-02-11 02:33:12,375 [WARN] PackLoader:240 - Cannot read IP mode file for STMicroelectronics.X-CUBE-AZRTOS-L4.2.0.0
2025-02-11 02:33:12,376 [WARN] ConditionMgr:1044 - genDependencies : Invalid condition id : LAN8742 Phy interface Condition cause : null
2025-02-11 02:33:12,377 [WARN] ConditionMgr:1044 - genDependencies : Invalid condition id : LAN8742 Phy interface Condition cause : null
2025-02-11 02:33:12,377 [WARN] ConditionMgr:1044 - genDependencies : Invalid condition id : LAN8742 Phy interface Condition cause : null
2025-02-11 02:33:12,467 [WARN] PackLoader:240 - Cannot read IP mode file for STMicroelectronics.X-CUBE-SFXS2LP1.4.0.0
2025-02-11 02:33:12,643 [WARN] PackLoader:240 - Cannot read IP mode file for STMicroelectronics.X-CUBE-AZRTOS-H7.3.3.0
2025-02-11 02:33:12,751 [WARN] PackLoader:240 - Cannot read IP mode file for STMicroelectronics.X-CUBE-IPS.3.0.0
2025-02-11 02:33:12,954 [WARN] ConditionMgr:438 - getConditionDescription Invalid condition id : UX DEVICE CLASS RTOS Condition cause : null
2025-02-11 02:33:12,955 [WARN] ConditionMgr:438 - getConditionDescription Invalid condition id : UX DEVICE CLASS RTOS Condition cause : null
2025-02-11 02:33:12,958 [WARN] PackLoader:240 - Cannot read IP mode file for STMicroelectronics.X-CUBE-AZRTOS-WB.2.0.0
2025-02-11 02:33:12,958 [WARN] ConditionMgr:1044 - genDependencies : Invalid condition id : UX DEVICE CLASS RTOS Condition cause : null
2025-02-11 02:33:12,959 [WARN] ConditionMgr:1044 - genDependencies : Invalid condition id : UX DEVICE CLASS RTOS Condition cause : null
2025-02-11 02:33:12,959 [WARN] ConditionMgr:1044 - genDependencies : Invalid condition id : UX DEVICE CLASS RTOS Condition cause : null
2025-02-11 02:33:12,959 [WARN] ConditionMgr:1044 - genDependencies : Invalid condition id : UX DEVICE CLASS RTOS Condition cause : null
2025-02-11 02:33:12,960 [WARN] ConditionMgr:1044 - genDependencies : Invalid condition id : UX DEVICE CLASS RTOS Condition cause : null
2025-02-11 02:33:13,102 [WARN] PackLoader:240 - Cannot read IP mode file for STMicroelectronics.X-CUBE-GNSS1.7.0.1
2025-02-11 02:33:13,238 [WARN] PackLoader:240 - Cannot read IP mode file for STMicroelectronics.FP-SNS-STBOX1.2.0.0
2025-02-11 02:33:13,325 [WARN] PackLoader:240 - Cannot read IP mode file for STMicroelectronics.X-CUBE-SUBG2.5.0.0
2025-02-11 02:33:13,424 [WARN] PackLoader:240 - Cannot read IP mode file for Cesanta.I-CUBE-Mongoose.7.13.0
2025-02-11 02:33:13,616 [WARN] PackLoader:240 - Cannot read IP mode file for STMicroelectronics.X-CUBE-AZRTOS-G4.2.0.0
2025-02-11 02:33:13,773 [WARN] PackLoader:240 - Cannot read IP mode file for STMicroelectronics.X-CUBE-IPS.3.1.0
2025-02-11 02:33:13,863 [WARN] PackLoader:240 - Cannot read IP mode file for STMicroelectronics.X-CUBE-ALS.1.0.2
2025-02-11 02:33:14,110 [WARN] PackLoader:240 - Cannot read IP mode file for STMicroelectronics.X-CUBE-TOUCHGFX.4.24.2
2025-02-11 02:33:14,398 [WARN] PackLoader:240 - Cannot read IP mode file for STMicroelectronics.X-CUBE-TOUCHGFX.4.24.1
2025-02-11 02:33:15,279 [WARN] PackLoader:240 - Cannot read IP mode file for wolfSSL.I-CUBE-wolfTPM.3.4.0
2025-02-11 02:33:15,403 [WARN] PackLoader:240 - Cannot read IP mode file for portGmbH.I-Cube-SoM-uGOAL.1.1.0
2025-02-11 02:33:15,606 [WARN] PackLoader:240 - Cannot read IP mode file for STMicroelectronics.X-CUBE-AZRTOS-H7RS.1.0.0
2025-02-11 02:33:15,808 [WARN] PackLoader:240 - Cannot read IP mode file for STMicroelectronics.X-CUBE-TOF1.3.4.2
2025-02-11 02:33:15,887 [WARN] PackLoader:240 - Cannot read IP mode file for wolfSSL.I-CUBE-wolfSSH.1.4.17
2025-02-11 02:33:15,888 [INFO] ThirdParty:978 - Integrity check success = true
2025-02-11 02:33:15,888 [INFO] IntegrityCheckThread:100 - exiting critical section [integrity check]
2025-02-11 02:33:15,888 [INFO] IntegrityCheckThread:103 - End integrity checks thread
2025-02-11 02:33:29,646 [INFO] WebApp:168 - Instantiating new browser for Auth
2025-02-11 02:33:43,014 [INFO] WebApp:449 - Apply proxy settings
2025-02-11 02:33:43,014 [INFO] WebApp:534 - Chromium requires no authentication
2025-02-11 02:33:43,106 [INFO] WebApp:477 - Direct internet connection detected
2025-02-11 02:33:43,504 [INFO] WebApp:880 - Register for checkConnection events
2025-02-11 02:33:43,505 [INFO] WebApp:449 - Apply proxy settings
2025-02-11 02:33:43,505 [INFO] WebApp:534 - Chromium requires no authentication
2025-02-11 02:33:43,508 [INFO] WebApp:477 - Direct internet connection detected
2025-02-11 02:33:46,010 [INFO] WebApp:221 - Starting web application
2025-02-11 02:33:46,010 [INFO] WebApp:579 - Web application path used /opt/st/stm32cubeide_1.17.0/plugins/com.st.stm32cube.common.mx_6.13.0.202411220809/db/plugins/mcufinder/reactClient1/index.html
2025-02-11 02:33:46,968 [INFO] WebApp:187 - Connection restablished
2025-02-11 03:18:50,182 [ERROR] LogOutputStream:75 - [STDERR_REDIRECT] 
