Archive member included to satisfy reference by file (symbol)

/opt/st/stm32cubeide_1.17.0/plugins/com.st.stm32cube.ide.mcu.externaltools.gnu-tools-for-stm32.12.3.rel1.linux64_1.1.0.202410170702/tools/bin/../lib/gcc/arm-none-eabi/12.3.1/../../../../arm-none-eabi/lib/thumb/v6-m/nofp/libc_nano.a(libc_a-exit.o)
                              /opt/st/stm32cubeide_1.17.0/plugins/com.st.stm32cube.ide.mcu.externaltools.gnu-tools-for-stm32.12.3.rel1.linux64_1.1.0.202410170702/tools/bin/../lib/gcc/arm-none-eabi/12.3.1/../../../../arm-none-eabi/lib/thumb/v6-m/nofp/crt0.o (exit)
/opt/st/stm32cubeide_1.17.0/plugins/com.st.stm32cube.ide.mcu.externaltools.gnu-tools-for-stm32.12.3.rel1.linux64_1.1.0.202410170702/tools/bin/../lib/gcc/arm-none-eabi/12.3.1/../../../../arm-none-eabi/lib/thumb/v6-m/nofp/libc_nano.a(libc_a-findfp.o)
                              /opt/st/stm32cubeide_1.17.0/plugins/com.st.stm32cube.ide.mcu.externaltools.gnu-tools-for-stm32.12.3.rel1.linux64_1.1.0.202410170702/tools/bin/../lib/gcc/arm-none-eabi/12.3.1/../../../../arm-none-eabi/lib/thumb/v6-m/nofp/libc_nano.a(libc_a-exit.o) (__stdio_exit_handler)
/opt/st/stm32cubeide_1.17.0/plugins/com.st.stm32cube.ide.mcu.externaltools.gnu-tools-for-stm32.12.3.rel1.linux64_1.1.0.202410170702/tools/bin/../lib/gcc/arm-none-eabi/12.3.1/../../../../arm-none-eabi/lib/thumb/v6-m/nofp/libc_nano.a(libc_a-fwalk.o)
                              /opt/st/stm32cubeide_1.17.0/plugins/com.st.stm32cube.ide.mcu.externaltools.gnu-tools-for-stm32.12.3.rel1.linux64_1.1.0.202410170702/tools/bin/../lib/gcc/arm-none-eabi/12.3.1/../../../../arm-none-eabi/lib/thumb/v6-m/nofp/libc_nano.a(libc_a-findfp.o) (_fwalk_sglue)
/opt/st/stm32cubeide_1.17.0/plugins/com.st.stm32cube.ide.mcu.externaltools.gnu-tools-for-stm32.12.3.rel1.linux64_1.1.0.202410170702/tools/bin/../lib/gcc/arm-none-eabi/12.3.1/../../../../arm-none-eabi/lib/thumb/v6-m/nofp/libc_nano.a(libc_a-stdio.o)
                              /opt/st/stm32cubeide_1.17.0/plugins/com.st.stm32cube.ide.mcu.externaltools.gnu-tools-for-stm32.12.3.rel1.linux64_1.1.0.202410170702/tools/bin/../lib/gcc/arm-none-eabi/12.3.1/../../../../arm-none-eabi/lib/thumb/v6-m/nofp/libc_nano.a(libc_a-findfp.o) (__sread)
/opt/st/stm32cubeide_1.17.0/plugins/com.st.stm32cube.ide.mcu.externaltools.gnu-tools-for-stm32.12.3.rel1.linux64_1.1.0.202410170702/tools/bin/../lib/gcc/arm-none-eabi/12.3.1/../../../../arm-none-eabi/lib/thumb/v6-m/nofp/libc_nano.a(libc_a-memset.o)
                              /opt/st/stm32cubeide_1.17.0/plugins/com.st.stm32cube.ide.mcu.externaltools.gnu-tools-for-stm32.12.3.rel1.linux64_1.1.0.202410170702/tools/bin/../lib/gcc/arm-none-eabi/12.3.1/../../../../arm-none-eabi/lib/thumb/v6-m/nofp/crt0.o (memset)
/opt/st/stm32cubeide_1.17.0/plugins/com.st.stm32cube.ide.mcu.externaltools.gnu-tools-for-stm32.12.3.rel1.linux64_1.1.0.202410170702/tools/bin/../lib/gcc/arm-none-eabi/12.3.1/../../../../arm-none-eabi/lib/thumb/v6-m/nofp/libc_nano.a(libc_a-closer.o)
                              /opt/st/stm32cubeide_1.17.0/plugins/com.st.stm32cube.ide.mcu.externaltools.gnu-tools-for-stm32.12.3.rel1.linux64_1.1.0.202410170702/tools/bin/../lib/gcc/arm-none-eabi/12.3.1/../../../../arm-none-eabi/lib/thumb/v6-m/nofp/libc_nano.a(libc_a-stdio.o) (_close_r)
/opt/st/stm32cubeide_1.17.0/plugins/com.st.stm32cube.ide.mcu.externaltools.gnu-tools-for-stm32.12.3.rel1.linux64_1.1.0.202410170702/tools/bin/../lib/gcc/arm-none-eabi/12.3.1/../../../../arm-none-eabi/lib/thumb/v6-m/nofp/libc_nano.a(libc_a-reent.o)
                              /opt/st/stm32cubeide_1.17.0/plugins/com.st.stm32cube.ide.mcu.externaltools.gnu-tools-for-stm32.12.3.rel1.linux64_1.1.0.202410170702/tools/bin/../lib/gcc/arm-none-eabi/12.3.1/../../../../arm-none-eabi/lib/thumb/v6-m/nofp/libc_nano.a(libc_a-closer.o) (errno)
/opt/st/stm32cubeide_1.17.0/plugins/com.st.stm32cube.ide.mcu.externaltools.gnu-tools-for-stm32.12.3.rel1.linux64_1.1.0.202410170702/tools/bin/../lib/gcc/arm-none-eabi/12.3.1/../../../../arm-none-eabi/lib/thumb/v6-m/nofp/libc_nano.a(libc_a-impure.o)
                              /opt/st/stm32cubeide_1.17.0/plugins/com.st.stm32cube.ide.mcu.externaltools.gnu-tools-for-stm32.12.3.rel1.linux64_1.1.0.202410170702/tools/bin/../lib/gcc/arm-none-eabi/12.3.1/../../../../arm-none-eabi/lib/thumb/v6-m/nofp/libc_nano.a(libc_a-reent.o) (_impure_ptr)
/opt/st/stm32cubeide_1.17.0/plugins/com.st.stm32cube.ide.mcu.externaltools.gnu-tools-for-stm32.12.3.rel1.linux64_1.1.0.202410170702/tools/bin/../lib/gcc/arm-none-eabi/12.3.1/../../../../arm-none-eabi/lib/thumb/v6-m/nofp/libc_nano.a(libc_a-lseekr.o)
                              /opt/st/stm32cubeide_1.17.0/plugins/com.st.stm32cube.ide.mcu.externaltools.gnu-tools-for-stm32.12.3.rel1.linux64_1.1.0.202410170702/tools/bin/../lib/gcc/arm-none-eabi/12.3.1/../../../../arm-none-eabi/lib/thumb/v6-m/nofp/libc_nano.a(libc_a-stdio.o) (_lseek_r)
[...]
Memory Configuration

Name             Origin             Length             Attributes
RAM              0x20000000         0x00002000         xrw
FLASH            0x08000000         0x00010000         xr
*default*        0x00000000         0xffffffff

Linker script and memory map

LOAD /opt/st/stm32cubeide_1.17.0/plugins/com.st.stm32cube.ide.mcu.externaltools.gnu-tools-for-stm32.12.3.rel1.linux64_1.1.0.202410170702/tools/bin/../lib/gcc/arm-none-eabi/12.3.1/thumb/v6-m/nofp/crti.o
LOAD /opt/st/stm32cubeide_1.17.0/plugins/com.st.stm32cube.ide.mcu.externaltools.gnu-tools-for-stm32.12.3.rel1.linux64_1.1.0.202410170702/tools/bin/../lib/gcc/arm-none-eabi/12.3.1/thumb/v6-m/nofp/crtbegin.o
LOAD /opt/st/stm32cubeide_1.17.0/plugins/com.st.stm32cube.ide.mcu.externaltools.gnu-tools-for-stm32.12.3.rel1.linux64_1.1.0.202410170702/tools/bin/../lib/gcc/arm-none-eabi/12.3.1/../../../../arm-none-eabi/lib/thumb/v6-m/nofp/crt0.o
LOAD ./Core/Src/gpio.o
LOAD ./Core/Src/main.o
LOAD ./Core/Src/stm32f0xx_hal_msp.o
LOAD ./Core/Src/stm32f0xx_it.o
LOAD ./Core/Src/syscalls.o
LOAD ./Core/Src/sysmem.o
LOAD ./Core/Src/system_stm32f0xx.o
LOAD ./Core/Src/usart.o
LOAD ./Core/Startup/startup_stm32f030r8tx.o
LOAD ./Drivers/STM32F0xx_HAL_Driver/Src/stm32f0xx_hal.o
LOAD ./Drivers/STM32F0xx_HAL_Driver/Src/stm32f0xx_hal_cortex.o
LOAD ./Drivers/STM32F0xx_HAL_Driver/Src/stm32f0xx_hal_dma.o
LOAD ./Drivers/STM32F0xx_HAL_Driver/Src/stm32f0xx_hal_exti.o
LOAD ./Drivers/STM32F0xx_HAL_Driver/Src/stm32f0xx_hal_flash.o
LOAD ./Drivers/STM32F0xx_HAL_Driver/Src/stm32f0xx_hal_flash_ex.o
LOAD ./Drivers/STM32F0xx_HAL_Driver/Src/stm32f0xx_hal_gpio.o
LOAD ./Drivers/STM32F0xx_HAL_Driver/Src/stm32f0xx_hal_i2c.o
LOAD ./Drivers/STM32F0xx_HAL_Driver/Src/stm32f0xx_hal_i2c_ex.o
LOAD ./Drivers/STM32F0xx_HAL_Driver/Src/stm32f0xx_hal_pwr.o
LOAD ./Drivers/STM32F0xx_HAL_Driver/Src/stm32f0xx_hal_pwr_ex.o
LOAD ./Drivers/STM32F0xx_HAL_Driver/Src/stm32f0xx_hal_rcc.o
LOAD ./Drivers/STM32F0xx_HAL_Driver/Src/stm32f0xx_hal_rcc_ex.o
LOAD ./Drivers/STM32F0xx_HAL_Driver/Src/stm32f0xx_hal_uart.o
LOAD ./Drivers/STM32F0xx_HAL_Driver/Src/stm32f0xx_hal_uart_ex.o
START GROUP
LOAD /opt/st/stm32cubeide_1.17.0/plugins/com.st.stm32cube.ide.mcu.externaltools.gnu-tools-for-stm32.12.3.rel1.linux64_1.1.0.202410170702/tools/bin/../lib/gcc/arm-none-eabi/12.3.1/../../../../arm-none-eabi/lib/thumb/v6-m/nofp/libc_nano.a
LOAD /opt/st/stm32cubeide_1.17.0/plugins/com.st.stm32cube.ide.mcu.externaltools.gnu-tools-for-stm32.12.3.rel1.linux64_1.1.0.202410170702/tools/bin/../lib/gcc/arm-none-eabi/12.3.1/../../../../arm-none-eabi/lib/thumb/v6-m/nofp/libm.a
END GROUP
START GROUP
LOAD /opt/st/stm32cubeide_1.17.0/plugins/com.st.stm32cube.ide.mcu.externaltools.gnu-tools-for-stm32.12.3.rel1.linux64_1.1.0.202410170702/tools/bin/../lib/gcc/arm-none-eabi/12.3.1/thumb/v6-m/nofp/libgcc.a
LOAD /opt/st/stm32cubeide_1.17.0/plugins/com.st.stm32cube.ide.mcu.externaltools.gnu-tools-for-stm32.12.3.rel1.linux64_1.1.0.202410170702/tools/bin/../lib/gcc/arm-none-eabi/12.3.1/../../../../arm-none-eabi/lib/thumb/v6-m/nofp/libc_nano.a
END GROUP
START GROUP
LOAD /opt/st/stm32cubeide_1.17.0/plugins/com.st.stm32cube.ide.mcu.externaltools.gnu-tools-for-stm32.12.3.rel1.linux64_1.1.0.202410170702/tools/bin/../lib/gcc/arm-none-eabi/12.3.1/thumb/v6-m/nofp/libgcc.a
LOAD /opt/st/stm32cubeide_1.17.0/plugins/com.st.stm32cube.ide.mcu.externaltools.gnu-tools-for-stm32.12.3.rel1.linux64_1.1.0.202410170702/tools/bin/../lib/gcc/arm-none-eabi/12.3.1/../../../../arm-none-eabi/lib/thumb/v6-m/nofp/libc_nano.a
LOAD /opt/st/stm32cubeide_1.17.0/plugins/com.st.stm32cube.ide.mcu.externaltools.gnu-tools-for-stm32.12.3.rel1.linux64_1.1.0.202410170702/tools/bin/../lib/gcc/arm-none-eabi/12.3.1/../../../../arm-none-eabi/lib/thumb/v6-m/nofp/libnosys.a
END GROUP
START GROUP
LOAD /opt/st/stm32cubeide_1.17.0/plugins/com.st.stm32cube.ide.mcu.externaltools.gnu-tools-for-stm32.12.3.rel1.linux64_1.1.0.202410170702/tools/bin/../lib/gcc/arm-none-eabi/12.3.1/thumb/v6-m/nofp/libgcc.a
LOAD /opt/st/stm32cubeide_1.17.0/plugins/com.st.stm32cube.ide.mcu.externaltools.gnu-tools-for-stm32.12.3.rel1.linux64_1.1.0.202410170702/tools/bin/../lib/gcc/arm-none-eabi/12.3.1/../../../../arm-none-eabi/lib/thumb/v6-m/nofp/libc_nano.a
LOAD /opt/st/stm32cubeide_1.17.0/plugins/com.st.stm32cube.ide.mcu.externaltools.gnu-tools-for-stm32.12.3.rel1.linux64_1.1.0.202410170702/tools/bin/../lib/gcc/arm-none-eabi/12.3.1/../../../../arm-none-eabi/lib/thumb/v6-m/nofp/libnosys.a
END GROUP
LOAD /opt/st/stm32cubeide_1.17.0/plugins/com.st.stm32cube.ide.mcu.externaltools.gnu-tools-for-stm32.12.3.rel1.linux64_1.1.0.202410170702/tools/bin/../lib/gcc/arm-none-eabi/12.3.1/thumb/v6-m/nofp/crtend.o
LOAD /opt/st/stm32cubeide_1.17.0/plugins/com.st.stm32cube.ide.mcu.externaltools.gnu-tools-for-stm32.12.3.rel1.linux64_1.1.0.202410170702/tools/bin/../lib/gcc/arm-none-eabi/12.3.1/thumb/v6-m/nofp/crtn.o
                0x20002000                        _estack = (ORIGIN (RAM) + LENGTH (RAM))
                0x00000200                        _Min_Heap_Size = 0x200
                0x00000400                        _Min_Stack_Size = 0x400

.isr_vector     0x08000000       0xc0
                0x08000000                        . = ALIGN (0x4)
 *(.isr_vector)
 .isr_vector    0x08000000       0xc0 ./Core/Startup/startup_stm32f030r8tx.o
                0x08000000                g_pfnVectors
                0x080000c0                        . = ALIGN (0x4)

.text           0x080000c0     0x1d28
                0x080000c0                        . = ALIGN (0x4)
 *(.text)
 .text          0x080000c0       0x48 /opt/st/stm32cubeide_1.17.0/plugins/com.st.stm32cube.ide.mcu.externaltools.gnu-tools-for-stm32.12.3.rel1.linux64_1.1.0.202410170702/tools/bin/../lib/gcc/arm-none-eabi/12.3.1/thumb/v6-m/nofp/crtbegin.o
 .text          0x08000108      0x114 /opt/st/stm32cubeide_1.17.0/plugins/com.st.stm32cube.ide.mcu.externaltools.gnu-tools-for-stm32.12.3.rel1.linux64_1.1.0.202410170702/tools/bin/../lib/gcc/arm-none-eabi/12.3.1/thumb/v6-m/nofp/libgcc.a(_udivsi3.o)
                0x08000108                __udivsi3
                0x08000108                __aeabi_uidiv
                0x08000214                __aeabi_uidivmod
 .text          0x0800021c        0x4 /opt/st/stm32cubeide_1.17.0/plugins/com.st.stm32cube.ide.mcu.externaltools.gnu-tools-for-stm32.12.3.rel1.linux64_1.1.0.202410170702/tools/bin/../lib/gcc/arm-none-eabi/12.3.1/thumb/v6-m/nofp/libgcc.a(_dvmd_tls.o)
                0x0800021c                __aeabi_ldiv0
                0x0800021c                __aeabi_idiv0
 *(.text*)
 .text.MX_GPIO_Init
                0x08000220       0xe4 ./Core/Src/gpio.o
                0x08000220                MX_GPIO_Init
 .text.HAL_GPIO_EXTI_Callback
                0x08000304       0x4c ./Core/Src/gpio.o
                0x08000304                HAL_GPIO_EXTI_Callback
 .text.morse_selector
                0x08000350       0x66 ./Core/Src/main.o
                0x08000350                morse_selector
 *fill*         0x080003b6        0x2 
 .text.main     0x080003b8       0xd8 ./Core/Src/main.o
                0x080003b8                main
 .text.SystemClock_Config
                0x08000490       0x94 ./Core/Src/main.o
                0x08000490                SystemClock_Config
 .text.Error_Handler
                0x08000524        0xc ./Core/Src/main.o
                0x08000524                Error_Handler
 .text.HAL_MspInit
                0x08000530       0x48 ./Core/Src/stm32f0xx_hal_msp.o
                0x08000530                HAL_MspInit
 .text.NMI_Handler
                0x08000578        0x8 ./Core/Src/stm32f0xx_it.o
                0x08000578                NMI_Handler
 .text.HardFault_Handler
                0x08000580        0x8 ./Core/Src/stm32f0xx_it.o
                0x08000580                HardFault_Handler
 .text.SVC_Handler
                0x08000588        0xa ./Core/Src/stm32f0xx_it.o
                0x08000588                SVC_Handler
 .text.PendSV_Handler
                0x08000592        0xa ./Core/Src/stm32f0xx_it.o
                0x08000592                PendSV_Handler
 .text.SysTick_Handler
                0x0800059c        0xe ./Core/Src/stm32f0xx_it.o
                0x0800059c                SysTick_Handler
 .text.EXTI4_15_IRQHandler
                0x080005aa       0x14 ./Core/Src/stm32f0xx_it.o
                0x080005aa                EXTI4_15_IRQHandler
 .text.SystemInit
                0x080005be        0xa ./Core/Src/system_stm32f0xx.o
                0x080005be                SystemInit
 .text.MX_USART2_UART_Init
                0x080005c8       0x60 ./Core/Src/usart.o
                0x080005c8                MX_USART2_UART_Init
 .text.HAL_UART_MspInit
                0x08000628       0x98 ./Core/Src/usart.o
                0x08000628                HAL_UART_MspInit
 .text.Reset_Handler
                0x080006c0       0x50 ./Core/Startup/startup_stm32f030r8tx.o
                0x080006c0                Reset_Handler
 .text.Default_Handler
                0x08000710        0x2 ./Core/Startup/startup_stm32f030r8tx.o
                0x08000710                TIM1_CC_IRQHandler
                0x08000710                TIM6_IRQHandler
                0x08000710                I2C1_IRQHandler
                0x08000710                SPI1_IRQHandler
                0x08000710                EXTI2_3_IRQHandler
                0x08000710                ADC1_IRQHandler
                0x08000710                I2C2_IRQHandler
                0x08000710                TIM17_IRQHandler
                0x08000710                RTC_IRQHandler
                0x08000710                TIM16_IRQHandler
                0x08000710                TIM3_IRQHandler
                0x08000710                RCC_IRQHandler
                0x08000710                DMA1_Channel1_IRQHandler
                0x08000710                Default_Handler
                0x08000710                TIM14_IRQHandler
                0x08000710                DMA1_Channel4_5_IRQHandler
                0x08000710                TIM15_IRQHandler
                0x08000710                EXTI0_1_IRQHandler
                0x08000710                SPI2_IRQHandler
                0x08000710                WWDG_IRQHandler
                0x08000710                DMA1_Channel2_3_IRQHandler
                0x08000710                USART2_IRQHandler
                0x08000710                FLASH_IRQHandler
                0x08000710                USART1_IRQHandler
                0x08000710                TIM1_BRK_UP_TRG_COM_IRQHandler
 *fill*         0x08000712        0x2 
 .text.HAL_Init
                0x08000714       0x28 ./Drivers/STM32F0xx_HAL_Driver/Src/stm32f0xx_hal.o
                0x08000714                HAL_Init
 .text.HAL_InitTick
                0x0800073c       0x68 ./Drivers/STM32F0xx_HAL_Driver/Src/stm32f0xx_hal.o
                0x0800073c                HAL_InitTick
 .text.HAL_IncTick
                0x080007a4       0x24 ./Drivers/STM32F0xx_HAL_Driver/Src/stm32f0xx_hal.o
                0x080007a4                HAL_IncTick
 .text.HAL_GetTick
                0x080007c8       0x14 ./Drivers/STM32F0xx_HAL_Driver/Src/stm32f0xx_hal.o
                0x080007c8                HAL_GetTick
 .text.HAL_Delay
                0x080007dc       0x48 ./Drivers/STM32F0xx_HAL_Driver/Src/stm32f0xx_hal.o
                0x080007dc                HAL_Delay
 .text.__NVIC_EnableIRQ
                0x08000824       0x34 ./Drivers/STM32F0xx_HAL_Driver/Src/stm32f0xx_hal_cortex.o
 .text.__NVIC_SetPriority
                0x08000858       0xdc ./Drivers/STM32F0xx_HAL_Driver/Src/stm32f0xx_hal_cortex.o
 .text.SysTick_Config
                0x08000934       0x48 ./Drivers/STM32F0xx_HAL_Driver/Src/stm32f0xx_hal_cortex.o
 .text.HAL_NVIC_SetPriority
                0x0800097c       0x2a ./Drivers/STM32F0xx_HAL_Driver/Src/stm32f0xx_hal_cortex.o
                0x0800097c                HAL_NVIC_SetPriority
 .text.HAL_NVIC_EnableIRQ
                0x080009a6       0x20 ./Drivers/STM32F0xx_HAL_Driver/Src/stm32f0xx_hal_cortex.o
                0x080009a6                HAL_NVIC_EnableIRQ
 .text.HAL_SYSTICK_Config
                0x080009c6       0x1a ./Drivers/STM32F0xx_HAL_Driver/Src/stm32f0xx_hal_cortex.o
                0x080009c6                HAL_SYSTICK_Config
 .text.HAL_GPIO_Init
                0x080009e0      0x2e0 ./Drivers/STM32F0xx_HAL_Driver/Src/stm32f0xx_hal_gpio.o
                0x080009e0                HAL_GPIO_Init
 .text.HAL_GPIO_WritePin
                0x08000cc0       0x3a ./Drivers/STM32F0xx_HAL_Driver/Src/stm32f0xx_hal_gpio.o
                0x08000cc0                HAL_GPIO_WritePin
 *fill*         0x08000cfa        0x2 
 .text.HAL_GPIO_EXTI_IRQHandler
                0x08000cfc       0x38 ./Drivers/STM32F0xx_HAL_Driver/Src/stm32f0xx_hal_gpio.o
                0x08000cfc                HAL_GPIO_EXTI_IRQHandler
 .text.HAL_RCC_OscConfig
                0x08000d34      0x634 ./Drivers/STM32F0xx_HAL_Driver/Src/stm32f0xx_hal_rcc.o
                0x08000d34                HAL_RCC_OscConfig
 .text.HAL_RCC_ClockConfig
                0x08001368      0x19c ./Drivers/STM32F0xx_HAL_Driver/Src/stm32f0xx_hal_rcc.o
                0x08001368                HAL_RCC_ClockConfig
 .text.HAL_RCC_GetSysClockFreq
                0x08001504       0xac ./Drivers/STM32F0xx_HAL_Driver/Src/stm32f0xx_hal_rcc.o
                0x08001504                HAL_RCC_GetSysClockFreq
 .text.HAL_RCC_GetHCLKFreq
                0x080015b0       0x14 ./Drivers/STM32F0xx_HAL_Driver/Src/stm32f0xx_hal_rcc.o
                0x080015b0                HAL_RCC_GetHCLKFreq
 .text.HAL_RCC_GetPCLK1Freq
                0x080015c4       0x2c ./Drivers/STM32F0xx_HAL_Driver/Src/stm32f0xx_hal_rcc.o
                0x080015c4                HAL_RCC_GetPCLK1Freq
 .text.HAL_UART_Init
                0x080015f0       0xa8 ./Drivers/STM32F0xx_HAL_Driver/Src/stm32f0xx_hal_uart.o
                0x080015f0                HAL_UART_Init
 .text.UART_SetConfig
                0x08001698      0x280 ./Drivers/STM32F0xx_HAL_Driver/Src/stm32f0xx_hal_uart.o
                0x08001698                UART_SetConfig
 .text.UART_AdvFeatureConfig
                0x08001918      0x168 ./Drivers/STM32F0xx_HAL_Driver/Src/stm32f0xx_hal_uart.o
                0x08001918                UART_AdvFeatureConfig
 .text.UART_CheckIdleState
                0x08001a80      0x150 ./Drivers/STM32F0xx_HAL_Driver/Src/stm32f0xx_hal_uart.o
                0x08001a80                UART_CheckIdleState
 .text.UART_WaitOnFlagUntilTimeout
                0x08001bd0       0xde ./Drivers/STM32F0xx_HAL_Driver/Src/stm32f0xx_hal_uart.o
                0x08001bd0                UART_WaitOnFlagUntilTimeout
 *fill*         0x08001cae        0x2 
 .text.UART_EndRxTransfer
                0x08001cb0       0xc8 ./Drivers/STM32F0xx_HAL_Driver/Src/stm32f0xx_hal_uart.o
 .text.memset   0x08001d78       0x10 /opt/st/stm32cubeide_1.17.0/plugins/com.st.stm32cube.ide.mcu.externaltools.gnu-tools-for-stm32.12.3.rel1.linux64_1.1.0.202410170702/tools/bin/../lib/gcc/arm-none-eabi/12.3.1/../../../../arm-none-eabi/lib/thumb/v6-m/nofp/libc_nano.a(libc_a-memset.o)
                0x08001d78                memset
 .text.__libc_init_array
                0x08001d88       0x48 /opt/st/stm32cubeide_1.17.0/plugins/com.st.stm32cube.ide.mcu.externaltools.gnu-tools-for-stm32.12.3.rel1.linux64_1.1.0.202410170702/tools/bin/../lib/gcc/arm-none-eabi/12.3.1/../../../../arm-none-eabi/lib/thumb/v6-m/nofp/libc_nano.a(libc_a-init.o)
                0x08001d88                __libc_init_array
 *(.glue_7)
 .glue_7        0x08001dd0        0x0 linker stubs
 *(.glue_7t)
 .glue_7t       0x08001dd0        0x0 linker stubs
 *(.eh_frame)
 .eh_frame      0x08001dd0        0x0 /opt/st/stm32cubeide_1.17.0/plugins/com.st.stm32cube.ide.mcu.externaltools.gnu-tools-for-stm32.12.3.rel1.linux64_1.1.0.202410170702/tools/bin/../lib/gcc/arm-none-eabi/12.3.1/thumb/v6-m/nofp/crtbegin.o
 *(.init)
 .init          0x08001dd0        0x4 /opt/st/stm32cubeide_1.17.0/plugins/com.st.stm32cube.ide.mcu.externaltools.gnu-tools-for-stm32.12.3.rel1.linux64_1.1.0.202410170702/tools/bin/../lib/gcc/arm-none-eabi/12.3.1/thumb/v6-m/nofp/crti.o
                0x08001dd0                _init
 .init          0x08001dd4        0x8 /opt/st/stm32cubeide_1.17.0/plugins/com.st.stm32cube.ide.mcu.externaltools.gnu-tools-for-stm32.12.3.rel1.linux64_1.1.0.202410170702/tools/bin/../lib/gcc/arm-none-eabi/12.3.1/thumb/v6-m/nofp/crtn.o
 *(.fini)
 .fini          0x08001ddc        0x4 /opt/st/stm32cubeide_1.17.0/plugins/com.st.stm32cube.ide.mcu.externaltools.gnu-tools-for-stm32.12.3.rel1.linux64_1.1.0.202410170702/tools/bin/../lib/gcc/arm-none-eabi/12.3.1/thumb/v6-m/nofp/crti.o
                0x08001ddc                _fini
 .fini          0x08001de0        0x8 /opt/st/stm32cubeide_1.17.0/plugins/com.st.stm32cube.ide.mcu.externaltools.gnu-tools-for-stm32.12.3.rel1.linux64_1.1.0.202410170702/tools/bin/../lib/gcc/arm-none-eabi/12.3.1/thumb/v6-m/nofp/crtn.o
                0x08001de8                        . = ALIGN (0x4)
                0x08001de8                        _etext = .

.vfp11_veneer   0x08001de8        0x0
 .vfp11_veneer  0x08001de8        0x0 linker stubs

.v4_bx          0x08001de8        0x0
 .v4_bx         0x08001de8        0x0 linker stubs

.iplt           0x08001de8        0x0
 .iplt          0x08001de8        0x0 /opt/st/stm32cubeide_1.17.0/plugins/com.st.stm32cube.ide.mcu.externaltools.gnu-tools-for-stm32.12.3.rel1.linux64_1.1.0.202410170702/tools/bin/../lib/gcc/arm-none-eabi/12.3.1/thumb/v6-m/nofp/crtbegin.o

.rodata         0x08001de8       0x60
                0x08001de8                        . = ALIGN (0x4)
 *(.rodata)
 *(.rodata*)
 .rodata.main   0x08001de8       0x28 ./Core/Src/main.o
 .rodata.AHBPrescTable
                0x08001e10       0x10 ./Core/Src/system_stm32f0xx.o
                0x08001e10                AHBPrescTable
 .rodata.APBPrescTable
                0x08001e20        0x8 ./Core/Src/system_stm32f0xx.o
                0x08001e20                APBPrescTable
 .rodata.aPLLMULFactorTable.1
                0x08001e28       0x10 ./Drivers/STM32F0xx_HAL_Driver/Src/stm32f0xx_hal_rcc.o
 .rodata.aPredivFactorTable.0
                0x08001e38       0x10 ./Drivers/STM32F0xx_HAL_Driver/Src/stm32f0xx_hal_rcc.o
                0x08001e48                        . = ALIGN (0x4)

.ARM.extab      0x08001e48        0x0
                0x08001e48                        . = ALIGN (0x4)
 *(.ARM.extab* .gnu.linkonce.armextab.*)
                0x08001e48                        . = ALIGN (0x4)

.ARM            0x08001e48        0x0
                0x08001e48                        . = ALIGN (0x4)
                0x08001e48                        __exidx_start = .
 *(.ARM.exidx*)
                0x08001e48                        __exidx_end = .
                0x08001e48                        . = ALIGN (0x4)

.preinit_array  0x08001e48        0x0
                0x08001e48                        . = ALIGN (0x4)
                0x08001e48                        PROVIDE (__preinit_array_start = .)
 *(.preinit_array*)
                0x08001e48                        PROVIDE (__preinit_array_end = .)
                0x08001e48                        . = ALIGN (0x4)

.init_array     0x08001e48        0x4
                0x08001e48                        . = ALIGN (0x4)
                0x08001e48                        PROVIDE (__init_array_start = .)
 *(SORT_BY_NAME(.init_array.*))
 *(.init_array*)
 .init_array    0x08001e48        0x4 /opt/st/stm32cubeide_1.17.0/plugins/com.st.stm32cube.ide.mcu.externaltools.gnu-tools-for-stm32.12.3.rel1.linux64_1.1.0.202410170702/tools/bin/../lib/gcc/arm-none-eabi/12.3.1/thumb/v6-m/nofp/crtbegin.o
                0x08001e4c                        PROVIDE (__init_array_end = .)
                0x08001e4c                        . = ALIGN (0x4)

.fini_array     0x08001e4c        0x4
                0x08001e4c                        . = ALIGN (0x4)
                [!provide]                        PROVIDE (__fini_array_start = .)
 *(SORT_BY_NAME(.fini_array.*))
 *(.fini_array*)
 .fini_array    0x08001e4c        0x4 /opt/st/stm32cubeide_1.17.0/plugins/com.st.stm32cube.ide.mcu.externaltools.gnu-tools-for-stm32.12.3.rel1.linux64_1.1.0.202410170702/tools/bin/../lib/gcc/arm-none-eabi/12.3.1/thumb/v6-m/nofp/crtbegin.o
                [!provide]                        PROVIDE (__fini_array_end = .)
                0x08001e50                        . = ALIGN (0x4)
                0x08001e50                        _sidata = LOADADDR (.data)

.rel.dyn        0x08001e50        0x0
 .rel.iplt      0x08001e50        0x0 /opt/st/stm32cubeide_1.17.0/plugins/com.st.stm32cube.ide.mcu.externaltools.gnu-tools-for-stm32.12.3.rel1.linux64_1.1.0.202410170702/tools/bin/../lib/gcc/arm-none-eabi/12.3.1/thumb/v6-m/nofp/crtbegin.o

.data           0x20000000       0x64 load address 0x08001e50
                0x20000000                        . = ALIGN (0x4)
                0x20000000                        _sdata = .
 *(.data)
 *(.data*)
 .data.pCount   0x20000000        0x4 ./Core/Src/gpio.o
                0x20000000                pCount
 .data.MORSE_D  0x20000004        0xc ./Core/Src/main.o
                0x20000004                MORSE_D
 .data.MORSE_E  0x20000010        0x4 ./Core/Src/main.o
                0x20000010                MORSE_E
 .data.MORSE_H  0x20000014       0x10 ./Core/Src/main.o
                0x20000014                MORSE_H
 .data.MORSE_L  0x20000024       0x10 ./Core/Src/main.o
                0x20000024                MORSE_L
 .data.MORSE_O  0x20000034        0xc ./Core/Src/main.o
                0x20000034                MORSE_O
 .data.MORSE_R  0x20000040        0xc ./Core/Src/main.o
                0x20000040                MORSE_R
 .data.MORSE_W  0x2000004c        0xc ./Core/Src/main.o
                0x2000004c                MORSE_W
 .data.SystemCoreClock
                0x20000058        0x4 ./Core/Src/system_stm32f0xx.o
                0x20000058                SystemCoreClock
 .data.uwTickPrio
                0x2000005c        0x4 ./Drivers/STM32F0xx_HAL_Driver/Src/stm32f0xx_hal.o
                0x2000005c                uwTickPrio
 .data.uwTickFreq
                0x20000060        0x1 ./Drivers/STM32F0xx_HAL_Driver/Src/stm32f0xx_hal.o
                0x20000060                uwTickFreq
 *(.RamFunc)
 *(.RamFunc*)
                0x20000064                        . = ALIGN (0x4)
 *fill*         0x20000061        0x3 
                0x20000064                        _edata = .

.igot.plt       0x20000064        0x0 load address 0x08001eb4
 .igot.plt      0x20000064        0x0 /opt/st/stm32cubeide_1.17.0/plugins/com.st.stm32cube.ide.mcu.externaltools.gnu-tools-for-stm32.12.3.rel1.linux64_1.1.0.202410170702/tools/bin/../lib/gcc/arm-none-eabi/12.3.1/thumb/v6-m/nofp/crtbegin.o
                0x20000064                        . = ALIGN (0x4)

.bss            0x20000064       0xac load address 0x08001eb4
                0x20000064                        _sbss = .
                0x20000064                        __bss_start__ = _sbss
 *(.bss)
 .bss           0x20000064       0x1c /opt/st/stm32cubeide_1.17.0/plugins/com.st.stm32cube.ide.mcu.externaltools.gnu-tools-for-stm32.12.3.rel1.linux64_1.1.0.202410170702/tools/bin/../lib/gcc/arm-none-eabi/12.3.1/thumb/v6-m/nofp/crtbegin.o
 *(.bss*)
 .bss.count     0x20000080        0x4 ./Core/Src/gpio.o
                0x20000080                count
 .bss.huart2    0x20000084       0x88 ./Core/Src/usart.o
                0x20000084                huart2
 .bss.uwTick    0x2000010c        0x4 ./Drivers/STM32F0xx_HAL_Driver/Src/stm32f0xx_hal.o
                0x2000010c                uwTick
 *(COMMON)
                0x20000110                        . = ALIGN (0x4)
                0x20000110                        _ebss = .
                0x20000110                        __bss_end__ = _ebss

._user_heap_stack
                0x20000110      0x600 load address 0x08001eb4
                0x20000110                        . = ALIGN (0x8)
                [!provide]                        PROVIDE (end = .)
                0x20000110                        PROVIDE (_end = .)
                0x20000310                        . = (. + _Min_Heap_Size)
 *fill*         0x20000110      0x200 
                0x20000710                        . = (. + _Min_Stack_Size)
 *fill*         0x20000310      0x400 
                0x20000710                        . = ALIGN (0x8)

/DISCARD/
 libc.a(*)
 libm.a(*)
 libgcc.a(*)

.ARM.attributes
                0x00000000       0x28
 *(.ARM.attributes)
 .ARM.attributes
                0x00000000       0x1e /opt/st/stm32cubeide_1.17.0/plugins/com.st.stm32cube.ide.mcu.externaltools.gnu-tools-for-stm32.12.3.rel1.linux64_1.1.0.202410170702/tools/bin/../lib/gcc/arm-none-eabi/12.3.1/thumb/v6-m/nofp/crti.o
 .ARM.attributes
                0x0000001e       0x2c /opt/st/stm32cubeide_1.17.0/plugins/com.st.stm32cube.ide.mcu.externaltools.gnu-tools-for-stm32.12.3.rel1.linux64_1.1.0.202410170702/tools/bin/../lib/gcc/arm-none-eabi/12.3.1/thumb/v6-m/nofp/crtbegin.o
 .ARM.attributes
                0x0000004a       0x2c ./Core/Src/gpio.o
 .ARM.attributes
                0x00000076       0x2c ./Core/Src/main.o
 .ARM.attributes
                0x000000a2       0x2c ./Core/Src/stm32f0xx_hal_msp.o
 .ARM.attributes
                0x000000ce       0x2c ./Core/Src/stm32f0xx_it.o
 .ARM.attributes
                0x000000fa       0x2c ./Core/Src/system_stm32f0xx.o
 .ARM.attributes
                0x00000126       0x2c ./Core/Src/usart.o
 .ARM.attributes
                0x00000152       0x21 ./Core/Startup/startup_stm32f030r8tx.o
 .ARM.attributes
                0x00000173       0x2c ./Drivers/STM32F0xx_HAL_Driver/Src/stm32f0xx_hal.o
 .ARM.attributes
                0x0000019f       0x2c ./Drivers/STM32F0xx_HAL_Driver/Src/stm32f0xx_hal_cortex.o
 .ARM.attributes
                0x000001cb       0x2c ./Drivers/STM32F0xx_HAL_Driver/Src/stm32f0xx_hal_gpio.o
 .ARM.attributes
                0x000001f7       0x2c ./Drivers/STM32F0xx_HAL_Driver/Src/stm32f0xx_hal_rcc.o
 .ARM.attributes
                0x00000223       0x2c ./Drivers/STM32F0xx_HAL_Driver/Src/stm32f0xx_hal_uart.o
 .ARM.attributes
                0x0000024f       0x2c /opt/st/stm32cubeide_1.17.0/plugins/com.st.stm32cube.ide.mcu.externaltools.gnu-tools-for-stm32.12.3.rel1.linux64_1.1.0.202410170702/tools/bin/../lib/gcc/arm-none-eabi/12.3.1/../../../../arm-none-eabi/lib/thumb/v6-m/nofp/libc_nano.a(libc_a-memset.o)
 .ARM.attributes
                0x0000027b       0x2c /opt/st/stm32cubeide_1.17.0/plugins/com.st.stm32cube.ide.mcu.externaltools.gnu-tools-for-stm32.12.3.rel1.linux64_1.1.0.202410170702/tools/bin/../lib/gcc/arm-none-eabi/12.3.1/../../../../arm-none-eabi/lib/thumb/v6-m/nofp/libc_nano.a(libc_a-init.o)
 .ARM.attributes
                0x000002a7       0x1e /opt/st/stm32cubeide_1.17.0/plugins/com.st.stm32cube.ide.mcu.externaltools.gnu-tools-for-stm32.12.3.rel1.linux64_1.1.0.202410170702/tools/bin/../lib/gcc/arm-none-eabi/12.3.1/thumb/v6-m/nofp/libgcc.a(_udivsi3.o)
 .ARM.attributes
                0x000002c5       0x1e /opt/st/stm32cubeide_1.17.0/plugins/com.st.stm32cube.ide.mcu.externaltools.gnu-tools-for-stm32.12.3.rel1.linux64_1.1.0.202410170702/tools/bin/../lib/gcc/arm-none-eabi/12.3.1/thumb/v6-m/nofp/libgcc.a(_dvmd_tls.o)
 .ARM.attributes
                0x000002e3       0x1e /opt/st/stm32cubeide_1.17.0/plugins/com.st.stm32cube.ide.mcu.externaltools.gnu-tools-for-stm32.12.3.rel1.linux64_1.1.0.202410170702/tools/bin/../lib/gcc/arm-none-eabi/12.3.1/thumb/v6-m/nofp/crtn.o
OUTPUT(problem_04.elf elf32-littlearm)
LOAD linker stubs
LOAD /opt/st/stm32cubeide_1.17.0/plugins/com.st.stm32cube.ide.mcu.externaltools.gnu-tools-for-stm32.12.3.rel1.linux64_1.1.0.202410170702/tools/bin/../lib/gcc/arm-none-eabi/12.3.1/../../../../arm-none-eabi/lib/thumb/v6-m/nofp/libc.a
LOAD /opt/st/stm32cubeide_1.17.0/plugins/com.st.stm32cube.ide.mcu.externaltools.gnu-tools-for-stm32.12.3.rel1.linux64_1.1.0.202410170702/tools/bin/../lib/gcc/arm-none-eabi/12.3.1/../../../../arm-none-eabi/lib/thumb/v6-m/nofp/libm.a
LOAD /opt/st/stm32cubeide_1.17.0/plugins/com.st.stm32cube.ide.mcu.externaltools.gnu-tools-for-stm32.12.3.rel1.linux64_1.1.0.202410170702/tools/bin/../lib/gcc/arm-none-eabi/12.3.1/thumb/v6-m/nofp/libgcc.a

.debug_info     0x00000000     0x6f38
 .debug_info    0x00000000      0x4ef ./Core/Src/gpio.o
 .debug_info    0x000004ef      0x6c8 ./Core/Src/main.o
 .debug_info    0x00000bb7      0x199 ./Core/Src/stm32f0xx_hal_msp.o
 .debug_info    0x00000d50      0x10c ./Core/Src/stm32f0xx_it.o
 .debug_info    0x00000e5c      0x242 ./Core/Src/system_stm32f0xx.o
 .debug_info    0x0000109e      0x92e ./Core/Src/usart.o
 .debug_info    0x000019cc       0x30 ./Core/Startup/startup_stm32f030r8tx.o
 .debug_info    0x000019fc      0x670 ./Drivers/STM32F0xx_HAL_Driver/Src/stm32f0xx_hal.o
 .debug_info    0x0000206c      0x69b ./Drivers/STM32F0xx_HAL_Driver/Src/stm32f0xx_hal_cortex.o
 .debug_info    0x00002707      0x5c3 ./Drivers/STM32F0xx_HAL_Driver/Src/stm32f0xx_hal_gpio.o
 .debug_info    0x00002cca      0x844 ./Drivers/STM32F0xx_HAL_Driver/Src/stm32f0xx_hal_rcc.o
 .debug_info    0x0000350e     0x3a2a ./Drivers/STM32F0xx_HAL_Driver/Src/stm32f0xx_hal_uart.o

.debug_abbrev   0x00000000     0x1483
 .debug_abbrev  0x00000000      0x1d0 ./Core/Src/gpio.o
 .debug_abbrev  0x000001d0      0x221 ./Core/Src/main.o
 .debug_abbrev  0x000003f1       0xc6 ./Core/Src/stm32f0xx_hal_msp.o
 .debug_abbrev  0x000004b7       0xa0 ./Core/Src/stm32f0xx_it.o
 .debug_abbrev  0x00000557      0x11c ./Core/Src/system_stm32f0xx.o
 .debug_abbrev  0x00000673      0x1f6 ./Core/Src/usart.o
 .debug_abbrev  0x00000869       0x24 ./Core/Startup/startup_stm32f030r8tx.o
 .debug_abbrev  0x0000088d      0x24b ./Drivers/STM32F0xx_HAL_Driver/Src/stm32f0xx_hal.o
 .debug_abbrev  0x00000ad8      0x28c ./Drivers/STM32F0xx_HAL_Driver/Src/stm32f0xx_hal_cortex.o
 .debug_abbrev  0x00000d64      0x1c8 ./Drivers/STM32F0xx_HAL_Driver/Src/stm32f0xx_hal_gpio.o
 .debug_abbrev  0x00000f2c      0x28b ./Drivers/STM32F0xx_HAL_Driver/Src/stm32f0xx_hal_rcc.o
 .debug_abbrev  0x000011b7      0x2cc ./Drivers/STM32F0xx_HAL_Driver/Src/stm32f0xx_hal_uart.o

.debug_aranges  0x00000000      0x5c8
 .debug_aranges
                0x00000000       0x28 ./Core/Src/gpio.o
 .debug_aranges
                0x00000028       0x38 ./Core/Src/main.o
 .debug_aranges
                0x00000060       0x20 ./Core/Src/stm32f0xx_hal_msp.o
 .debug_aranges
                0x00000080       0x48 ./Core/Src/stm32f0xx_it.o
 .debug_aranges
                0x000000c8       0x28 ./Core/Src/system_stm32f0xx.o
 .debug_aranges
                0x000000f0       0x30 ./Core/Src/usart.o
 .debug_aranges
                0x00000120       0x28 ./Core/Startup/startup_stm32f030r8tx.o
 .debug_aranges
                0x00000148       0xd0 ./Drivers/STM32F0xx_HAL_Driver/Src/stm32f0xx_hal.o
 .debug_aranges
                0x00000218       0xc0 ./Drivers/STM32F0xx_HAL_Driver/Src/stm32f0xx_hal_cortex.o
 .debug_aranges
                0x000002d8       0x58 ./Drivers/STM32F0xx_HAL_Driver/Src/stm32f0xx_hal_gpio.o
 .debug_aranges
                0x00000330       0x80 ./Drivers/STM32F0xx_HAL_Driver/Src/stm32f0xx_hal_rcc.o
 .debug_aranges
                0x000003b0      0x218 ./Drivers/STM32F0xx_HAL_Driver/Src/stm32f0xx_hal_uart.o

.debug_rnglists
                0x00000000      0x468
 .debug_rnglists
                0x00000000       0x1a ./Core/Src/gpio.o
 .debug_rnglists
                0x0000001a       0x27 ./Core/Src/main.o
 .debug_rnglists
                0x00000041       0x13 ./Core/Src/stm32f0xx_hal_msp.o
 .debug_rnglists
                0x00000054       0x31 ./Core/Src/stm32f0xx_it.o
 .debug_rnglists
                0x00000085       0x1a ./Core/Src/system_stm32f0xx.o
 .debug_rnglists
                0x0000009f       0x20 ./Core/Src/usart.o
 .debug_rnglists
                0x000000bf       0x19 ./Core/Startup/startup_stm32f030r8tx.o
 .debug_rnglists
                0x000000d8       0x97 ./Drivers/STM32F0xx_HAL_Driver/Src/stm32f0xx_hal.o
 .debug_rnglists
                0x0000016f       0x8c ./Drivers/STM32F0xx_HAL_Driver/Src/stm32f0xx_hal_cortex.o
 .debug_rnglists
                0x000001fb       0x3f ./Drivers/STM32F0xx_HAL_Driver/Src/stm32f0xx_hal_gpio.o
 .debug_rnglists
                0x0000023a       0x60 ./Drivers/STM32F0xx_HAL_Driver/Src/stm32f0xx_hal_rcc.o
 .debug_rnglists
                0x0000029a      0x1ce ./Drivers/STM32F0xx_HAL_Driver/Src/stm32f0xx_hal_uart.o

.debug_macro    0x00000000     0xed0e
 .debug_macro   0x00000000      0x1d5 ./Core/Src/gpio.o
 .debug_macro   0x000001d5      0xa8a ./Core/Src/gpio.o
 .debug_macro   0x00000c5f      0x12d ./Core/Src/gpio.o
 .debug_macro   0x00000d8c       0x2e ./Core/Src/gpio.o
 .debug_macro   0x00000dba       0x22 ./Core/Src/gpio.o
 .debug_macro   0x00000ddc       0x22 ./Core/Src/gpio.o
 .debug_macro   0x00000dfe       0x8e ./Core/Src/gpio.o
 .debug_macro   0x00000e8c       0x51 ./Core/Src/gpio.o
 .debug_macro   0x00000edd      0x103 ./Core/Src/gpio.o
 .debug_macro   0x00000fe0       0x6a ./Core/Src/gpio.o
 .debug_macro   0x0000104a      0x1df ./Core/Src/gpio.o
 .debug_macro   0x00001229       0x1c ./Core/Src/gpio.o
 .debug_macro   0x00001245       0x22 ./Core/Src/gpio.o
 .debug_macro   0x00001267       0xaf ./Core/Src/gpio.o
 .debug_macro   0x00001316      0x391 ./Core/Src/gpio.o
 .debug_macro   0x000016a7     0x6f47 ./Core/Src/gpio.o
 .debug_macro   0x000085ee       0x66 ./Core/Src/gpio.o
 .debug_macro   0x00008654     0x34da ./Core/Src/gpio.o
 .debug_macro   0x0000bb2e      0x189 ./Core/Src/gpio.o
 .debug_macro   0x0000bcb7       0x55 ./Core/Src/gpio.o
 .debug_macro   0x0000bd0c      0x924 ./Core/Src/gpio.o
 .debug_macro   0x0000c630      0x17f ./Core/Src/gpio.o
 .debug_macro   0x0000c7af      0x1ae ./Core/Src/gpio.o
 .debug_macro   0x0000c95d       0xd8 ./Core/Src/gpio.o
 .debug_macro   0x0000ca35      0x1a0 ./Core/Src/gpio.o
 .debug_macro   0x0000cbd5      0x1ed ./Core/Src/gpio.o
 .debug_macro   0x0000cdc2       0x34 ./Core/Src/gpio.o
 .debug_macro   0x0000cdf6       0x43 ./Core/Src/gpio.o
 .debug_macro   0x0000ce39       0x28 ./Core/Src/gpio.o
 .debug_macro   0x0000ce61       0xb0 ./Core/Src/gpio.o
 .debug_macro   0x0000cf11      0x199 ./Core/Src/gpio.o
 .debug_macro   0x0000d0aa      0x22c ./Core/Src/gpio.o
 .debug_macro   0x0000d2d6       0x61 ./Core/Src/gpio.o
 .debug_macro   0x0000d337       0xa5 ./Core/Src/gpio.o
 .debug_macro   0x0000d3dc       0x4c ./Core/Src/gpio.o
 .debug_macro   0x0000d428       0x2b ./Core/Src/gpio.o
 .debug_macro   0x0000d453      0x56d ./Core/Src/gpio.o
 .debug_macro   0x0000d9c0       0x3e ./Core/Src/gpio.o
 .debug_macro   0x0000d9fe       0xff ./Core/Src/gpio.o
 .debug_macro   0x0000dafd       0x52 ./Core/Src/gpio.o
 .debug_macro   0x0000db4f       0x22 ./Core/Src/gpio.o
 .debug_macro   0x0000db71      0x1ed ./Core/Src/main.o
 .debug_macro   0x0000dd5e      0x1bc ./Core/Src/stm32f0xx_hal_msp.o
 .debug_macro   0x0000df1a      0x1c6 ./Core/Src/stm32f0xx_it.o
 .debug_macro   0x0000e0e0      0x1ad ./Core/Src/system_stm32f0xx.o
 .debug_macro   0x0000e28d      0x1c6 ./Core/Src/usart.o
 .debug_macro   0x0000e453      0x1d1 ./Drivers/STM32F0xx_HAL_Driver/Src/stm32f0xx_hal.o
 .debug_macro   0x0000e624      0x1ad ./Drivers/STM32F0xx_HAL_Driver/Src/stm32f0xx_hal_cortex.o
 .debug_macro   0x0000e7d1      0x1b4 ./Drivers/STM32F0xx_HAL_Driver/Src/stm32f0xx_hal_gpio.o
 .debug_macro   0x0000e985      0x1bf ./Drivers/STM32F0xx_HAL_Driver/Src/stm32f0xx_hal_rcc.o
 .debug_macro   0x0000eb44      0x1ca ./Drivers/STM32F0xx_HAL_Driver/Src/stm32f0xx_hal_uart.o

.debug_line     0x00000000     0x7ed5
 .debug_line    0x00000000      0x6c8 ./Core/Src/gpio.o
 .debug_line    0x000006c8      0x78f ./Core/Src/main.o
 .debug_line    0x00000e57      0x676 ./Core/Src/stm32f0xx_hal_msp.o
 .debug_line    0x000014cd      0x6f3 ./Core/Src/stm32f0xx_it.o
 .debug_line    0x00001bc0      0x6e6 ./Core/Src/system_stm32f0xx.o
 .debug_line    0x000022a6      0x6e6 ./Core/Src/usart.o
 .debug_line    0x0000298c       0x7b ./Core/Startup/startup_stm32f030r8tx.o
 .debug_line    0x00002a07      0x8f1 ./Drivers/STM32F0xx_HAL_Driver/Src/stm32f0xx_hal.o
 .debug_line    0x000032f8      0x99d ./Drivers/STM32F0xx_HAL_Driver/Src/stm32f0xx_hal_cortex.o
 .debug_line    0x00003c95      0xa8a ./Drivers/STM32F0xx_HAL_Driver/Src/stm32f0xx_hal_gpio.o
 .debug_line    0x0000471f      0xcd6 ./Drivers/STM32F0xx_HAL_Driver/Src/stm32f0xx_hal_rcc.o
 .debug_line    0x000053f5     0x2ae0 ./Drivers/STM32F0xx_HAL_Driver/Src/stm32f0xx_hal_uart.o

.debug_str      0x00000000    0x591e1
 .debug_str     0x00000000    0x577d2 ./Core/Src/gpio.o
                              0x57ab4 (size before relaxing)
 .debug_str     0x000577d2      0x390 ./Core/Src/main.o
                              0x57b9c (size before relaxing)
 .debug_str     0x00057b62       0x2c ./Core/Src/stm32f0xx_hal_msp.o
                              0x57785 (size before relaxing)
 .debug_str     0x00057b8e       0xaf ./Core/Src/stm32f0xx_it.o
                              0x577ae (size before relaxing)
 .debug_str     0x00057c3d       0x95 ./Core/Src/system_stm32f0xx.o
                              0x576cb (size before relaxing)
 .debug_str     0x00057cd2      0x434 ./Core/Src/usart.o
                              0x57cd8 (size before relaxing)
 .debug_str     0x00058106       0x44 ./Core/Startup/startup_stm32f030r8tx.o
                                 0xa2 (size before relaxing)
 .debug_str     0x0005814a      0x37a ./Drivers/STM32F0xx_HAL_Driver/Src/stm32f0xx_hal.o
                              0x57c5f (size before relaxing)
 .debug_str     0x000584c4      0x1ab ./Drivers/STM32F0xx_HAL_Driver/Src/stm32f0xx_hal_cortex.o
                              0x57a50 (size before relaxing)
 .debug_str     0x0005866f       0xbd ./Drivers/STM32F0xx_HAL_Driver/Src/stm32f0xx_hal_gpio.o
                              0x5786c (size before relaxing)
 .debug_str     0x0005872c      0x21a ./Drivers/STM32F0xx_HAL_Driver/Src/stm32f0xx_hal_rcc.o
                              0x57b07 (size before relaxing)
 .debug_str     0x00058946      0x89b ./Drivers/STM32F0xx_HAL_Driver/Src/stm32f0xx_hal_uart.o
                              0x583e4 (size before relaxing)

.comment        0x00000000       0x43
 .comment       0x00000000       0x43 ./Core/Src/gpio.o
                                 0x44 (size before relaxing)
 .comment       0x00000043       0x44 ./Core/Src/main.o
 .comment       0x00000043       0x44 ./Core/Src/stm32f0xx_hal_msp.o
 .comment       0x00000043       0x44 ./Core/Src/stm32f0xx_it.o
 .comment       0x00000043       0x44 ./Core/Src/system_stm32f0xx.o
 .comment       0x00000043       0x44 ./Core/Src/usart.o
 .comment       0x00000043       0x44 ./Drivers/STM32F0xx_HAL_Driver/Src/stm32f0xx_hal.o
 .comment       0x00000043       0x44 ./Drivers/STM32F0xx_HAL_Driver/Src/stm32f0xx_hal_cortex.o
 .comment       0x00000043       0x44 ./Drivers/STM32F0xx_HAL_Driver/Src/stm32f0xx_hal_gpio.o
 .comment       0x00000043       0x44 ./Drivers/STM32F0xx_HAL_Driver/Src/stm32f0xx_hal_rcc.o
 .comment       0x00000043       0x44 ./Drivers/STM32F0xx_HAL_Driver/Src/stm32f0xx_hal_uart.o

.debug_frame    0x00000000     0x12e0
 .debug_frame   0x00000000       0x50 ./Core/Src/gpio.o
 .debug_frame   0x00000050       0x88 ./Core/Src/main.o
 .debug_frame   0x000000d8       0x30 ./Core/Src/stm32f0xx_hal_msp.o
 .debug_frame   0x00000108       0xb8 ./Core/Src/stm32f0xx_it.o
 .debug_frame   0x000001c0       0x4c ./Core/Src/system_stm32f0xx.o
 .debug_frame   0x0000020c       0x6c ./Core/Src/usart.o
 .debug_frame   0x00000278      0x2a4 ./Drivers/STM32F0xx_HAL_Driver/Src/stm32f0xx_hal.o
 .debug_frame   0x0000051c      0x2a0 ./Drivers/STM32F0xx_HAL_Driver/Src/stm32f0xx_hal_cortex.o
 .debug_frame   0x000007bc      0x110 ./Drivers/STM32F0xx_HAL_Driver/Src/stm32f0xx_hal_gpio.o
 .debug_frame   0x000008cc      0x198 ./Drivers/STM32F0xx_HAL_Driver/Src/stm32f0xx_hal_rcc.o
 .debug_frame   0x00000a64      0x810 ./Drivers/STM32F0xx_HAL_Driver/Src/stm32f0xx_hal_uart.o
 .debug_frame   0x00001274       0x20 /opt/st/stm32cubeide_1.17.0/plugins/com.st.stm32cube.ide.mcu.externaltools.gnu-tools-for-stm32.12.3.rel1.linux64_1.1.0.202410170702/tools/bin/../lib/gcc/arm-none-eabi/12.3.1/../../../../arm-none-eabi/lib/thumb/v6-m/nofp/libc_nano.a(libc_a-memset.o)
 .debug_frame   0x00001294       0x2c /opt/st/stm32cubeide_1.17.0/plugins/com.st.stm32cube.ide.mcu.externaltools.gnu-tools-for-stm32.12.3.rel1.linux64_1.1.0.202410170702/tools/bin/../lib/gcc/arm-none-eabi/12.3.1/../../../../arm-none-eabi/lib/thumb/v6-m/nofp/libc_nano.a(libc_a-init.o)
 .debug_frame   0x000012c0       0x20 /opt/st/stm32cubeide_1.17.0/plugins/com.st.stm32cube.ide.mcu.externaltools.gnu-tools-for-stm32.12.3.rel1.linux64_1.1.0.202410170702/tools/bin/../lib/gcc/arm-none-eabi/12.3.1/thumb/v6-m/nofp/libgcc.a(_udivsi3.o)

.debug_line_str
                0x00000000       0x86
 .debug_line_str
                0x00000000       0x86 ./Core/Startup/startup_stm32f030r8tx.o
